Component: ARM Compiler 5.06 update 1 (build 61) Tool: armlink [4d35a8]

==============================================================================

Section Cross References

    main.o(i.assert_nrf_callback) refers to app_error_handler_keil.o(.emb_text) for app_error_handler
    main.o(i.ble_evt_handler) refers to nrf_log_frontend.o(i.nrf_log_frontend_std_0) for nrf_log_frontend_std_0
    main.o(i.ble_evt_handler) refers to ble_nus_c.o(i.ble_nus_c_handles_assign) for ble_nus_c_handles_assign
    main.o(i.ble_evt_handler) refers to app_error.o(i.app_error_handler_bare) for app_error_handler_bare
    main.o(i.ble_evt_handler) refers to bsp.o(i.bsp_indication_set) for bsp_indication_set
    main.o(i.ble_evt_handler) refers to ble_db_discovery.o(i.ble_db_discovery_start) for ble_db_discovery_start
    main.o(i.ble_evt_handler) refers to nrf_log_frontend.o(i.nrf_log_frontend_std_2) for nrf_log_frontend_std_2
    main.o(i.ble_evt_handler) refers to nrf_log_frontend.o(log_const_data) for m_nrf_log_app_logs_data_const
    main.o(i.ble_evt_handler) refers to main.o(.bss) for .bss
    main.o(i.ble_evt_handler) refers to main.o(.data) for .data
    main.o(i.ble_nus_c_evt_handler) refers to nrf_log_frontend.o(i.nrf_log_frontend_std_0) for nrf_log_frontend_std_0
    main.o(i.ble_nus_c_evt_handler) refers to main.o(i.scan_start) for scan_start
    main.o(i.ble_nus_c_evt_handler) refers to ble_nus_c.o(i.ble_nus_c_handles_assign) for ble_nus_c_handles_assign
    main.o(i.ble_nus_c_evt_handler) refers to app_error.o(i.app_error_handler_bare) for app_error_handler_bare
    main.o(i.ble_nus_c_evt_handler) refers to ble_nus_c.o(i.ble_nus_c_tx_notif_enable) for ble_nus_c_tx_notif_enable
    main.o(i.ble_nus_c_evt_handler) refers to main.o(i.ble_nus_chars_received_uart_print) for ble_nus_chars_received_uart_print
    main.o(i.ble_nus_c_evt_handler) refers to nrf_log_frontend.o(log_const_data) for m_nrf_log_app_logs_data_const
    main.o(i.ble_nus_chars_received_uart_print) refers to app_uart_fifo.o(i.app_uart_put) for app_uart_put
    main.o(i.ble_nus_chars_received_uart_print) refers to nrf_log_frontend.o(i.nrf_log_frontend_std_1) for nrf_log_frontend_std_1
    main.o(i.ble_nus_chars_received_uart_print) refers to app_error.o(i.app_error_handler_bare) for app_error_handler_bare
    main.o(i.ble_nus_chars_received_uart_print) refers to ble_nus_c.o(i.ble_nus_c_string_send) for ble_nus_c_string_send
    main.o(i.ble_nus_chars_received_uart_print) refers to nrf_log_frontend.o(log_const_data) for m_nrf_log_app_logs_data_const
    main.o(i.ble_nus_chars_received_uart_print) refers to main.o(.bss) for .bss
    main.o(i.bsp_event_handler) refers to nrf_pwr_mgmt.o(i.nrf_pwr_mgmt_shutdown) for nrf_pwr_mgmt_shutdown
    main.o(i.bsp_event_handler) refers to app_error.o(i.app_error_handler_bare) for app_error_handler_bare
    main.o(i.bsp_event_handler) refers to main.o(.bss) for .bss
    main.o(i.db_disc_handler) refers to ble_nus_c.o(i.ble_nus_c_on_db_disc_evt) for ble_nus_c_on_db_disc_evt
    main.o(i.db_disc_handler) refers to main.o(.bss) for .bss
    main.o(i.gatt_evt_handler) refers to nrf_log_frontend.o(i.nrf_log_frontend_std_0) for nrf_log_frontend_std_0
    main.o(i.gatt_evt_handler) refers to nrf_log_frontend.o(i.nrf_log_frontend_std_2) for nrf_log_frontend_std_2
    main.o(i.gatt_evt_handler) refers to nrf_log_frontend.o(log_const_data) for m_nrf_log_app_logs_data_const
    main.o(i.gatt_evt_handler) refers to main.o(.data) for .data
    main.o(i.gatt_init) refers to nrf_ble_gatt.o(i.nrf_ble_gatt_init) for nrf_ble_gatt_init
    main.o(i.gatt_init) refers to app_error.o(i.app_error_handler_bare) for app_error_handler_bare
    main.o(i.gatt_init) refers to nrf_ble_gatt.o(i.nrf_ble_gatt_att_mtu_central_set) for nrf_ble_gatt_att_mtu_central_set
    main.o(i.gatt_init) refers to main.o(i.gatt_evt_handler) for gatt_evt_handler
    main.o(i.gatt_init) refers to main.o(.bss) for .bss
    main.o(i.main) refers to nrf_log_frontend.o(i.nrf_log_init) for nrf_log_init
    main.o(i.main) refers to app_error.o(i.app_error_handler_bare) for app_error_handler_bare
    main.o(i.main) refers to nrf_log_default_backends.o(i.nrf_log_default_backends_init) for nrf_log_default_backends_init
    main.o(i.main) refers to app_timer2.o(i.app_timer_init) for app_timer_init
    main.o(i.main) refers to memcpya.o(.text) for __aeabi_memcpy4
    main.o(i.main) refers to app_uart_fifo.o(i.app_uart_init) for app_uart_init
    main.o(i.main) refers to bsp.o(i.bsp_init) for bsp_init
    main.o(i.main) refers to bsp_btn_ble.o(i.bsp_btn_ble_init) for bsp_btn_ble_init
    main.o(i.main) refers to ble_db_discovery.o(i.ble_db_discovery_init) for ble_db_discovery_init
    main.o(i.main) refers to nrf_pwr_mgmt.o(i.nrf_pwr_mgmt_init) for nrf_pwr_mgmt_init
    main.o(i.main) refers to nrf_sdh.o(i.nrf_sdh_enable_request) for nrf_sdh_enable_request
    main.o(i.main) refers to nrf_sdh_ble.o(i.nrf_sdh_ble_default_cfg_set) for nrf_sdh_ble_default_cfg_set
[...]
    .bss                                     0x200037a8   Section       16  app_timer2.o(.bss)
    m_req_fifo_inst                          0x200037a8   Data          16  app_timer2.o(.bss)
    .bss                                     0x200037b8   Section       88  app_timer2.o(.bss)
    m_req_fifo_data                          0x200037b8   Data          88  app_timer2.o(.bss)
    .bss                                     0x20003810   Section       32  app_uart_fifo.o(.bss)
    m_rx_fifo                                0x20003810   Data          16  app_uart_fifo.o(.bss)
    m_tx_fifo                                0x20003820   Data          16  app_uart_fifo.o(.bss)
    .bss                                     0x20003830   Section       12  app_util_platform.o(.bss)
    .bss                                     0x2000383c   Section       12  nrf_pwr_mgmt.o(.bss)
    m_handlers_iter                          0x2000383c   Data          12  nrf_pwr_mgmt.o(.bss)
    .bss                                     0x20003848   Section       64  nrf_log_backend_rtt.o(.bss)
    m_string_buff                            0x20003848   Data          64  nrf_log_backend_rtt.o(.bss)
    .bss                                     0x20003888   Section      192  nrf_log_frontend.o(.bss)
    log_mempool_nrf_balloc_pool_mem          0x20003888   Data         192  nrf_log_frontend.o(.bss)
    .bss                                     0x20003948   Section      128  nrf_log_frontend.o(.bss)
    m_log_push_ringbuf_buf                   0x20003948   Data         128  nrf_log_frontend.o(.bss)
    .bss                                     0x200039c8   Section       24  nrf_log_frontend.o(.bss)
    m_log_push_ringbuf_cb                    0x200039c8   Data          24  nrf_log_frontend.o(.bss)
    .bss                                     0x200039e0   Section     1060  nrf_log_frontend.o(.bss)
    m_log_data                               0x200039e0   Data        1060  nrf_log_frontend.o(.bss)
    .bss                                     0x20003e04   Section      648  segger_rtt.o(.bss)
    _acUpBuffer                              0x20003e7c   Data         512  segger_rtt.o(.bss)
    _acDownBuffer                            0x2000407c   Data          16  segger_rtt.o(.bss)
    STACK                                    0x20004090   Section     8192  arm_startup_nrf52.o(STACK)

    Global Symbols

    Symbol Name                              Value     Ov Type        Size  Object(Section)

    BuildAttributes$$THM_ISAv4$E$P$D$K$B$S$7EM$VFPi3$EXTD16$VFPS$VFMA$PE$A:L22UL41UL21$X:L11$S22US41US21$IEEE1$IW$USESV6$~STKCKD$USESV7$~SHL$OSPACE$ROPI$EBA8$MICROLIB$REQ8$EABIv2 0x00000000   Number         0  anon$$obj.o ABSOLUTE
    __ARM_use_no_argv                        0x00000000   Number         0  main.o ABSOLUTE
    __cpp_initialize__aeabi_                  - Undefined Weak Reference
    __cxa_finalize                            - Undefined Weak Reference
    _clock_init                               - Undefined Weak Reference
    _microlib_exit                            - Undefined Weak Reference
    log_dynamic_data$$Base                    - Undefined Reference
    pwr_mgmt_data0$$Base                      - Undefined Reference
    pwr_mgmt_data0$$Limit                     - Undefined Reference
    pwr_mgmt_data2$$Base                      - Undefined Reference
    pwr_mgmt_data2$$Limit                     - Undefined Reference
    sdh_ble_observers0$$Base                  - Undefined Reference
    sdh_ble_observers0$$Limit                 - Undefined Reference
    sdh_req_observers0$$Base                  - Undefined Reference
    sdh_req_observers0$$Limit                 - Undefined Reference
    sdh_req_observers1$$Base                  - Undefined Reference
    sdh_req_observers1$$Limit                 - Undefined Reference
    sdh_soc_observers1$$Base                  - Undefined Reference
    sdh_soc_observers1$$Limit                 - Undefined Reference
    sdh_stack_observers1$$Base                - Undefined Reference
    sdh_stack_observers1$$Limit               - Undefined Reference
    sdh_state_observers1$$Base                - Undefined Reference
    sdh_state_observers1$$Limit               - Undefined Reference
    __Vectors_Size                           0x00000200   Number         0  arm_startup_nrf52.o ABSOLUTE
    __Vectors                                0x00026000   Data           4  arm_startup_nrf52.o(RESET)
    __Vectors_End                            0x00026200   Data           0  arm_startup_nrf52.o(RESET)
    __main                                   0x00026201   Thumb Code     0  entry.o(.ARM.Collect$$$$00000000)
    _main_stk                                0x00026201   Thumb Code     0  entry2.o(.ARM.Collect$$$$00000001)
    _main_scatterload                        0x00026205   Thumb Code     0  entry5.o(.ARM.Collect$$$$00000004)
    __main_after_scatterload                 0x00026209   Thumb Code     0  entry5.o(.ARM.Collect$$$$00000004)
    _main_clock                              0x00026209   Thumb Code     0  entry7b.o(.ARM.Collect$$$$00000008)
    _main_cpp_init                           0x00026209   Thumb Code     0  entry8b.o(.ARM.Collect$$$$0000000A)
    _main_init                               0x00026209   Thumb Code     0  entry9a.o(.ARM.Collect$$$$0000000B)
    __rt_final_cpp                           0x00026211   Thumb Code     0  entry10a.o(.ARM.Collect$$$$0000000D)
    __rt_final_exit                          0x00026211   Thumb Code     0  entry11a.o(.ARM.Collect$$$$0000000F)
    __asm___12_nrf_atfifo_c_51f461e1__nrf_atfifo_wspace_req 0x00026215   Thumb Code    56  nrf_atfifo.o(.emb_text)
    __asm___12_nrf_atfifo_c_51f461e1__nrf_atfifo_wspace_close 0x0002624d   Thumb Code    18  nrf_atfifo.o(.emb_text)
    __asm___12_nrf_atfifo_c_51f461e1__nrf_atfifo_rspace_req 0x0002625f   Thumb Code    58  nrf_atfifo.o(.emb_text)
    __asm___12_nrf_atfifo_c_51f461e1__nrf_atfifo_rspace_close 0x00026299   Thumb Code    18  nrf_atfifo.o(.emb_text)
    __asm___12_nrf_atfifo_c_51f461e1__nrf_atfifo_space_clear 0x000262ab   Thumb Code    50  nrf_atfifo.o(.emb_text)
    __asm___12_nrf_atomic_c_85ca2469__nrf_atomic_internal_mov 0x000262dd   Thumb Code    24  nrf_atomic.o(.emb_text)
    __asm___12_nrf_atomic_c_85ca2469__nrf_atomic_internal_orr 0x000262f5   Thumb Code    26  nrf_atomic.o(.emb_text)
    __asm___12_nrf_atomic_c_85ca2469__nrf_atomic_internal_and 0x0002630f   Thumb Code    26  nrf_atomic.o(.emb_text)
    __asm___12_nrf_atomic_c_85ca2469__nrf_atomic_internal_eor 0x00026329   Thumb Code    26  nrf_atomic.o(.emb_text)
    __asm___12_nrf_atomic_c_85ca2469__nrf_atomic_internal_add 0x00026343   Thumb Code    26  nrf_atomic.o(.emb_text)
    __asm___12_nrf_atomic_c_85ca2469__nrf_atomic_internal_sub 0x0002635d   Thumb Code    26  nrf_atomic.o(.emb_text)
    __asm___12_nrf_atomic_c_85ca2469__nrf_atomic_internal_cmp_exch 0x00026377   Thumb Code    42  nrf_atomic.o(.emb_text)
    __asm___12_nrf_atomic_c_85ca2469__nrf_atomic_internal_sub_hs 0x000263a1   Thumb Code    30  nrf_atomic.o(.emb_text)
    Reset_Handler                            0x000263c1   Thumb Code     8  arm_startup_nrf52.o(.text)
    NMI_Handler                              0x000263c9   Thumb Code     2  arm_startup_nrf52.o(.text)
    HardFault_Handler                        0x000263cb   Thumb Code     2  arm_startup_nrf52.o(.text)
    MemoryManagement_Handler                 0x000263cd   Thumb Code     2  arm_startup_nrf52.o(.text)
    BusFault_Handler                         0x000263cf   Thumb Code     2  arm_startup_nrf52.o(.text)
    UsageFault_Handler                       0x000263d1   Thumb Code     2  arm_startup_nrf52.o(.text)
    SVC_Handler                              0x000263d3   Thumb Code     2  arm_startup_nrf52.o(.text)
    DebugMon_Handler                         0x000263d5   Thumb Code     2  arm_startup_nrf52.o(.text)
    PendSV_Handler                           0x000263d7   Thumb Code     2  arm_startup_nrf52.o(.text)
    SysTick_Handler                          0x000263d9   Thumb Code     2  arm_startup_nrf52.o(.text)
    CCM_AAR_IRQHandler                       0x000263db   Thumb Code     0  arm_startup_nrf52.o(.text)
    COMP_LPCOMP_IRQHandler                   0x000263db   Thumb Code     0  arm_startup_nrf52.o(.text)
    ECB_IRQHandler                           0x000263db   Thumb Code     0  arm_startup_nrf52.o(.text)
    FPU_IRQHandler                           0x000263db   Thumb Code     0  arm_startup_nrf52.o(.text)
    I2S_IRQHandler                           0x000263db   Thumb Code     0  arm_startup_nrf52.o(.text)
    MWU_IRQHandler                           0x000263db   Thumb Code     0  arm_startup_nrf52.o(.text)
    NFCT_IRQHandler                          0x000263db   Thumb Code     0  arm_startup_nrf52.o(.text)
    PDM_IRQHandler                           0x000263db   Thumb Code     0  arm_startup_nrf52.o(.text)
    PWM0_IRQHandler                          0x000263db   Thumb Code     0  arm_startup_nrf52.o(.text)
    PWM1_IRQHandler                          0x000263db   Thumb Code     0  arm_startup_nrf52.o(.text)
    PWM2_IRQHandler                          0x000263db   Thumb Code     0  arm_startup_nrf52.o(.text)
    QDEC_IRQHandler                          0x000263db   Thumb Code     0  arm_startup_nrf52.o(.text)
    RADIO_IRQHandler                         0x000263db   Thumb Code     0  arm_startup_nrf52.o(.text)
    RNG_IRQHandler                           0x000263db   Thumb Code     0  arm_startup_nrf52.o(.text)
    RTC0_IRQHandler                          0x000263db   Thumb Code     0  arm_startup_nrf52.o(.text)
    RTC2_IRQHandler                          0x000263db   Thumb Code     0  arm_startup_nrf52.o(.text)
    SAADC_IRQHandler                         0x000263db   Thumb Code     0  arm_startup_nrf52.o(.text)
    SPIM0_SPIS0_TWIM0_TWIS0_SPI0_TWI0_IRQHandler 0x000263db   Thumb Code     0  arm_startup_nrf52.o(.text)
    SPIM1_SPIS1_TWIM1_TWIS1_SPI1_TWI1_IRQHandler 0x000263db   Thumb Code     0  arm_startup_nrf52.o(.text)
    SPIM2_SPIS2_SPI2_IRQHandler              0x000263db   Thumb Code     0  arm_startup_nrf52.o(.text)
    SWI0_EGU0_IRQHandler                     0x000263db   Thumb Code     0  arm_startup_nrf52.o(.text)
    SWI1_EGU1_IRQHandler                     0x000263db   Thumb Code     0  arm_startup_nrf52.o(.text)
    SWI3_EGU3_IRQHandler                     0x000263db   Thumb Code     0  arm_startup_nrf52.o(.text)
    SWI4_EGU4_IRQHandler                     0x000263db   Thumb Code     0  arm_startup_nrf52.o(.text)
    SWI5_EGU5_IRQHandler                     0x000263db   Thumb Code     0  arm_startup_nrf52.o(.text)
    TEMP_IRQHandler                          0x000263db   Thumb Code     0  arm_startup_nrf52.o(.text)
    TIMER0_IRQHandler                        0x000263db   Thumb Code     0  arm_startup_nrf52.o(.text)
    TIMER1_IRQHandler                        0x000263db   Thumb Code     0  arm_startup_nrf52.o(.text)
    TIMER2_IRQHandler                        0x000263db   Thumb Code     0  arm_startup_nrf52.o(.text)
    TIMER3_IRQHandler                        0x000263db   Thumb Code     0  arm_startup_nrf52.o(.text)
    TIMER4_IRQHandler                        0x000263db   Thumb Code     0  arm_startup_nrf52.o(.text)
    WDT_IRQHandler                           0x000263db   Thumb Code     0  arm_startup_nrf52.o(.text)
    __aeabi_uldivmod                         0x000263e5   Thumb Code    98  uldiv.o(.text)
    __aeabi_llsl                             0x00026447   Thumb Code    30  llshl.o(.text)
    _ll_shift_l                              0x00026447   Thumb Code     0  llshl.o(.text)
    __rt_ctype_table                         0x00026465   Thumb Code     4  ctype_o.o(.text)
    __aeabi_memcpy                           0x0002646d   Thumb Code    36  memcpya.o(.text)
    __aeabi_memcpy4                          0x0002646d   Thumb Code     0  memcpya.o(.text)
    __aeabi_memcpy8                          0x0002646d   Thumb Code     0  memcpya.o(.text)
    __aeabi_memset                           0x00026491   Thumb Code    14  memseta.o(.text)
    __aeabi_memset4                          0x00026491   Thumb Code     0  memseta.o(.text)
    __aeabi_memset8                          0x00026491   Thumb Code     0  memseta.o(.text)
    __aeabi_memclr                           0x0002649f   Thumb Code     4  memseta.o(.text)
    __aeabi_memclr4                          0x0002649f   Thumb Code     0  memseta.o(.text)
    __aeabi_memclr8                          0x0002649f   Thumb Code     0  memseta.o(.text)
    _memset$wrapper                          0x000264a3   Thumb Code    18  memseta.o(.text)
    strlen                                   0x000264b5   Thumb Code    14  strlen.o(.text)
    memcmp                                   0x000264c3   Thumb Code    26  memcmp.o(.text)
    strcpy                                   0x000264dd   Thumb Code    18  strcpy.o(.text)
    __aeabi_llsr                             0x000264ef   Thumb Code    32  llushr.o(.text)
    _ll_ushift_r                             0x000264ef   Thumb Code     0  llushr.o(.text)
    __scatterload                            0x00026511   Thumb Code    28  init.o(.text)
    __scatterload_rt2                        0x00026511   Thumb Code     0  init.o(.text)
    __decompress                             0x00026535   Thumb Code     0  __dczerorl2.o(.text)
    __decompress1                            0x00026535   Thumb Code    86  __dczerorl2.o(.text)
    GPIOTE_IRQHandler                        0x0002658d   Thumb Code   346  nrfx_gpiote.o(i.GPIOTE_IRQHandler)
    POWER_CLOCK_IRQHandler                   0x000266f1   Thumb Code    82  nrfx_clock.o(i.POWER_CLOCK_IRQHandler)
    RTC1_IRQHandler                          0x00026749   Thumb Code    12  drv_rtc.o(i.RTC1_IRQHandler)
    SEGGER_RTT_Init                          0x00026759   Thumb Code     4  segger_rtt.o(i.SEGGER_RTT_Init)
    SEGGER_RTT_WriteNoLock                   0x0002675d   Thumb Code    86  segger_rtt.o(i.SEGGER_RTT_WriteNoLock)
    SWI2_EGU2_IRQHandler                     0x000267b9   Thumb Code     4  nrf_sdh.o(i.SWI2_EGU2_IRQHandler)
    SystemInit                               0x000267bd   Thumb Code   726  system_nrf52.o(i.SystemInit)
    UARTE0_UART0_IRQHandler                  0x00026ad9   Thumb Code     6  nrfx_prs.o(i.UARTE0_UART0_IRQHandler)
    __0printf$bare                           0x00026c01   Thumb Code     8  printfb.o(i.__0printf$bare)
    __1printf$bare                           0x00026c01   Thumb Code     0  printfb.o(i.__0printf$bare)
    __2printf                                0x00026c01   Thumb Code     0  printfb.o(i.__0printf$bare)
    __scatterload_copy                       0x00026c11   Thumb Code    14  handlers.o(i.__scatterload_copy)
    __scatterload_null                       0x00026c1f   Thumb Code     2  handlers.o(i.__scatterload_null)
    __scatterload_zeroinit                   0x00026c21   Thumb Code    14  handlers.o(i.__scatterload_zeroinit)
    app_button_enable                        0x00026cb5   Thumb Code    32  app_button.o(i.app_button_enable)
    app_button_init                          0x00026cd9   Thumb Code   106  app_button.o(i.app_button_init)
    app_error_fault_handler                  0x00026d59   Thumb Code    86  app_error_weak.o(i.app_error_fault_handler)
    app_error_handler_bare                   0x00026ddd   Thumb Code    22  app_error.o(i.app_error_handler_bare)
    app_fifo_get                             0x00026df3   Thumb Code    22  app_fifo.o(i.app_fifo_get)
    app_fifo_init                            0x00026e09   Thumb Code    32  app_fifo.o(i.app_fifo_init)
    app_fifo_put                             0x00026e29   Thumb Code    26  app_fifo.o(i.app_fifo_put)
    app_timer_cnt_get                        0x00026e45   Thumb Code     6  app_timer2.o(i.app_timer_cnt_get)
    app_timer_create                         0x00026e51   Thumb Code    22  app_timer2.o(i.app_timer_create)
    app_timer_init                           0x00026e69   Thumb Code    70  app_timer2.o(i.app_timer_init)
    app_timer_start                          0x00026ec5   Thumb Code    48  app_timer2.o(i.app_timer_start)
    app_timer_stop                           0x00026ef5   Thumb Code    12  app_timer2.o(i.app_timer_stop)
    app_uart_get                             0x00026f01   Thumb Code    42  app_uart_fifo.o(i.app_uart_get)
    app_uart_init                            0x00026f35   Thumb Code   148  app_uart_fifo.o(i.app_uart_init)
    app_uart_put                             0x00026fd9   Thumb Code    70  app_uart_fifo.o(i.app_uart_put)
    app_util_critical_region_enter           0x0002702d   Thumb Code    64  app_util_platform.o(i.app_util_critical_region_enter)
    app_util_critical_region_exit            0x00027075   Thumb Code    46  app_util_platform.o(i.app_util_critical_region_exit)
    ble_advdata_search                       0x000271b9   Thumb Code    64  ble_advdata.o(i.ble_advdata_search)
    ble_advdata_uuid_find                    0x000271f9   Thumb Code   182  ble_advdata.o(i.ble_advdata_uuid_find)
    ble_db_discovery_evt_register            0x000272b1   Thumb Code    56  ble_db_discovery.o(i.ble_db_discovery_evt_register)
    ble_db_discovery_init                    0x000272f1   Thumb Code    32  ble_db_discovery.o(i.ble_db_discovery_init)
    ble_db_discovery_on_ble_evt              0x00027315   Thumb Code    86  ble_db_discovery.o(i.ble_db_discovery_on_ble_evt)
    ble_db_discovery_start                   0x00027371   Thumb Code    34  ble_db_discovery.o(i.ble_db_discovery_start)
    ble_nus_c_handles_assign                 0x000275f5   Thumb Code    28  ble_nus_c.o(i.ble_nus_c_handles_assign)
    ble_nus_c_init                           0x00027611   Thumb Code    84  ble_nus_c.o(i.ble_nus_c_init)
    ble_nus_c_on_ble_evt                     0x00027669   Thumb Code   106  ble_nus_c.o(i.ble_nus_c_on_ble_evt)
    ble_nus_c_on_db_disc_evt                 0x000276d3   Thumb Code   128  ble_nus_c.o(i.ble_nus_c_on_db_disc_evt)
    ble_nus_c_string_send                    0x00027755   Thumb Code   124  ble_nus_c.o(i.ble_nus_c_string_send)
    ble_nus_c_tx_notif_enable                0x0002780d   Thumb Code   102  ble_nus_c.o(i.ble_nus_c_tx_notif_enable)
    bsp_board_button_idx_to_pin              0x00027955   Thumb Code     6  boards.o(i.bsp_board_button_idx_to_pin)
    bsp_board_button_state_get               0x00027961   Thumb Code    28  boards.o(i.bsp_board_button_state_get)
    bsp_board_init                           0x00027981   Thumb Code    80  boards.o(i.bsp_board_init)
    bsp_board_led_invert                     0x000279d5   Thumb Code    32  boards.o(i.bsp_board_led_invert)
    bsp_board_led_off                        0x000279f9   Thumb Code    10  boards.o(i.bsp_board_led_off)
    bsp_board_led_on                         0x00027a09   Thumb Code    10  boards.o(i.bsp_board_led_on)
    bsp_board_led_state_get                  0x00027a19   Thumb Code    28  boards.o(i.bsp_board_led_state_get)
    bsp_board_leds_off                       0x00027a39   Thumb Code    18  boards.o(i.bsp_board_leds_off)
    bsp_board_leds_on                        0x00027a4b   Thumb Code    18  boards.o(i.bsp_board_leds_on)
    bsp_board_pin_to_button_idx              0x00027a5d   Thumb Code    30  boards.o(i.bsp_board_pin_to_button_idx)
    bsp_btn_ble_init                         0x00027a81   Thumb Code    52  bsp_btn_ble.o(i.bsp_btn_ble_init)
    bsp_btn_ble_sleep_mode_prepare           0x00027ab9   Thumb Code    30  bsp_btn_ble.o(i.bsp_btn_ble_sleep_mode_prepare)
    bsp_button_is_pressed                    0x00027b69   Thumb Code    12  bsp.o(i.bsp_button_is_pressed)
    bsp_event_handler                        0x00027b75   Thumb Code    36  main.o(i.bsp_event_handler)
    bsp_event_to_button_action_assign        0x00027b9d   Thumb Code    64  bsp.o(i.bsp_event_to_button_action_assign)
    bsp_indication_set                       0x00027be1   Thumb Code    20  bsp.o(i.bsp_indication_set)
    bsp_init                                 0x00027bf9   Thumb Code   128  bsp.o(i.bsp_init)
    bsp_wakeup_button_enable                 0x00027e55   Thumb Code     6  bsp.o(i.bsp_wakeup_button_enable)
    buffer_is_empty                          0x00027f1d   Thumb Code    16  nrf_log_frontend.o(i.buffer_is_empty)
    drv_rtc_compare_disable                  0x0002844d   Thumb Code    20  drv_rtc.o(i.drv_rtc_compare_disable)
    drv_rtc_compare_pending                  0x00028461   Thumb Code    14  drv_rtc.o(i.drv_rtc_compare_pending)
    drv_rtc_compare_set                      0x0002846f   Thumb Code    80  drv_rtc.o(i.drv_rtc_compare_set)
    drv_rtc_counter_get                      0x000284bf   Thumb Code     8  drv_rtc.o(i.drv_rtc_counter_get)
    drv_rtc_init                             0x000284c9   Thumb Code   144  drv_rtc.o(i.drv_rtc_init)
    drv_rtc_irq_trigger                      0x0002859d   Thumb Code    26  drv_rtc.o(i.drv_rtc_irq_trigger)
    drv_rtc_overflow_enable                  0x000285b7   Thumb Code     8  drv_rtc.o(i.drv_rtc_overflow_enable)
    drv_rtc_overflow_pending                 0x000285bf   Thumb Code     8  drv_rtc.o(i.drv_rtc_overflow_pending)
    drv_rtc_start                            0x000285c7   Thumb Code     8  drv_rtc.o(i.drv_rtc_start)
    drv_rtc_stop                             0x000285cf   Thumb Code     8  drv_rtc.o(i.drv_rtc_stop)
    drv_rtc_windowed_compare_set             0x000285d7   Thumb Code   222  drv_rtc.o(i.drv_rtc_windowed_compare_set)
    evt_handle                               0x000286c9   Thumb Code   216  app_button.o(i.evt_handle)
    fputc                                    0x000287e3   Thumb Code    14  retarget.o(i.fputc)
    gatt_evt_handler                         0x000287fd   Thumb Code    62  main.o(i.gatt_evt_handler)
    gatt_init                                0x0002888d   Thumb Code    38  main.o(i.gatt_init)
    is_whitelist_used                        0x00028b45   Thumb Code    22  nrf_ble_scan.o(i.is_whitelist_used)
    main                                     0x00028c55   Thumb Code   250  main.o(i.main)
    nrf_atfifo_init                          0x00028e79   Thumb Code    38  nrf_atfifo.o(i.nrf_atfifo_init)
    nrf_atfifo_item_alloc                    0x00028e9f   Thumb Code    22  nrf_atfifo.o(i.nrf_atfifo_item_alloc)
    nrf_atfifo_item_free                     0x00028eb5   Thumb Code    22  nrf_atfifo.o(i.nrf_atfifo_item_free)
    nrf_atfifo_item_get                      0x00028ecb   Thumb Code    22  nrf_atfifo.o(i.nrf_atfifo_item_get)
    nrf_atfifo_item_put                      0x00028ee1   Thumb Code    22  nrf_atfifo.o(i.nrf_atfifo_item_put)
    nrf_atomic_flag_clear_fetch              0x00028ef7   Thumb Code     6  nrf_atomic.o(i.nrf_atomic_flag_clear_fetch)
    nrf_atomic_flag_set                      0x00028efd   Thumb Code     6  nrf_atomic.o(i.nrf_atomic_flag_set)
    nrf_atomic_u32_add                       0x00028f03   Thumb Code    12  nrf_atomic.o(i.nrf_atomic_u32_add)
    nrf_atomic_u32_fetch_and                 0x00028f0f   Thumb Code    10  nrf_atomic.o(i.nrf_atomic_u32_fetch_and)
    nrf_atomic_u32_fetch_store               0x00028f19   Thumb Code    10  nrf_atomic.o(i.nrf_atomic_u32_fetch_store)
    nrf_atomic_u32_or                        0x00028f23   Thumb Code    12  nrf_atomic.o(i.nrf_atomic_u32_or)
    nrf_atomic_u32_sub                       0x00028f2f   Thumb Code    12  nrf_atomic.o(i.nrf_atomic_u32_sub)
    nrf_balloc_alloc                         0x00028f3b   Thumb Code    68  nrf_balloc.o(i.nrf_balloc_alloc)
    nrf_balloc_free                          0x00028f7f   Thumb Code    48  nrf_balloc.o(i.nrf_balloc_free)
    nrf_balloc_init                          0x00028faf   Thumb Code    48  nrf_balloc.o(i.nrf_balloc_init)
    nrf_ble_gatt_att_mtu_central_set         0x00029003   Thumb Code    24  nrf_ble_gatt.o(i.nrf_ble_gatt_att_mtu_central_set)
    nrf_ble_gatt_init                        0x0002901b   Thumb Code    34  nrf_ble_gatt.o(i.nrf_ble_gatt_init)
    nrf_ble_gatt_on_ble_evt                  0x0002903d   Thumb Code   270  nrf_ble_gatt.o(i.nrf_ble_gatt_on_ble_evt)
    nrf_ble_gq_conn_handle_register          0x0002918d   Thumb Code   110  nrf_ble_gq.o(i.nrf_ble_gq_conn_handle_register)
    nrf_ble_gq_item_add                      0x000291fd   Thumb Code   154  nrf_ble_gq.o(i.nrf_ble_gq_item_add)
    nrf_ble_gq_on_ble_evt                    0x0002929d   Thumb Code    96  nrf_ble_gq.o(i.nrf_ble_gq_on_ble_evt)
    nrf_ble_scan_filter_set                  0x0002937b   Thumb Code    66  nrf_ble_scan.o(i.nrf_ble_scan_filter_set)
    nrf_ble_scan_filters_disable             0x000293bd   Thumb Code    14  nrf_ble_scan.o(i.nrf_ble_scan_filters_disable)
    nrf_ble_scan_filters_enable              0x000293cb   Thumb Code    54  nrf_ble_scan.o(i.nrf_ble_scan_filters_enable)
    nrf_ble_scan_init                        0x00029401   Thumb Code   106  nrf_ble_scan.o(i.nrf_ble_scan_init)
    nrf_ble_scan_on_ble_evt                  0x00029567   Thumb Code   174  nrf_ble_scan.o(i.nrf_ble_scan_on_ble_evt)
    nrf_ble_scan_start                       0x00029615   Thumb Code    92  nrf_ble_scan.o(i.nrf_ble_scan_start)
    nrf_drv_clock_init                       0x000296bd   Thumb Code    48  nrf_drv_clock.o(i.nrf_drv_clock_init)
    nrf_drv_clock_lfclk_release              0x000296f5   Thumb Code    42  nrf_drv_clock.o(i.nrf_drv_clock_lfclk_release)
    nrf_drv_uart_init                        0x00029725   Thumb Code    90  nrf_drv_uart.o(i.nrf_drv_uart_init)
    nrf_fprintf                              0x000297cd   Thumb Code    26  nrf_fprintf.o(i.nrf_fprintf)
    nrf_fprintf_buffer_flush                 0x000297e7   Thumb Code    24  nrf_fprintf.o(i.nrf_fprintf_buffer_flush)
    nrf_fprintf_fmt                          0x000297ff   Thumb Code   474  nrf_fprintf_format.o(i.nrf_fprintf_fmt)
    nrf_log_backend_add                      0x00029b39   Thumb Code    86  nrf_log_frontend.o(i.nrf_log_backend_add)
    nrf_log_backend_rtt_init                 0x00029b97   Thumb Code     4  nrf_log_backend_rtt.o(i.nrf_log_backend_rtt_init)
    nrf_log_backend_serial_put               0x00029bb5   Thumb Code   200  nrf_log_backend_serial.o(i.nrf_log_backend_serial_put)
    nrf_log_color_id_get                     0x00029c7d   Thumb Code    42  nrf_log_frontend.o(i.nrf_log_color_id_get)
    nrf_log_default_backends_init            0x00029cad   Thumb Code    24  nrf_log_default_backends.o(i.nrf_log_default_backends_init)
    nrf_log_frontend_dequeue                 0x00029cc9   Thumb Code   528  nrf_log_frontend.o(i.nrf_log_frontend_dequeue)
    nrf_log_frontend_std_0                   0x00029efd   Thumb Code     8  nrf_log_frontend.o(i.nrf_log_frontend_std_0)
    nrf_log_frontend_std_1                   0x00029f05   Thumb Code    14  nrf_log_frontend.o(i.nrf_log_frontend_std_1)
    nrf_log_frontend_std_2                   0x00029f13   Thumb Code    16  nrf_log_frontend.o(i.nrf_log_frontend_std_2)
    nrf_log_frontend_std_3                   0x00029f23   Thumb Code    18  nrf_log_frontend.o(i.nrf_log_frontend_std_3)
    nrf_log_frontend_std_6                   0x00029f35   Thumb Code    28  nrf_log_frontend.o(i.nrf_log_frontend_std_6)
    nrf_log_hexdump_entry_process            0x00029f51   Thumb Code   150  nrf_log_str_formatter.o(i.nrf_log_hexdump_entry_process)
    nrf_log_init                             0x0002a001   Thumb Code    46  nrf_log_frontend.o(i.nrf_log_init)
    nrf_log_module_cnt_get                   0x0002a03d   Thumb Code    10  nrf_log_frontend.o(i.nrf_log_module_cnt_get)
    nrf_log_module_name_get                  0x0002a051   Thumb Code    24  nrf_log_frontend.o(i.nrf_log_module_name_get)
    nrf_log_panic                            0x0002a06d   Thumb Code    38  nrf_log_frontend.o(i.nrf_log_panic)
    nrf_log_std_entry_process                0x0002a099   Thumb Code   182  nrf_log_str_formatter.o(i.nrf_log_std_entry_process)
    nrf_memobj_alloc                         0x0002a14f   Thumb Code    96  nrf_memobj.o(i.nrf_memobj_alloc)
    nrf_memobj_free                          0x0002a1af   Thumb Code    50  nrf_memobj.o(i.nrf_memobj_free)
    nrf_memobj_get                           0x0002a1e1   Thumb Code     8  nrf_memobj.o(i.nrf_memobj_get)
    nrf_memobj_pool_init                     0x0002a1e9   Thumb Code     4  nrf_memobj.o(i.nrf_memobj_pool_init)
    nrf_memobj_put                           0x0002a1ed   Thumb Code    30  nrf_memobj.o(i.nrf_memobj_put)
    nrf_memobj_read                          0x0002a20b   Thumb Code    16  nrf_memobj.o(i.nrf_memobj_read)
    nrf_memobj_write                         0x0002a21b   Thumb Code    16  nrf_memobj.o(i.nrf_memobj_write)
    nrf_pwr_mgmt_init                        0x0002a22d   Thumb Code    28  nrf_pwr_mgmt.o(i.nrf_pwr_mgmt_init)
    nrf_pwr_mgmt_run                         0x0002a255   Thumb Code    64  nrf_pwr_mgmt.o(i.nrf_pwr_mgmt_run)
    nrf_pwr_mgmt_shutdown                    0x0002a299   Thumb Code    54  nrf_pwr_mgmt.o(i.nrf_pwr_mgmt_shutdown)
    nrf_queue_generic_pop                    0x0002a2d5   Thumb Code   142  nrf_queue.o(i.nrf_queue_generic_pop)
    nrf_queue_is_empty                       0x0002a363   Thumb Code    18  nrf_queue.o(i.nrf_queue_is_empty)
    nrf_queue_is_full                        0x0002a375   Thumb Code    30  nrf_queue.o(i.nrf_queue_is_full)
    nrf_queue_push                           0x0002a3a1   Thumb Code   178  nrf_queue.o(i.nrf_queue_push)
    nrf_ringbuf_init                         0x0002a453   Thumb Code    28  nrf_ringbuf.o(i.nrf_ringbuf_init)
    nrf_sdh_ble_app_ram_start_get            0x0002a47d   Thumb Code    16  nrf_sdh_ble.o(i.nrf_sdh_ble_app_ram_start_get)
    nrf_sdh_ble_default_cfg_set              0x0002a491   Thumb Code   272  nrf_sdh_ble.o(i.nrf_sdh_ble_default_cfg_set)
    nrf_sdh_ble_enable                       0x0002a5c1   Thumb Code   116  nrf_sdh_ble.o(i.nrf_sdh_ble_enable)
    nrf_sdh_enable_request                   0x0002a751   Thumb Code   102  nrf_sdh.o(i.nrf_sdh_enable_request)
    nrf_sdh_evts_poll                        0x0002a7c5   Thumb Code    32  nrf_sdh.o(i.nrf_sdh_evts_poll)
    nrf_sdh_is_enabled                       0x0002a7e9   Thumb Code     6  nrf_sdh.o(i.nrf_sdh_is_enabled)
    nrf_section_iter_init                    0x0002a831   Thumb Code    10  nrf_section_iter.o(i.nrf_section_iter_init)
    nrf_section_iter_next                    0x0002a85f   Thumb Code    32  nrf_section_iter.o(i.nrf_section_iter_next)
    nrf_sortlist_add                         0x0002a87f   Thumb Code    34  nrf_sortlist.o(i.nrf_sortlist_add)
    nrf_sortlist_peek                        0x0002a8a1   Thumb Code     6  nrf_sortlist.o(i.nrf_sortlist_peek)
    nrf_sortlist_pop                         0x0002a8a7   Thumb Code    14  nrf_sortlist.o(i.nrf_sortlist_pop)
    nrf_sortlist_remove                      0x0002a8b5   Thumb Code    30  nrf_sortlist.o(i.nrf_sortlist_remove)
    nrf_strerror_find                        0x0002a8d5   Thumb Code    52  nrf_strerror.o(i.nrf_strerror_find)
    nrf_strerror_get                         0x0002a90d   Thumb Code    14  nrf_strerror.o(i.nrf_strerror_get)
    nrfx_clock_enable                        0x0002a959   Thumb Code    34  nrfx_clock.o(i.nrfx_clock_enable)
    nrfx_clock_init                          0x0002a985   Thumb Code    26  nrfx_clock.o(i.nrfx_clock_init)
    nrfx_clock_lfclk_stop                    0x0002a9a5   Thumb Code    20  nrfx_clock.o(i.nrfx_clock_lfclk_stop)
    nrfx_gpiote_in_event_enable              0x0002a9d1   Thumb Code   156  nrfx_gpiote.o(i.nrfx_gpiote_in_event_enable)
    nrfx_gpiote_in_init                      0x0002aa75   Thumb Code   194  nrfx_gpiote.o(i.nrfx_gpiote_in_init)
    nrfx_gpiote_in_is_set                    0x0002ab45   Thumb Code    20  nrfx_gpiote.o(i.nrfx_gpiote_in_is_set)
    nrfx_gpiote_init                         0x0002ab59   Thumb Code    94  nrfx_gpiote.o(i.nrfx_gpiote_init)
    nrfx_gpiote_is_init                      0x0002abc5   Thumb Code    14  nrfx_gpiote.o(i.nrfx_gpiote_is_init)
    nrfx_prs_acquire                         0x0002abe9   Thumb Code    58  nrfx_prs.o(i.nrfx_prs_acquire)
    nrfx_uart_0_irq_handler                  0x0002ac25   Thumb Code     8  nrfx_uart.o(i.nrfx_uart_0_irq_handler)
    nrfx_uart_init                           0x0002ac35   Thumb Code   196  nrfx_uart.o(i.nrfx_uart_init)
    nrfx_uart_rx                             0x0002ad05   Thumb Code   230  nrfx_uart.o(i.nrfx_uart_rx)
    nrfx_uart_tx                             0x0002adf1   Thumb Code   162  nrfx_uart.o(i.nrfx_uart_tx)
    nrfx_uart_tx_in_progress                 0x0002ae99   Thumb Code    26  nrfx_uart.o(i.nrfx_uart_tx_in_progress)
    nrfx_uarte_0_irq_handler                 0x0002aeb9   Thumb Code     8  nrfx_uarte.o(i.nrfx_uarte_0_irq_handler)
    nrfx_uarte_init                          0x0002aec9   Thumb Code   100  nrfx_uarte.o(i.nrfx_uarte_init)
    nrfx_uarte_rx                            0x0002af35   Thumb Code   256  nrfx_uarte.o(i.nrfx_uarte_rx)
    nrfx_uarte_tx                            0x0002b039   Thumb Code   166  nrfx_uarte.o(i.nrfx_uarte_tx)
    nrfx_uarte_tx_in_progress                0x0002b0e5   Thumb Code    22  nrfx_uarte.o(i.nrfx_uarte_tx_in_progress)
    uart_event_handle                        0x0002c0b9   Thumb Code   122  main.o(i.uart_event_handle)
    nrf_log_backend_rtt_api                  0x0002c8d8   Data          12  nrf_log_backend_rtt.o(.constdata)
    m_ram_start                              0x0002c97c   Data           4  nrf_sdh_ble.o(.constdata)
    __ctype_table                            0x0002c9a8   Data         129  ctype_o.o(.constdata)
    Region$$Table$$Base                      0x0002d300   Number         0  anon$$obj.o(Region$$Table)
    Region$$Table$$Limit                     0x0002d320   Number         0  anon$$obj.o(Region$$Table)
    log_const_data$$Base                     0x0002d330   Number         0  ble_db_discovery.o(log_const_data)
    m_nrf_log_ble_db_disc_logs_data_const    0x0002d330   Data           8  ble_db_discovery.o(log_const_data)
    m_nrf_log_nrf_ble_gatt_logs_data_const   0x0002d338   Data           8  nrf_ble_gatt.o(log_const_data)
    m_nrf_log_nrf_ble_gq_logs_data_const     0x0002d340   Data           8  nrf_ble_gq.o(log_const_data)
    m_nrf_log_ble_scan_logs_data_const       0x0002d348   Data           8  nrf_ble_scan.o(log_const_data)
    m_nrf_log_ble_nus_c_logs_data_const      0x0002d350   Data           8  ble_nus_c.o(log_const_data)
    m_nrf_log_clock_logs_data_const          0x0002d358   Data           8  nrf_drv_clock.o(log_const_data)
    m_nrf_log_CLOCK_logs_data_const          0x0002d360   Data           8  nrfx_clock.o(log_const_data)
    m_nrf_log_GPIOTE_logs_data_const         0x0002d368   Data           8  nrfx_gpiote.o(log_const_data)
    m_nrf_log_PRS_logs_data_const            0x0002d370   Data           8  nrfx_prs.o(log_const_data)
    m_nrf_log_UART_logs_data_const           0x0002d378   Data           8  nrfx_uart.o(log_const_data)
    m_nrf_log_UARTE_logs_data_const          0x0002d380   Data           8  nrfx_uarte.o(log_const_data)
    m_nrf_log_app_button_logs_data_const     0x0002d388   Data           8  app_button.o(log_const_data)
    m_nrf_log_app_timer_logs_data_const      0x0002d390   Data           8  app_timer2.o(log_const_data)
    m_nrf_log_pwr_mgmt_logs_data_const       0x0002d398   Data           8  nrf_pwr_mgmt.o(log_const_data)
    m_nrf_log_sortlist_logs_data_const       0x0002d3a0   Data           8  nrf_sortlist.o(log_const_data)
    m_nrf_log_app_logs_data_const            0x0002d3a8   Data           8  nrf_log_frontend.o(log_const_data)
    m_nrf_log_nrf_sdh_logs_data_const        0x0002d3b0   Data           8  nrf_sdh.o(log_const_data)
    m_nrf_log_nrf_sdh_ble_logs_data_const    0x0002d3b8   Data           8  nrf_sdh_ble.o(log_const_data)
    m_nrf_log_nrf_sdh_soc_logs_data_const    0x0002d3c0   Data           8  nrf_sdh_soc.o(log_const_data)
    log_const_data$$Limit                    0x0002d3c8   Number         0  nrf_sdh_soc.o(log_const_data)
    m_ble_gatt_queuepool                     0x0002d3c8   Data          20  main.o(nrf_balloc)
    log_mempool                              0x0002d3dc   Data          20  nrf_log_frontend.o(nrf_balloc)
    m_ble_gatt_queuepurge_queue              0x0002d3f0   Data          20  main.o(nrf_queue)
    pwr_mgmt_data1$$Base                     0x0002d404   Number         0  main.o(pwr_mgmt_data1)
    pwr_mgmt_data1$$Limit                    0x0002d408   Number         0  main.o(pwr_mgmt_data1)
    sdh_ble_observers1$$Base                 0x0002d408   Number         0  main.o(sdh_ble_observers1)
    sdh_ble_observers1$$Limit                0x0002d430   Number         0  bsp_btn_ble.o(sdh_ble_observers1)
    sdh_ble_observers2$$Base                 0x0002d430   Number         0  main.o(sdh_ble_observers2)
    sdh_ble_observers2$$Limit                0x0002d438   Number         0  main.o(sdh_ble_observers2)
    sdh_ble_observers3$$Base                 0x0002d438   Number         0  main.o(sdh_ble_observers3)
    sdh_ble_observers3$$Limit                0x0002d440   Number         0  main.o(sdh_ble_observers3)
    sdh_soc_observers0$$Base                 0x0002d440   Number         0  nrf_drv_clock.o(sdh_soc_observers0)
    sdh_soc_observers0$$Limit                0x0002d448   Number         0  nrf_drv_clock.o(sdh_soc_observers0)
    sdh_stack_observers0$$Base               0x0002d448   Number         0  nrf_sdh_ble.o(sdh_stack_observers0)
    sdh_stack_observers0$$Limit              0x0002d458   Number         0  nrf_sdh_soc.o(sdh_stack_observers0)
    sdh_state_observers0$$Base               0x0002d458   Number         0  nrf_drv_clock.o(sdh_state_observers0)
    sdh_state_observers0$$Limit              0x0002d460   Number         0  nrf_drv_clock.o(sdh_state_observers0)
    Image$$RW_IRAM1$$Base                    0x20002a28   Number         0  anon$$obj.o ABSOLUTE
    nrf_drv_uart_use_easy_dma                0x20003050   Data           1  nrf_drv_uart.o(.data)
    __stdout                                 0x200030dc   Data           4  retarget.o(.data)
    SystemCoreClock                          0x20003140   Data           4  system_nrf52.o(.data)
    nrf_nvic_state                           0x20003830   Data          12  app_util_platform.o(.bss)
    _SEGGER_RTT                              0x20003e04   Data         120  segger_rtt.o(.bss)
    __initial_sp                             0x20006090   Data           0  arm_startup_nrf52.o(STACK)



==============================================================================

Memory Map of the image

  Image Entry point : 0x00026201

  Load Region LR_IROM1 (Base: 0x00026000, Size: 0x00007b7c, Max: 0x0005a000, ABSOLUTE, COMPRESSED[0x000074c8])

    Execution Region ER_IROM1 (Base: 0x00026000, Size: 0x00007460, Max: 0x0005a000, ABSOLUTE)

    Base Addr    Size         Type   Attr      Idx    E Section Name        Object

    0x00026000   0x00000200   Data   RO         5094    RESET               arm_startup_nrf52.o
    0x00026200   0x00000000   Code   RO         5135  * .ARM.Collect$$$$00000000  mc_w.l(entry.o)
    0x00026200   0x00000004   Code   RO         5442    .ARM.Collect$$$$00000001  mc_w.l(entry2.o)
    0x00026204   0x00000004   Code   RO         5445    .ARM.Collect$$$$00000004  mc_w.l(entry5.o)
    0x00026208   0x00000000   Code   RO         5447    .ARM.Collect$$$$00000008  mc_w.l(entry7b.o)
    0x00026208   0x00000000   Code   RO         5449    .ARM.Collect$$$$0000000A  mc_w.l(entry8b.o)
    0x00026208   0x00000008   Code   RO         5450    .ARM.Collect$$$$0000000B  mc_w.l(entry9a.o)
    0x00026210   0x00000000   Code   RO         5452    .ARM.Collect$$$$0000000D  mc_w.l(entry10a.o)
    0x00026210   0x00000000   Code   RO         5454    .ARM.Collect$$$$0000000F  mc_w.l(entry11a.o)
    0x00026210   0x00000004   Code   RO         5443    .ARM.Collect$$$$00002712  mc_w.l(entry2.o)
    0x00026214   0x000000c8   Code   RO         3431    .emb_text           nrf_atfifo.o
    0x000262dc   0x000000e2   Code   RO         3501    .emb_text           nrf_atomic.o
    0x000263be   0x00000002   PAD
    0x000263c0   0x00000024   Code   RO         5095    .text               arm_startup_nrf52.o
    0x000263e4   0x00000062   Code   RO         5138    .text               mc_w.l(uldiv.o)
    0x00026446   0x0000001e   Code   RO         5140    .text               mc_w.l(llshl.o)
    0x00026464   0x00000008   Code   RO         5142    .text               mc_w.l(ctype_o.o)
    0x0002646c   0x00000024   Code   RO         5170    .text               mc_w.l(memcpya.o)
    0x00026490   0x00000024   Code   RO         5172    .text               mc_w.l(memseta.o)
    0x000264b4   0x0000000e   Code   RO         5174    .text               mc_w.l(strlen.o)
    0x000264c2   0x0000001a   Code   RO         5176    .text               mc_w.l(memcmp.o)
    0x000264dc   0x00000012   Code   RO         5178    .text               mc_w.l(strcpy.o)
    0x000264ee   0x00000020   Code   RO         5458    .text               mc_w.l(llushr.o)
    0x0002650e   0x00000002   PAD
    0x00026510   0x00000024   Code   RO         5471    .text               mc_w.l(init.o)
    0x00026534   0x00000056   Code   RO         5485    .text               mc_w.l(__dczerorl2.o)
    0x0002658a   0x00000002   PAD
    0x0002658c   0x00000164   Code   RO         1943    i.GPIOTE_IRQHandler  nrfx_gpiote.o
    0x000266f0   0x00000058   Code   RO         1805    i.POWER_CLOCK_IRQHandler  nrfx_clock.o
    0x00026748   0x00000010   Code   RO         3220    i.RTC1_IRQHandler   drv_rtc.o
    0x00026758   0x00000004   Code   RO         4634    i.SEGGER_RTT_Init   segger_rtt.o
    0x0002675c   0x0000005c   Code   RO         4648    i.SEGGER_RTT_WriteNoLock  segger_rtt.o
    0x000267b8   0x00000004   Code   RO         4885    i.SWI2_EGU2_IRQHandler  nrf_sdh.o
    0x000267bc   0x0000031c   Code   RO         5103    i.SystemInit        system_nrf52.o
    0x00026ad8   0x0000000c   Code   RO         2212    i.UARTE0_UART0_IRQHandler  nrfx_prs.o
    0x00026ae4   0x00000068   Code   RO         4652    i._DoInit           segger_rtt.o
    0x00026b4c   0x00000016   Code   RO         4653    i._GetAvailWriteSpace  segger_rtt.o
    0x00026b62   0x0000005a   Code   RO         4655    i._WriteBlocking    segger_rtt.o
    0x00026bbc   0x00000042   Code   RO         4656    i._WriteNoCheck     segger_rtt.o
    0x00026bfe   0x00000002   PAD
    0x00026c00   0x00000010   Code   RO         5183    i.__0printf$bare    mc_w.l(printfb.o)
    0x00026c10   0x0000000e   Code   RO         5479    i.__scatterload_copy  mc_w.l(handlers.o)
    0x00026c1e   0x00000002   Code   RO         5480    i.__scatterload_null  mc_w.l(handlers.o)
    0x00026c20   0x0000000e   Code   RO         5481    i.__scatterload_zeroinit  mc_w.l(handlers.o)
    0x00026c2e   0x00000002   PAD
    0x00026c30   0x00000024   Code   RO         4886    i.__sd_nvic_app_accessible_irq  nrf_sdh.o
    0x00026c54   0x00000022   Code   RO         5190    i._printf_core      mc_w.l(printfb.o)
    0x00026c76   0x00000036   Code   RO          669    i.advertising_buttons_configure  bsp_btn_ble.o
    0x00026cac   0x00000006   Code   RO          552    i.alert_timer_handler  bsp.o
    0x00026cb2   0x00000002   PAD
    0x00026cb4   0x00000024   Code   RO         2615    i.app_button_enable  app_button.o
    0x00026cd8   0x00000080   Code   RO         2616    i.app_button_init   app_button.o
    0x00026d58   0x00000084   Code   RO         2769    i.app_error_fault_handler  app_error_weak.o
    0x00026ddc   0x00000016   Code   RO         2713    i.app_error_handler_bare  app_error.o
    0x00026df2   0x00000016   Code   RO         2804    i.app_fifo_get      app_fifo.o
    0x00026e08   0x00000020   Code   RO         2805    i.app_fifo_init     app_fifo.o
    0x00026e28   0x0000001a   Code   RO         2807    i.app_fifo_put      app_fifo.o
    0x00026e42   0x00000002   PAD
    0x00026e44   0x0000000c   Code   RO         2928    i.app_timer_cnt_get  app_timer2.o
    0x00026e50   0x00000016   Code   RO         2929    i.app_timer_create  app_timer2.o
    0x00026e66   0x00000002   PAD
    0x00026e68   0x0000005c   Code   RO         2930    i.app_timer_init    app_timer2.o
    0x00026ec4   0x00000030   Code   RO         2933    i.app_timer_start   app_timer2.o
    0x00026ef4   0x0000000c   Code   RO         2934    i.app_timer_stop    app_timer2.o
    0x00026f00   0x00000034   Code   RO         3071    i.app_uart_get      app_uart_fifo.o
    0x00026f34   0x000000a4   Code   RO         3072    i.app_uart_init     app_uart_fifo.o
    0x00026fd8   0x00000054   Code   RO         3073    i.app_uart_put      app_uart_fifo.o
    0x0002702c   0x00000048   Code   RO         3152    i.app_util_critical_region_enter  app_util_platform.o
    0x00027074   0x00000034   Code   RO         3153    i.app_util_critical_region_exit  app_util_platform.o
    0x000270a8   0x00000088   Code   RO         2266    i.apply_config      nrfx_uart.o
    0x00027130   0x00000088   Code   RO         2454    i.apply_config      nrfx_uarte.o
    0x000271b8   0x00000040   Code   RO          776    i.ble_advdata_search  ble_advdata.o
    0x000271f8   0x000000b6   Code   RO          778    i.ble_advdata_uuid_find  ble_advdata.o
    0x000272ae   0x00000002   PAD
    0x000272b0   0x00000040   Code   RO          886    i.ble_db_discovery_evt_register  ble_db_discovery.o
    0x000272f0   0x00000024   Code   RO          887    i.ble_db_discovery_init  ble_db_discovery.o
    0x00027314   0x0000005c   Code   RO          888    i.ble_db_discovery_on_ble_evt  ble_db_discovery.o
    0x00027370   0x00000028   Code   RO          889    i.ble_db_discovery_start  ble_db_discovery.o
    0x00027398   0x00000120   Code   RO            5    i.ble_evt_handler   main.o
    0x000274b8   0x00000070   Code   RO          670    i.ble_evt_handler   bsp_btn_ble.o
    0x00027528   0x000000cc   Code   RO            6    i.ble_nus_c_evt_handler  main.o
    0x000275f4   0x0000001c   Code   RO         1391    i.ble_nus_c_handles_assign  ble_nus_c.o
    0x00027610   0x00000058   Code   RO         1392    i.ble_nus_c_init    ble_nus_c.o
    0x00027668   0x0000006a   Code   RO         1393    i.ble_nus_c_on_ble_evt  ble_nus_c.o
    0x000276d2   0x00000080   Code   RO         1394    i.ble_nus_c_on_db_disc_evt  ble_nus_c.o
    0x00027752   0x00000002   PAD
    0x00027754   0x000000b8   Code   RO         1395    i.ble_nus_c_string_send  ble_nus_c.o
    0x0002780c   0x0000006c   Code   RO         1396    i.ble_nus_c_tx_notif_enable  ble_nus_c.o
    0x00027878   0x000000dc   Code   RO            7    i.ble_nus_chars_received_uart_print  main.o
    0x00027954   0x0000000c   Code   RO          416    i.bsp_board_button_idx_to_pin  boards.o
    0x00027960   0x00000020   Code   RO          417    i.bsp_board_button_state_get  boards.o
    0x00027980   0x00000054   Code   RO          418    i.bsp_board_init    boards.o
    0x000279d4   0x00000024   Code   RO          420    i.bsp_board_led_invert  boards.o
    0x000279f8   0x00000010   Code   RO          421    i.bsp_board_led_off  boards.o
    0x00027a08   0x00000010   Code   RO          422    i.bsp_board_led_on  boards.o
    0x00027a18   0x00000020   Code   RO          423    i.bsp_board_led_state_get  boards.o
    0x00027a38   0x00000012   Code   RO          424    i.bsp_board_leds_off  boards.o
    0x00027a4a   0x00000012   Code   RO          425    i.bsp_board_leds_on  boards.o
    0x00027a5c   0x00000024   Code   RO          426    i.bsp_board_pin_to_button_idx  boards.o
    0x00027a80   0x00000038   Code   RO          671    i.bsp_btn_ble_init  bsp_btn_ble.o
    0x00027ab8   0x0000001e   Code   RO          672    i.bsp_btn_ble_sleep_mode_prepare  bsp_btn_ble.o
    0x00027ad6   0x00000002   PAD
    0x00027ad8   0x00000090   Code   RO          553    i.bsp_button_event_handler  bsp.o
    0x00027b68   0x0000000c   Code   RO          554    i.bsp_button_is_pressed  bsp.o
    0x00027b74   0x00000028   Code   RO            8    i.bsp_event_handler  main.o
    0x00027b9c   0x00000044   Code   RO          557    i.bsp_event_to_button_action_assign  bsp.o
    0x00027be0   0x00000018   Code   RO          558    i.bsp_indication_set  bsp.o
    0x00027bf8   0x00000094   Code   RO          559    i.bsp_init          bsp.o
    0x00027c8c   0x000001c8   Code   RO          560    i.bsp_led_indication  bsp.o
    0x00027e54   0x00000006   Code   RO          562    i.bsp_wakeup_button_enable  bsp.o
    0x00027e5a   0x00000002   PAD
    0x00027e5c   0x00000090   Code   RO         4389    i.buf_prealloc      nrf_log_frontend.o
    0x00027eec   0x0000002e   Code   RO         3716    i.buffer_add        nrf_fprintf_format.o
    0x00027f1a   0x00000002   PAD
    0x00027f1c   0x00000014   Code   RO         4390    i.buffer_is_empty   nrf_log_frontend.o
    0x00027f30   0x00000028   Code   RO         2618    i.button_get        app_button.o
    0x00027f58   0x00000008   Code   RO          563    i.button_timer_handler  bsp.o
    0x00027f60   0x0000001c   Code   RO         1944    i.channel_free      nrfx_gpiote.o
    0x00027f7c   0x00000048   Code   RO         1945    i.channel_port_alloc  nrfx_gpiote.o
    0x00027fc4   0x00000010   Code   RO         1946    i.channel_port_get  nrfx_gpiote.o
    0x00027fd4   0x0000006c   Code   RO          890    i.characteristics_discover  ble_db_discovery.o
    0x00028040   0x00000028   Code   RO         1465    i.clock_clk_started_notify  nrf_drv_clock.o
    0x00028068   0x0000001c   Code   RO         1466    i.clock_irq_handler  nrf_drv_clock.o
    0x00028084   0x00000018   Code   RO         2936    i.compare_func      app_timer2.o
    0x0002809c   0x0000001e   Code   RO         1191    i.conn_handle_id_find  nrf_ble_gq.o
    0x000280ba   0x00000002   PAD
    0x000280bc   0x000000c0   Code   RO         1089    i.data_length_update  nrf_ble_gatt.o
    0x0002817c   0x0000000c   Code   RO            9    i.db_disc_handler   main.o
    0x00028188   0x000000b8   Code   RO          891    i.descriptors_discover  ble_db_discovery.o
    0x00028240   0x00000048   Code   RO         2619    i.detection_delay_timeout_handler  app_button.o
    0x00028288   0x00000030   Code   RO          892    i.discovery_available_evt_trigger  ble_db_discovery.o
    0x000282b8   0x000000b4   Code   RO          893    i.discovery_complete_evt_trigger  ble_db_discovery.o
    0x0002836c   0x00000050   Code   RO          894    i.discovery_error_handler  ble_db_discovery.o
    0x000283bc   0x0000007c   Code   RO          895    i.discovery_start   ble_db_discovery.o
    0x00028438   0x00000014   Code   RO         4391    i.dropped_sat16_get  nrf_log_frontend.o
    0x0002844c   0x00000014   Code   RO         3221    i.drv_rtc_compare_disable  drv_rtc.o
    0x00028460   0x0000000e   Code   RO         3223    i.drv_rtc_compare_pending  drv_rtc.o
    0x0002846e   0x00000050   Code   RO         3224    i.drv_rtc_compare_set  drv_rtc.o
    0x000284be   0x00000008   Code   RO         3225    i.drv_rtc_counter_get  drv_rtc.o
    0x000284c6   0x00000002   PAD
    0x000284c8   0x000000d4   Code   RO         3226    i.drv_rtc_init      drv_rtc.o
    0x0002859c   0x0000001a   Code   RO         3227    i.drv_rtc_irq_trigger  drv_rtc.o
    0x000285b6   0x00000008   Code   RO         3229    i.drv_rtc_overflow_enable  drv_rtc.o
    0x000285be   0x00000008   Code   RO         3230    i.drv_rtc_overflow_pending  drv_rtc.o
    0x000285c6   0x00000008   Code   RO         3231    i.drv_rtc_start     drv_rtc.o
    0x000285ce   0x00000008   Code   RO         3232    i.drv_rtc_stop      drv_rtc.o
    0x000285d6   0x000000de   Code   RO         3237    i.drv_rtc_windowed_compare_set  drv_rtc.o
    0x000286b4   0x00000012   Code   RO         3238    i.evt_enable        drv_rtc.o
    0x000286c6   0x00000002   PAD
    0x000286c8   0x000000e0   Code   RO         2620    i.evt_handle        app_button.o
    0x000287a8   0x00000014   Code   RO         3239    i.evt_pending       drv_rtc.o
    0x000287bc   0x00000014   Code   RO         2810    i.fifo_get          app_fifo.o
    0x000287d0   0x00000012   Code   RO         2811    i.fifo_put          app_fifo.o
    0x000287e2   0x0000000e   Code   RO         4213    i.fputc             retarget.o
    0x000287f0   0x0000000a   Code   RO         1397    i.gatt_error_handler  ble_nus_c.o
    0x000287fa   0x00000002   PAD
    0x000287fc   0x00000090   Code   RO           10    i.gatt_evt_handler  main.o
    0x0002888c   0x00000030   Code   RO           11    i.gatt_init         main.o
    0x000288bc   0x0000002c   Code   RO         1192    i.gattc_write_alloc  nrf_ble_gq.o
    0x000288e8   0x0000003e   Code   RO         1193    i.gatts_hvx_alloc   nrf_ble_gq.o
    0x00028926   0x00000002   PAD
    0x00028928   0x00000034   Code   RO         2937    i.get_now           app_timer2.o
    0x0002895c   0x0000003c   Code   RO         2621    i.gpiote_event_handler  app_button.o
    0x00028998   0x000000a6   Code   RO         3717    i.int_print         nrf_fprintf_format.o
    0x00028a3e   0x00000002   PAD
    0x00028a40   0x00000084   Code   RO         2455    i.interrupts_enable  nrfx_uarte.o
    0x00028ac4   0x00000034   Code   RO         4392    i.invalid_packets_omit  nrf_log_frontend.o
    0x00028af8   0x0000004c   Code   RO          896    i.is_desc_discovery_reqd  ble_db_discovery.o
    0x00028b44   0x00000016   Code   RO         1272    i.is_whitelist_used  nrf_ble_scan.o
    0x00028b5a   0x00000002   PAD
    0x00028b5c   0x00000030   Code   RO          564    i.leds_off          bsp.o
    0x00028b8c   0x00000014   Code   RO          565    i.leds_timer_handler  bsp.o
    0x00028ba0   0x00000018   Code   RO         1090    i.link_init         nrf_ble_gatt.o
    0x00028bb8   0x0000009c   Code   RO         4393    i.log_skip          nrf_log_frontend.o
    0x00028c54   0x00000174   Code   RO           12    i.main              main.o
    0x00028dc8   0x0000007e   Code   RO         3756    i.memobj_op         nrf_memobj.o
    0x00028e46   0x00000002   PAD
    0x00028e48   0x00000030   Code   RO         4394    i.module_idx_get    nrf_log_frontend.o
    0x00028e78   0x00000026   Code   RO         3435    i.nrf_atfifo_init   nrf_atfifo.o
    0x00028e9e   0x00000016   Code   RO         3436    i.nrf_atfifo_item_alloc  nrf_atfifo.o
    0x00028eb4   0x00000016   Code   RO         3437    i.nrf_atfifo_item_free  nrf_atfifo.o
    0x00028eca   0x00000016   Code   RO         3438    i.nrf_atfifo_item_get  nrf_atfifo.o
    0x00028ee0   0x00000016   Code   RO         3439    i.nrf_atfifo_item_put  nrf_atfifo.o
    0x00028ef6   0x00000006   Code   RO         3503    i.nrf_atomic_flag_clear_fetch  nrf_atomic.o
    0x00028efc   0x00000006   Code   RO         3504    i.nrf_atomic_flag_set  nrf_atomic.o
    0x00028f02   0x0000000c   Code   RO         3506    i.nrf_atomic_u32_add  nrf_atomic.o
    0x00028f0e   0x0000000a   Code   RO         3510    i.nrf_atomic_u32_fetch_and  nrf_atomic.o
    0x00028f18   0x0000000a   Code   RO         3512    i.nrf_atomic_u32_fetch_store  nrf_atomic.o
    0x00028f22   0x0000000c   Code   RO         3516    i.nrf_atomic_u32_or  nrf_atomic.o
    0x00028f2e   0x0000000c   Code   RO         3518    i.nrf_atomic_u32_sub  nrf_atomic.o
    0x00028f3a   0x00000044   Code   RO         3640    i.nrf_balloc_alloc  nrf_balloc.o
    0x00028f7e   0x00000030   Code   RO         3641    i.nrf_balloc_free   nrf_balloc.o
    0x00028fae   0x00000030   Code   RO         3642    i.nrf_balloc_init   nrf_balloc.o
    0x00028fde   0x00000010   Code   RO         1947    i.nrf_bitmask_bit_is_set  nrfx_gpiote.o
    0x00028fee   0x00000014   Code   RO         1948    i.nrf_bitmask_bit_set  nrfx_gpiote.o
    0x00029002   0x00000018   Code   RO         1091    i.nrf_ble_gatt_att_mtu_central_set  nrf_ble_gatt.o
    0x0002901a   0x00000022   Code   RO         1096    i.nrf_ble_gatt_init  nrf_ble_gatt.o
    0x0002903c   0x00000150   Code   RO         1097    i.nrf_ble_gatt_on_ble_evt  nrf_ble_gatt.o
    0x0002918c   0x0000006e   Code   RO         1194    i.nrf_ble_gq_conn_handle_register  nrf_ble_gq.o
    0x000291fa   0x00000002   PAD
    0x000291fc   0x000000a0   Code   RO         1195    i.nrf_ble_gq_item_add  nrf_ble_gq.o
    0x0002929c   0x00000060   Code   RO         1196    i.nrf_ble_gq_on_ble_evt  nrf_ble_gq.o
    0x000292fc   0x0000004c   Code   RO         1274    i.nrf_ble_scan_connect_with_target  nrf_ble_scan.o
    0x00029348   0x00000014   Code   RO         1276    i.nrf_ble_scan_default_conn_param_set  nrf_ble_scan.o
    0x0002935c   0x0000001e   Code   RO         1277    i.nrf_ble_scan_default_param_set  nrf_ble_scan.o
    0x0002937a   0x00000042   Code   RO         1279    i.nrf_ble_scan_filter_set  nrf_ble_scan.o
    0x000293bc   0x0000000e   Code   RO         1280    i.nrf_ble_scan_filters_disable  nrf_ble_scan.o
    0x000293ca   0x00000036   Code   RO         1281    i.nrf_ble_scan_filters_enable  nrf_ble_scan.o
    0x00029400   0x0000006a   Code   RO         1282    i.nrf_ble_scan_init  nrf_ble_scan.o
    0x0002946a   0x000000fc   Code   RO         1283    i.nrf_ble_scan_on_adv_report  nrf_ble_scan.o
    0x00029566   0x000000ae   Code   RO         1284    i.nrf_ble_scan_on_ble_evt  nrf_ble_scan.o
    0x00029614   0x00000088   Code   RO         1286    i.nrf_ble_scan_start  nrf_ble_scan.o
    0x0002969c   0x0000000e   Code   RO         1806    i.nrf_clock_event_check  nrfx_clock.o
    0x000296aa   0x00000010   Code   RO         1807    i.nrf_clock_event_clear  nrfx_clock.o
    0x000296ba   0x00000002   PAD
    0x000296bc   0x00000038   Code   RO         1473    i.nrf_drv_clock_init  nrf_drv_clock.o
    0x000296f4   0x00000030   Code   RO         1477    i.nrf_drv_clock_lfclk_release  nrf_drv_clock.o
    0x00029724   0x00000068   Code   RO         1614    i.nrf_drv_uart_init  nrf_drv_uart.o
    0x0002978c   0x00000020   Code   RO         3074    i.nrf_drv_uart_rx   app_uart_fifo.o
    0x000297ac   0x00000020   Code   RO         3075    i.nrf_drv_uart_tx   app_uart_fifo.o
    0x000297cc   0x0000001a   Code   RO         3677    i.nrf_fprintf       nrf_fprintf.o
    0x000297e6   0x00000018   Code   RO         3678    i.nrf_fprintf_buffer_flush  nrf_fprintf.o
    0x000297fe   0x000001da   Code   RO         3718    i.nrf_fprintf_fmt   nrf_fprintf_format.o
    0x000299d8   0x00000024   Code   RO          428    i.nrf_gpio_cfg      boards.o
    0x000299fc   0x00000024   Code   RO         1949    i.nrf_gpio_cfg      nrfx_gpiote.o
    0x00029a20   0x00000024   Code   RO         2267    i.nrf_gpio_cfg      nrfx_uart.o
    0x00029a44   0x00000024   Code   RO         2456    i.nrf_gpio_cfg      nrfx_uarte.o
    0x00029a68   0x00000012   Code   RO         2269    i.nrf_gpio_cfg_input  nrfx_uart.o
    0x00029a7a   0x00000012   Code   RO         2458    i.nrf_gpio_cfg_input  nrfx_uarte.o
    0x00029a8c   0x00000014   Code   RO         2270    i.nrf_gpio_cfg_output  nrfx_uart.o
    0x00029aa0   0x00000014   Code   RO         2459    i.nrf_gpio_cfg_output  nrfx_uarte.o
    0x00029ab4   0x00000022   Code   RO         1951    i.nrf_gpio_cfg_sense_set  nrfx_gpiote.o
    0x00029ad6   0x00000016   Code   RO          429    i.nrf_gpio_pin_write  boards.o
    0x00029aec   0x00000028   Code   RO         1952    i.nrf_gpio_ports_read  nrfx_gpiote.o
    0x00029b14   0x00000014   Code   RO         1953    i.nrf_gpiote_event_clear  nrfx_gpiote.o
    0x00029b28   0x00000010   Code   RO         1954    i.nrf_gpiote_event_is_set  nrfx_gpiote.o
    0x00029b38   0x0000005c   Code   RO         4395    i.nrf_log_backend_add  nrf_log_frontend.o
    0x00029b94   0x00000002   Code   RO         4250    i.nrf_log_backend_rtt_flush  nrf_log_backend_rtt.o
    0x00029b96   0x00000004   Code   RO         4251    i.nrf_log_backend_rtt_init  nrf_log_backend_rtt.o
    0x00029b9a   0x00000002   Code   RO         4252    i.nrf_log_backend_rtt_panic_set  nrf_log_backend_rtt.o
    0x00029b9c   0x00000018   Code   RO         4253    i.nrf_log_backend_rtt_put  nrf_log_backend_rtt.o
    0x00029bb4   0x000000c8   Code   RO         4319    i.nrf_log_backend_serial_put  nrf_log_backend_serial.o
    0x00029c7c   0x00000030   Code   RO         4397    i.nrf_log_color_id_get  nrf_log_frontend.o
    0x00029cac   0x0000001c   Code   RO         4353    i.nrf_log_default_backends_init  nrf_log_default_backends.o
    0x00029cc8   0x00000234   Code   RO         4398    i.nrf_log_frontend_dequeue  nrf_log_frontend.o
    0x00029efc   0x00000008   Code   RO         4400    i.nrf_log_frontend_std_0  nrf_log_frontend.o
    0x00029f04   0x0000000e   Code   RO         4401    i.nrf_log_frontend_std_1  nrf_log_frontend.o
    0x00029f12   0x00000010   Code   RO         4402    i.nrf_log_frontend_std_2  nrf_log_frontend.o
    0x00029f22   0x00000012   Code   RO         4403    i.nrf_log_frontend_std_3  nrf_log_frontend.o
    0x00029f34   0x0000001c   Code   RO         4406    i.nrf_log_frontend_std_6  nrf_log_frontend.o
    0x00029f50   0x000000b0   Code   RO         4575    i.nrf_log_hexdump_entry_process  nrf_log_str_formatter.o
    0x0002a000   0x0000003c   Code   RO         4407    i.nrf_log_init      nrf_log_frontend.o
    0x0002a03c   0x00000014   Code   RO         4408    i.nrf_log_module_cnt_get  nrf_log_frontend.o
    0x0002a050   0x0000001c   Code   RO         4411    i.nrf_log_module_name_get  nrf_log_frontend.o
    0x0002a06c   0x0000002c   Code   RO         4412    i.nrf_log_panic     nrf_log_frontend.o
    0x0002a098   0x000000b6   Code   RO         4576    i.nrf_log_std_entry_process  nrf_log_str_formatter.o
    0x0002a14e   0x00000060   Code   RO         3757    i.nrf_memobj_alloc  nrf_memobj.o
    0x0002a1ae   0x00000032   Code   RO         3758    i.nrf_memobj_free   nrf_memobj.o
    0x0002a1e0   0x00000008   Code   RO         3759    i.nrf_memobj_get    nrf_memobj.o
    0x0002a1e8   0x00000004   Code   RO         3760    i.nrf_memobj_pool_init  nrf_memobj.o
    0x0002a1ec   0x0000001e   Code   RO         3761    i.nrf_memobj_put    nrf_memobj.o
    0x0002a20a   0x00000010   Code   RO         3762    i.nrf_memobj_read   nrf_memobj.o
    0x0002a21a   0x00000010   Code   RO         3763    i.nrf_memobj_write  nrf_memobj.o
    0x0002a22a   0x00000002   PAD
    0x0002a22c   0x00000028   Code   RO         3835    i.nrf_pwr_mgmt_init  nrf_pwr_mgmt.o
    0x0002a254   0x00000044   Code   RO         3836    i.nrf_pwr_mgmt_run  nrf_pwr_mgmt.o
    0x0002a298   0x0000003c   Code   RO         3837    i.nrf_pwr_mgmt_shutdown  nrf_pwr_mgmt.o
    0x0002a2d4   0x0000008e   Code   RO         3909    i.nrf_queue_generic_pop  nrf_queue.o
    0x0002a362   0x00000012   Code   RO         3911    i.nrf_queue_is_empty  nrf_queue.o
    0x0002a374   0x0000001e   Code   RO         3912    i.nrf_queue_is_full  nrf_queue.o
    0x0002a392   0x0000000e   Code   RO         3915    i.nrf_queue_next_idx  nrf_queue.o
    0x0002a3a0   0x000000b2   Code   RO         3917    i.nrf_queue_push    nrf_queue.o
    0x0002a452   0x0000001c   Code   RO         4030    i.nrf_ringbuf_init  nrf_ringbuf.o
    0x0002a46e   0x0000000c   Code   RO         3240    i.nrf_rtc_event_clear  drv_rtc.o
    0x0002a47a   0x00000002   PAD
    0x0002a47c   0x00000014   Code   RO         5006    i.nrf_sdh_ble_app_ram_start_get  nrf_sdh_ble.o
    0x0002a490   0x00000130   Code   RO         5007    i.nrf_sdh_ble_default_cfg_set  nrf_sdh_ble.o
    0x0002a5c0   0x00000130   Code   RO         5008    i.nrf_sdh_ble_enable  nrf_sdh_ble.o
    0x0002a6f0   0x00000060   Code   RO         5009    i.nrf_sdh_ble_evts_poll  nrf_sdh_ble.o
    0x0002a750   0x00000074   Code   RO         4888    i.nrf_sdh_enable_request  nrf_sdh.o
    0x0002a7c4   0x00000024   Code   RO         4889    i.nrf_sdh_evts_poll  nrf_sdh.o
    0x0002a7e8   0x0000000c   Code   RO         4890    i.nrf_sdh_is_enabled  nrf_sdh.o
    0x0002a7f4   0x0000003c   Code   RO         5060    i.nrf_sdh_soc_evts_poll  nrf_sdh_soc.o
    0x0002a830   0x0000000a   Code   RO         4088    i.nrf_section_iter_init  nrf_section_iter.o
    0x0002a83a   0x00000024   Code   RO         4089    i.nrf_section_iter_item_set  nrf_section_iter.o
    0x0002a85e   0x00000020   Code   RO         4090    i.nrf_section_iter_next  nrf_section_iter.o
    0x0002a87e   0x00000022   Code   RO         4123    i.nrf_sortlist_add  nrf_sortlist.o
    0x0002a8a0   0x00000006   Code   RO         4125    i.nrf_sortlist_peek  nrf_sortlist.o
    0x0002a8a6   0x0000000e   Code   RO         4126    i.nrf_sortlist_pop  nrf_sortlist.o
    0x0002a8b4   0x0000001e   Code   RO         4127    i.nrf_sortlist_remove  nrf_sortlist.o
    0x0002a8d2   0x00000002   PAD
    0x0002a8d4   0x00000038   Code   RO         4179    i.nrf_strerror_find  nrf_strerror.o
    0x0002a90c   0x00000014   Code   RO         4180    i.nrf_strerror_get  nrf_strerror.o
    0x0002a920   0x0000000a   Code   RO         2271    i.nrf_uart_event_check  nrfx_uart.o
    0x0002a92a   0x0000000c   Code   RO         2272    i.nrf_uart_event_clear  nrfx_uart.o
    0x0002a936   0x0000000c   Code   RO         2273    i.nrf_uart_int_enable_check  nrfx_uart.o
    0x0002a942   0x0000000a   Code   RO         2460    i.nrf_uarte_event_check  nrfx_uarte.o
    0x0002a94c   0x0000000c   Code   RO         2461    i.nrf_uarte_event_clear  nrfx_uarte.o
    0x0002a958   0x0000002c   Code   RO         1812    i.nrfx_clock_enable  nrfx_clock.o
    0x0002a984   0x00000020   Code   RO         1815    i.nrfx_clock_init   nrfx_clock.o
    0x0002a9a4   0x0000001c   Code   RO         1818    i.nrfx_clock_lfclk_stop  nrfx_clock.o
    0x0002a9c0   0x00000010   Code   RO         3241    i.nrfx_coredep_delay_us  drv_rtc.o
    0x0002a9d0   0x000000a4   Code   RO         1959    i.nrfx_gpiote_in_event_enable  nrfx_gpiote.o
    0x0002aa74   0x000000d0   Code   RO         1960    i.nrfx_gpiote_in_init  nrfx_gpiote.o
    0x0002ab44   0x00000014   Code   RO         1961    i.nrfx_gpiote_in_is_set  nrfx_gpiote.o
    0x0002ab58   0x0000006c   Code   RO         1963    i.nrfx_gpiote_init  nrfx_gpiote.o
    0x0002abc4   0x00000014   Code   RO         1964    i.nrfx_gpiote_is_init  nrfx_gpiote.o
    0x0002abd8   0x00000010   Code   RO         2462    i.nrfx_is_in_ram    nrfx_uarte.o
    0x0002abe8   0x0000003a   Code   RO         2213    i.nrfx_prs_acquire  nrfx_prs.o
    0x0002ac22   0x00000002   PAD
    0x0002ac24   0x00000010   Code   RO         2274    i.nrfx_uart_0_irq_handler  nrfx_uart.o
    0x0002ac34   0x000000d0   Code   RO         2276    i.nrfx_uart_init    nrfx_uart.o
    0x0002ad04   0x000000ec   Code   RO         2277    i.nrfx_uart_rx      nrfx_uart.o
    0x0002adf0   0x000000a8   Code   RO         2282    i.nrfx_uart_tx      nrfx_uart.o
    0x0002ae98   0x00000020   Code   RO         2284    i.nrfx_uart_tx_in_progress  nrfx_uart.o
    0x0002aeb8   0x00000010   Code   RO         2463    i.nrfx_uarte_0_irq_handler  nrfx_uarte.o
    0x0002aec8   0x0000006c   Code   RO         2465    i.nrfx_uarte_init   nrfx_uarte.o
    0x0002af34   0x00000104   Code   RO         2466    i.nrfx_uarte_rx     nrfx_uarte.o
    0x0002b038   0x000000ac   Code   RO         2469    i.nrfx_uarte_tx     nrfx_uarte.o
    0x0002b0e4   0x0000001c   Code   RO         2471    i.nrfx_uarte_tx_in_progress  nrfx_uarte.o
    0x0002b100   0x00000004   Code   RO           13    i.nus_error_handler  main.o
    0x0002b104   0x00000138   Code   RO          897    i.on_characteristic_discovery_rsp  ble_db_discovery.o
    0x0002b23c   0x000000a8   Code   RO         1098    i.on_connected_evt  nrf_ble_gatt.o
    0x0002b2e4   0x000000da   Code   RO          898    i.on_descriptor_discovery_rsp  ble_db_discovery.o
    0x0002b3be   0x00000002   PAD
    0x0002b3c0   0x000000ac   Code   RO         1099    i.on_exchange_mtu_request_evt  nrf_ble_gatt.o
    0x0002b46c   0x000000c0   Code   RO          899    i.on_primary_srv_discovery_rsp  ble_db_discovery.o
    0x0002b52c   0x0000009c   Code   RO          900    i.on_srv_disc_completion  ble_db_discovery.o
    0x0002b5c8   0x00000018   Code   RO         1980    i.pin_in_use_by_port  nrfx_gpiote.o
    0x0002b5e0   0x00000018   Code   RO         1981    i.pin_in_use_by_te  nrfx_gpiote.o
    0x0002b5f8   0x0000003c   Code   RO         4578    i.postfix_process   nrf_log_str_formatter.o
    0x0002b634   0x00000098   Code   RO         4579    i.prefix_process    nrf_log_str_formatter.o
    0x0002b6cc   0x00000018   Code   RO         2215    i.prs_box_get       nrfx_prs.o
    0x0002b6e4   0x00000118   Code   RO         1197    i.queue_process     nrf_ble_gq.o
    0x0002b7fc   0x00000018   Code   RO         3923    i.queue_utilization_get  nrf_queue.o
    0x0002b814   0x00000058   Code   RO         1198    i.queues_purge      nrf_ble_gq.o
    0x0002b86c   0x00000038   Code   RO          901    i.registered_handler_get  ble_db_discovery.o
    0x0002b8a4   0x00000048   Code   RO         1199    i.request_err_code_handle  nrf_ble_gq.o
    0x0002b8ec   0x000000b4   Code   RO         1200    i.request_process   nrf_ble_gq.o
    0x0002b9a0   0x0000005c   Code   RO         2938    i.rtc_irq           app_timer2.o
    0x0002b9fc   0x00000064   Code   RO         2939    i.rtc_schedule      app_timer2.o
    0x0002ba60   0x00000074   Code   RO         2940    i.rtc_update        app_timer2.o
    0x0002bad4   0x00000032   Code   RO         2286    i.rx_byte           nrfx_uart.o
    0x0002bb06   0x00000016   Code   RO         2287    i.rx_done_event     nrfx_uart.o
    0x0002bb1c   0x00000016   Code   RO         2473    i.rx_done_event     nrfx_uarte.o
    0x0002bb32   0x00000020   Code   RO         2288    i.rx_enable         nrfx_uart.o
    0x0002bb52   0x00000002   PAD
    0x0002bb54   0x000000a0   Code   RO           14    i.scan_evt_handler  main.o
    0x0002bbf4   0x00000058   Code   RO           15    i.scan_init         main.o
    0x0002bc4c   0x00000028   Code   RO           16    i.scan_start        main.o
    0x0002bc74   0x00000050   Code   RO         1480    i.sd_state_evt_handler  nrf_drv_clock.o
    0x0002bcc4   0x00000030   Code   RO         4895    i.sdh_request_observer_notify  nrf_sdh.o
    0x0002bcf4   0x0000002c   Code   RO         4896    i.sdh_state_observer_notify  nrf_sdh.o
    0x0002bd20   0x00000050   Code   RO         4254    i.serial_tx         nrf_log_backend_rtt.o
    0x0002bd70   0x00000020   Code   RO           17    i.shutdown_handler  main.o
    0x0002bd90   0x0000007c   Code   RO         3838    i.shutdown_process  nrf_pwr_mgmt.o
    0x0002be0c   0x00000018   Code   RO         1481    i.soc_evt_handler   nrf_drv_clock.o
    0x0002be24   0x00000058   Code   RO         4898    i.softdevices_evt_irq_enable  nrf_sdh.o
    0x0002be7c   0x0000000c   Code   RO         2941    i.sortlist_pop      app_timer2.o
    0x0002be88   0x00000030   Code   RO         2622    i.state_set         app_button.o
    0x0002beb8   0x0000008c   Code   RO         4414    i.std_n             nrf_log_frontend.o
    0x0002bf44   0x00000058   Code   RO         2942    i.timer_expire      app_timer2.o
    0x0002bf9c   0x00000078   Code   RO         2943    i.timer_req_process  app_timer2.o
    0x0002c014   0x00000038   Code   RO         2944    i.timer_req_schedule  app_timer2.o
    0x0002c04c   0x00000018   Code   RO         2623    i.timer_start       app_button.o
    0x0002c064   0x00000020   Code   RO         2289    i.tx_byte           nrfx_uart.o
    0x0002c084   0x0000001a   Code   RO         2290    i.tx_done_event     nrfx_uart.o
    0x0002c09e   0x0000001a   Code   RO         2474    i.tx_done_event     nrfx_uarte.o
    0x0002c0b8   0x000000ec   Code   RO           18    i.uart_event_handle  main.o
    0x0002c1a4   0x000000a4   Code   RO         3076    i.uart_event_handler  app_uart_fifo.o
    0x0002c248   0x00000030   Code   RO         1615    i.uart_evt_handler  nrf_drv_uart.o
    0x0002c278   0x0000012a   Code   RO         2291    i.uart_irq_handler  nrfx_uart.o
    0x0002c3a2   0x00000002   PAD
    0x0002c3a4   0x00000030   Code   RO         1616    i.uarte_evt_handler  nrf_drv_uart.o
    0x0002c3d4   0x00000112   Code   RO         2475    i.uarte_irq_handler  nrfx_uarte.o
    0x0002c4e6   0x00000002   PAD
    0x0002c4e8   0x000000b4   Code   RO         3719    i.unsigned_print    nrf_fprintf_format.o
    0x0002c59c   0x00000020   Code   RO         2624    i.usr_event         app_button.o
    0x0002c5bc   0x0000003a   Code   RO          566    i.wakeup_button_cfg  bsp.o
    0x0002c5f6   0x00000002   PAD
    0x0002c5f8   0x00000014   Data   RO           24    .constdata          main.o
    0x0002c60c   0x0000001c   Data   RO           25    .constdata          main.o
    0x0002c628   0x00000008   Data   RO          430    .constdata          boards.o
    0x0002c630   0x0000002c   Data   RO          571    .constdata          bsp.o
    0x0002c65c   0x0000007c   Data   RO          903    .constdata          ble_db_discovery.o
    0x0002c6d8   0x00000016   Data   RO         1100    .constdata          nrf_ble_gatt.o
    0x0002c6ee   0x00000002   PAD
    0x0002c6f0   0x00000018   Data   RO         1201    .constdata          nrf_ble_gq.o
    0x0002c708   0x00000010   Data   RO         1398    .constdata          ble_nus_c.o
    0x0002c718   0x00000004   Data   RO         1983    .constdata          nrfx_gpiote.o
    0x0002c71c   0x00000004   Data   RO         2294    .constdata          nrfx_uart.o
    0x0002c720   0x00000004   Data   RO         2478    .constdata          nrfx_uarte.o
    0x0002c724   0x00000008   Data   RO         2627    .constdata          app_button.o
    0x0002c72c   0x00000014   Data   RO         2947    .constdata          app_timer2.o
    0x0002c740   0x00000020   Data   RO         3078    .constdata          app_uart_fifo.o
    0x0002c760   0x00000006   Data   RO         3242    .constdata          drv_rtc.o
    0x0002c766   0x00000010   Data   RO         3720    .constdata          nrf_fprintf_format.o
    0x0002c776   0x00000002   PAD
    0x0002c778   0x00000018   Data   RO         3840    .constdata          nrf_pwr_mgmt.o
    0x0002c790   0x0000000c   Data   RO         3841    .constdata          nrf_pwr_mgmt.o
    0x0002c79c   0x0000013c   Data   RO         4181    .constdata          nrf_strerror.o
    0x0002c8d8   0x0000000c   Data   RO         4256    .constdata          nrf_log_backend_rtt.o
    0x0002c8e4   0x0000000c   PAD
    0x0002c8f0   0x00000006   Data   RO         4257    .constdata          nrf_log_backend_rtt.o
    0x0002c8f6   0x00000002   PAD
    0x0002c8f8   0x0000000c   Data   RO         4419    .constdata          nrf_log_frontend.o
    0x0002c904   0x00000010   Data   RO         4899    .constdata          nrf_sdh.o
    0x0002c914   0x00000028   Data   RO         4900    .constdata          nrf_sdh.o
    0x0002c93c   0x00000010   Data   RO         4901    .constdata          nrf_sdh.o
    0x0002c94c   0x00000010   Data   RO         4902    .constdata          nrf_sdh.o
    0x0002c95c   0x00000020   Data   RO         5010    .constdata          nrf_sdh_ble.o
    0x0002c97c   0x00000010   Data   RO         5011    .constdata          nrf_sdh_ble.o
    0x0002c98c   0x00000010   Data   RO         5061    .constdata          nrf_sdh_soc.o
    0x0002c99c   0x0000000c   Data   RO         5062    .constdata          nrf_sdh_soc.o
    0x0002c9a8   0x00000081   Data   RO         5143    .constdata          mc_w.l(ctype_o.o)
    0x0002ca29   0x00000003   PAD
    0x0002ca2c   0x00000004   Data   RO         5144    .constdata          mc_w.l(ctype_o.o)
    0x0002ca30   0x000000e9   Data   RO          904    .conststring        ble_db_discovery.o
    0x0002cb19   0x00000003   PAD
    0x0002cb1c   0x000000a2   Data   RO         1101    .conststring        nrf_ble_gatt.o
    0x0002cbbe   0x00000002   PAD
    0x0002cbc0   0x0000004a   Data   RO         1202    .conststring        nrf_ble_gq.o
    0x0002cc0a   0x00000002   PAD
    0x0002cc0c   0x000003eb   Data   RO         4182    .conststring        nrf_strerror.o
    0x0002cff7   0x00000001   PAD
    0x0002cff8   0x00000066   Data   RO         4580    .conststring        nrf_log_str_formatter.o
    0x0002d05e   0x00000002   PAD
    0x0002d060   0x000001cf   Data   RO         5012    .conststring        nrf_sdh_ble.o
    0x0002d22f   0x00000001   PAD
    0x0002d230   0x0000000c   Data   RO          905    .conststrlit        ble_db_discovery.o
    0x0002d23c   0x0000000d   Data   RO         1102    .conststrlit        nrf_ble_gatt.o
    0x0002d249   0x00000003   PAD
    0x0002d24c   0x0000000b   Data   RO         1203    .conststrlit        nrf_ble_gq.o
    0x0002d257   0x00000001   PAD
    0x0002d258   0x00000009   Data   RO         1288    .conststrlit        nrf_ble_scan.o
    0x0002d261   0x00000003   PAD
    0x0002d264   0x0000000a   Data   RO         1399    .conststrlit        ble_nus_c.o
    0x0002d26e   0x00000002   PAD
    0x0002d270   0x00000006   Data   RO         1487    .conststrlit        nrf_drv_clock.o
    0x0002d276   0x00000002   PAD
    0x0002d278   0x00000006   Data   RO         1822    .conststrlit        nrfx_clock.o
    0x0002d27e   0x00000002   PAD
    0x0002d280   0x00000007   Data   RO         1987    .conststrlit        nrfx_gpiote.o
    0x0002d287   0x00000001   PAD
    0x0002d288   0x00000004   Data   RO         2217    .conststrlit        nrfx_prs.o
    0x0002d28c   0x00000005   Data   RO         2297    .conststrlit        nrfx_uart.o
    0x0002d291   0x00000003   PAD
    0x0002d294   0x00000006   Data   RO         2481    .conststrlit        nrfx_uarte.o
    0x0002d29a   0x00000002   PAD
    0x0002d29c   0x0000000b   Data   RO         2628    .conststrlit        app_button.o
    0x0002d2a7   0x00000001   PAD
    0x0002d2a8   0x0000000a   Data   RO         2948    .conststrlit        app_timer2.o
    0x0002d2b2   0x00000002   PAD
    0x0002d2b4   0x00000009   Data   RO         3842    .conststrlit        nrf_pwr_mgmt.o
    0x0002d2bd   0x00000003   PAD
    0x0002d2c0   0x00000009   Data   RO         4128    .conststrlit        nrf_sortlist.o
    0x0002d2c9   0x00000003   PAD
    0x0002d2cc   0x00000010   Data   RO         4354    .conststrlit        nrf_log_default_backends.o
    0x0002d2dc   0x00000004   Data   RO         4420    .conststrlit        nrf_log_frontend.o
    0x0002d2e0   0x00000008   Data   RO         4903    .conststrlit        nrf_sdh.o
    0x0002d2e8   0x0000000c   Data   RO         5013    .conststrlit        nrf_sdh_ble.o
    0x0002d2f4   0x0000000c   Data   RO         5063    .conststrlit        nrf_sdh_soc.o
    0x0002d300   0x00000020   Data   RO         5477    Region$$Table       anon$$obj.o
    0x0002d320   0x00000010   Data   RO         4356    log_backends        nrf_log_default_backends.o
    0x0002d330   0x00000008   Data   RO          907    log_const_data      ble_db_discovery.o
    0x0002d338   0x00000008   Data   RO         1103    log_const_data      nrf_ble_gatt.o
    0x0002d340   0x00000008   Data   RO         1204    log_const_data      nrf_ble_gq.o
    0x0002d348   0x00000008   Data   RO         1289    log_const_data      nrf_ble_scan.o
    0x0002d350   0x00000008   Data   RO         1400    log_const_data      ble_nus_c.o
    0x0002d358   0x00000008   Data   RO         1488    log_const_data      nrf_drv_clock.o
    0x0002d360   0x00000008   Data   RO         1824    log_const_data      nrfx_clock.o
    0x0002d368   0x00000008   Data   RO         1988    log_const_data      nrfx_gpiote.o
    0x0002d370   0x00000008   Data   RO         2219    log_const_data      nrfx_prs.o
    0x0002d378   0x00000008   Data   RO         2298    log_const_data      nrfx_uart.o
    0x0002d380   0x00000008   Data   RO         2482    log_const_data      nrfx_uarte.o
    0x0002d388   0x00000008   Data   RO         2630    log_const_data      app_button.o
    0x0002d390   0x00000008   Data   RO         2951    log_const_data      app_timer2.o
    0x0002d398   0x00000008   Data   RO         3844    log_const_data      nrf_pwr_mgmt.o
    0x0002d3a0   0x00000008   Data   RO         4129    log_const_data      nrf_sortlist.o
    0x0002d3a8   0x00000008   Data   RO         4423    log_const_data      nrf_log_frontend.o
    0x0002d3b0   0x00000008   Data   RO         4905    log_const_data      nrf_sdh.o
    0x0002d3b8   0x00000008   Data   RO         5015    log_const_data      nrf_sdh_ble.o
    0x0002d3c0   0x00000008   Data   RO         5064    log_const_data      nrf_sdh_soc.o
    0x0002d3c8   0x00000014   Data   RO           31    nrf_balloc          main.o
    0x0002d3dc   0x00000014   Data   RO         4424    nrf_balloc          nrf_log_frontend.o
    0x0002d3f0   0x00000014   Data   RO           32    nrf_queue           main.o
    0x0002d404   0x00000004   Data   RO           33    pwr_mgmt_data1      main.o
    0x0002d408   0x00000020   Data   RO           34    sdh_ble_observers1  main.o
    0x0002d428   0x00000008   Data   RO          674    sdh_ble_observers1  bsp_btn_ble.o
    0x0002d430   0x00000008   Data   RO           35    sdh_ble_observers2  main.o
    0x0002d438   0x00000008   Data   RO           36    sdh_ble_observers3  main.o
    0x0002d440   0x00000008   Data   RO         1489    sdh_soc_observers0  nrf_drv_clock.o
    0x0002d448   0x00000008   Data   RO         5016    sdh_stack_observers0  nrf_sdh_ble.o
    0x0002d450   0x00000008   Data   RO         5065    sdh_stack_observers0  nrf_sdh_soc.o
    0x0002d458   0x00000008   Data   RO         1490    sdh_state_observers0  nrf_drv_clock.o


    Execution Region RW_IRAM1 (Base: 0x20002a28, Size: 0x00003668, Max: 0x0000d5d8, ABSOLUTE, COMPRESSED[0x00000068])

    Base Addr    Size         Type   Attr      Idx    E Section Name        Object

    0x20002a28   0x000005e8   Data   RW           26    .data               main.o
    0x20003010   0x00000002   Data   RW           27    .data               main.o
    0x20003012   0x00000004   Data   RW           28    .data               main.o
    0x20003016   0x00000008   Data   RW           29    .data               main.o
    0x2000301e   0x00000002   PAD
    0x20003020   0x00000008   Data   RW           30    .data               main.o
    0x20003028   0x00000010   Data   RW          572    .data               bsp.o
    0x20003038   0x00000008   Data   RW          673    .data               bsp_btn_ble.o
    0x20003040   0x00000010   Data   RW          906    .data               ble_db_discovery.o
    0x20003050   0x0000000c   Data   RW         1617    .data               nrf_drv_uart.o
    0x2000305c   0x00000008   Data   RW         1823    .data               nrfx_clock.o
    0x20003064   0x00000008   Data   RW         2218    .data               nrfx_prs.o
    0x2000306c   0x00000004   PAD
    0x20003070   0x00000018   Data   RW         2629    .data               app_button.o
    0x20003088   0x00000020   Data   RW         2949    .data               app_timer2.o
    0x200030a8   0x00000004   Data   RW         2950    .data               app_timer2.o
    0x200030ac   0x0000001c   Data   RW         3079    .data               app_uart_fifo.o
    0x200030c8   0x0000000c   Data   RW         3243    .data               drv_rtc.o
    0x200030d4   0x00000008   Data   RW         3843    .data               nrf_pwr_mgmt.o
    0x200030dc   0x00000004   Data   RW         4214    .data               retarget.o
    0x200030e0   0x00000001   Data   RW         4258    .data               nrf_log_backend_rtt.o
    0x200030e1   0x00000003   PAD
    0x200030e4   0x00000008   Data   RW         4355    .data               nrf_log_default_backends.o
    0x200030ec   0x00000008   Data   RW         4421    .data               nrf_log_frontend.o
    0x200030f4   0x00000008   Data   RW         4422    .data               nrf_log_frontend.o
    0x200030fc   0x00000040   Data   RW         4581    .data               nrf_log_str_formatter.o
    0x2000313c   0x00000003   Data   RW         4904    .data               nrf_sdh.o
    0x2000313f   0x00000001   Data   RW         5014    .data               nrf_sdh_ble.o
    0x20003140   0x00000004   Data   RW         5104    .data               system_nrf52.o
    0x20003144   0x00000370   Zero   RW           19    .bss                main.o
    0x200034b4   0x000000a0   Zero   RW           20    .bss                main.o
    0x20003554   0x0000000c   Zero   RW           21    .bss                main.o
    0x20003560   0x0000000c   Zero   RW           22    .bss                main.o
    0x2000356c   0x000000c0   Zero   RW           23    .bss                main.o
    0x2000362c   0x00000004   PAD
    0x20003630   0x00000020   Zero   RW          567    .bss                bsp.o
    0x20003650   0x00000020   Zero   RW          568    .bss                bsp.o
    0x20003670   0x0000000c   Zero   RW          569    .bss                bsp.o
    0x2000367c   0x00000004   PAD
    0x20003680   0x00000020   Zero   RW          570    .bss                bsp.o
    0x200036a0   0x00000018   Zero   RW          902    .bss                ble_db_discovery.o
    0x200036b8   0x00000014   Zero   RW         1482    .bss                nrf_drv_clock.o
    0x200036cc   0x0000005c   Zero   RW         1982    .bss                nrfx_gpiote.o
    0x20003728   0x0000002c   Zero   RW         2292    .bss                nrfx_uart.o
    0x20003754   0x00000024   Zero   RW         2476    .bss                nrfx_uarte.o
    0x20003778   0x00000020   Zero   RW         2625    .bss                app_button.o
    0x20003798   0x00000010   Zero   RW         2626    .bss                app_button.o
    0x200037a8   0x00000010   Zero   RW         2945    .bss                app_timer2.o
    0x200037b8   0x00000058   Zero   RW         2946    .bss                app_timer2.o
    0x20003810   0x00000020   Zero   RW         3077    .bss                app_uart_fifo.o
    0x20003830   0x0000000c   Zero   RW         3158    .bss                app_util_platform.o
    0x2000383c   0x0000000c   Zero   RW         3839    .bss                nrf_pwr_mgmt.o
    0x20003848   0x00000040   Zero   RW         4255    .bss                nrf_log_backend_rtt.o
    0x20003888   0x000000c0   Zero   RW         4415    .bss                nrf_log_frontend.o
    0x20003948   0x00000080   Zero   RW         4416    .bss                nrf_log_frontend.o
    0x200039c8   0x00000018   Zero   RW         4417    .bss                nrf_log_frontend.o
    0x200039e0   0x00000424   Zero   RW         4418    .bss                nrf_log_frontend.o
    0x20003e04   0x00000288   Zero   RW         4657    .bss                segger_rtt.o
    0x2000408c   0x00000004   PAD
    0x20004090   0x00002000   Zero   RW         5092    STACK               arm_startup_nrf52.o


==============================================================================

Image component sizes


      Code (inc. data)   RO Data    RW Data    ZI Data      Debug   Object Name

       664         68         27         24         48      17562   app_button.o
        22          0          0          0          0       2425   app_error.o
       132         46          0          0          0      30521   app_error_weak.o
       118          0          0          0          0       4906   app_fifo.o
       846         88         38         36        104      16361   app_timer2.o
       528         60         32         28         32      21034   app_uart_fifo.o
       124         14          0          0         12       9486   app_util_platform.o
        36          8        512          0       8192        908   arm_startup_nrf52.o
       246          0          0          0          0      44583   ble_advdata.o
      1966        156        377         16         24      31715   ble_db_discovery.o
       652         70         34          0          0      12296   ble_nus_c.o
       358         40          8          0          0      48703   boards.o
       998         84         44         16        108      15371   bsp.o
       252         10          8          8          0       4716   bsp_btn_ble.o
       696         76          6         12          0      46125   drv_rtc.o
      1888        712        140       1534       1256     152462   main.o
       326          0          0          0          0       5827   nrf_atfifo.o
       294          0          0          0          0       7723   nrf_atomic.o
       164          0          0          0          0       3576   nrf_balloc.o
       950        272        205          0          0      37814   nrf_ble_gatt.o
      1122        114        117          0          0      10867   nrf_ble_gq.o
       950         44         17          0          0      12691   nrf_ble_scan.o
       276         34         30          0         20      37488   nrf_drv_clock.o
       200         26          0         12          0      17676   nrf_drv_uart.o
        50          0          0          0          0       3473   nrf_fprintf.o
       866          4         16          0          0       6478   nrf_fprintf_format.o
       112         18         18          1         64       5997   nrf_log_backend_rtt.o
       200          0          0          0          0      10801   nrf_log_backend_serial.o
        28          4         32          8          0       3289   nrf_log_default_backends.o
      1520        114         44         16       1404      31076   nrf_log_frontend.o
       570        108        102         64          0       5568   nrf_log_str_formatter.o
       346          0          0          0          0       9439   nrf_memobj.o
       292         42         53          8         12      38010   nrf_pwr_mgmt.o
       406          0          0          0          0       6315   nrf_queue.o
        28          0          0          0          0       2327   nrf_ringbuf.o
       384         46        104          3          0      39031   nrf_sdh.o
       724        232        539          1          0       5837   nrf_sdh_ble.o
        60          4         56          0          0       2424   nrf_sdh_soc.o
        78          0          0          0          0       2724   nrf_section_iter.o
        84          0         17          0          0       4021   nrf_sortlist.o
        76         10       1319          0          0       2683   nrf_strerror.o
       222         30         14          8          0      43302   nrfx_clock.o
      1222         92         19          0         92      59163   nrfx_gpiote.o
        94         16         12          8          0       3693   nrfx_prs.o
      1364         38         17          0         44      29909   nrfx_uart.o
      1286         36         18          0         36      24791   nrfx_uarte.o
        14          0          0          4          0       2834   retarget.o
       378         34          0          0        648       8853   segger_rtt.o
       796         70          0          4          0       2895   system_nrf52.o

    ----------------------------------------------------------------------
     25066       2820       4064       1820      12108     947769   Object Totals
         0          0         32          0          0          0   (incl. Generated)
        58          0         57          9         12          0   (incl. Padding)

    ----------------------------------------------------------------------

      Code (inc. data)   RO Data    RW Data    ZI Data      Debug   Library Member Name

        86          0          0          0          0          0   __dczerorl2.o
         8          4        133          0          0         68   ctype_o.o
         0          0          0          0          0          0   entry.o
         0          0          0          0          0          0   entry10a.o
         0          0          0          0          0          0   entry11a.o
         8          4          0          0          0          0   entry2.o
         4          0          0          0          0          0   entry5.o
         0          0          0          0          0          0   entry7b.o
         0          0          0          0          0          0   entry8b.o
         8          4          0          0          0          0   entry9a.o
        30          0          0          0          0          0   handlers.o
        36          8          0          0          0         68   init.o
        30          0          0          0          0         68   llshl.o
        32          0          0          0          0         68   llushr.o
        26          0          0          0          0         80   memcmp.o
        36          0          0          0          0         68   memcpya.o
        36          0          0          0          0        108   memseta.o
        50          8          0          0          0        152   printfb.o
        18          0          0          0          0         68   strcpy.o
        14          0          0          0          0         68   strlen.o
        98          0          0          0          0         92   uldiv.o

    ----------------------------------------------------------------------
       526         28        136          0          0        908   Library Totals
         6          0          3          0          0          0   (incl. Padding)

    ----------------------------------------------------------------------

      Code (inc. data)   RO Data    RW Data    ZI Data      Debug   Library Name

       520         28        133          0          0        908   mc_w.l

    ----------------------------------------------------------------------
       526         28        136          0          0        908   Library Totals

    ----------------------------------------------------------------------

==============================================================================


      Code (inc. data)   RO Data    RW Data    ZI Data      Debug   

     25592       2848       4200       1820      12108     917097   Grand Totals
     25592       2848       4200        104      12108     917097   ELF Image Totals (compressed)
     25592       2848       4200        104          0          0   ROM Totals

==============================================================================

    Total RO  Size (Code + RO Data)                29792 (  29.09kB)
    Total RW  Size (RW Data + ZI Data)             13928 (  13.60kB)
    Total ROM Size (Code + RO Data + RW Data)      29896 (  29.20kB)

==============================================================================

