<html>
<body>
<pre>
<h1>礦ision Build Log</h1>
<h2>Tool Versions:</h2>
IDE-Version: μVision V5.14.0.0
Copyright (C) 2015 ARM Ltd and ARM Germany GmbH. All rights reserved.
License Information: 1 20mxxiao, 1, LIC=FYKYW-Q5B6N-SBAEJ-USLF2-HIEFW-DY52G
 
Tool Versions:
Toolchain:       MDK-ARM Standard  Version: 5.18
Toolchain Path:  D:\keil\MDK\ARM\ARMCC\Bin
C Compiler:      Armcc.exe V5.06 update 1 (build 61)
Assembler:       Armasm.exe V5.06 update 1 (build 61)
Linker/Locator:  ArmLink.exe V5.06 update 1 (build 61)
Library Manager: ArmAr.exe V5.06 update 1 (build 61)
Hex Converter:   FromElf.exe V5.06 update 1 (build 61)
CPU DLL:         
Dialog DLL:      
Target DLL:      Segger\JL2CM3.dll V2.99.28.0
Dialog DLL:      TCM.DLL V1.14.8.0
 
<h2>Project:</h2>
E:\研究生\研一\code\QingShenCode\examples\ble_center\ble_app_uart_c\pca10040\s132\arm5_no_packs\ble_app_uart_c_pca10040_s132.uvprojx
Project File Date:  11/03/2024

<h2>Output:</h2>
Build target 'nrf52832_xxaa'
compiling system_nrf52.c...
linking...
Program Size: Code=25592 RO-data=4200 RW-data=1820 ZI-data=12108  
FromELF: creating hex file...
".\_build\nrf52832_xxaa.axf" - 0 Error(s), 0 Warning(s).

<h2>Software Packages used:</h2>

Package Vendor: ARM
                http://www.keil.com/pack/ARM.CMSIS.4.5.0.pack
                ARM::CMSIS:CORE:4.3.0
                CMSIS (Cortex Microcontroller Software Interface Standard)
   * Component: CORE Version: 4.3.0

Package Vendor: NordicSemiconductor
                http://developer.nordicsemi.com/nRF5_SDK/pieces/nRF_DeviceFamilyPack/NordicSemiconductor.nRF_DeviceFamilyPack.8.44.1.pack
                NordicSemiconductor::Device:Startup:8.44.1
                Nordic Semiconductor nRF ARM devices Device Family Pack with BSD license.
   * Component: Startup Version: 8.44.1
   * Component: StartupConfig Version: 8.44.1

<h2>Collection of Component include folders:</h2>
  E:\研究生\研一\code\QingShenCode\examples\ble_center\ble_app_uart_c\pca10040\s132\arm5_no_packs\RTE
  E:\研究生\研一\code\QingShenCode\examples\ble_center\ble_app_uart_c\pca10040\s132\arm5_no_packs\RTE\Device\nRF52832_xxAA
  D:\keil\MDK\ARM\CMSIS\4.5.0\CMSIS\Include
  D:\keil\MDK\NordicSemiconductor\nRF_DeviceFamilyPack\8.44.1
  D:\keil\MDK\NordicSemiconductor\nRF_DeviceFamilyPack\8.44.1\Device\Include

<h2>Collection of Component Files used:</h2>

   * Component: ARM::CMSIS:CORE:4.3.0

   * Component: NordicSemiconductor::Device:Startup:8.44.1
      Include file:  Device\Include\system_nrf52.h
      Source file:   Device\Source\arm\arm_startup_nrf52.s
      Include file:  Device\Include\system_nrf.h
      Source file:   Device\Source\system_nrf52.c

   * Component: NordicSemiconductor::Device:StartupConfig:8.44.1
      Include file:  Device\Source\startup_config.h
</pre>
</body>
</html>
