Component: ARM Compiler 5.06 update 5 (build 528) Tool: armlink [4d35e2]

==============================================================================

Section Cross References

    main.o(i.assert_nrf_callback) refers to app_error_handler_keil.o(.emb_text) for app_error_handler
    main.o(i.ble_evt_handler) refers to nrf_log_frontend.o(i.nrf_log_frontend_std_0) for nrf_log_frontend_std_0
    main.o(i.ble_evt_handler) refers to bsp.o(i.bsp_indication_set) for bsp_indication_set
    main.o(i.ble_evt_handler) refers to app_error.o(i.app_error_handler_bare) for app_error_handler_bare
    main.o(i.ble_evt_handler) refers to nrf_ble_qwr.o(i.nrf_ble_qwr_conn_handle_assign) for nrf_ble_qwr_conn_handle_assign
    main.o(i.ble_evt_handler) refers to main.o(.data) for .data
    main.o(i.ble_evt_handler) refers to nrf_log_frontend.o(log_const_data) for m_nrf_log_app_logs_data_const
    main.o(i.ble_evt_handler) refers to main.o(.bss) for .bss
    main.o(i.ble_send) refers to ble_nus.o(i.ble_nus_data_send) for ble_nus_data_send
    main.o(i.ble_send) refers to app_error.o(i.app_error_handler_bare) for app_error_handler_bare
    main.o(i.ble_send) refers to main.o(.data) for .data
    main.o(i.bsp_event_handler) refers to main.o(i.sleep_mode_enter) for sleep_mode_enter
    main.o(i.bsp_event_handler) refers to app_error.o(i.app_error_handler_bare) for app_error_handler_bare
    main.o(i.bsp_event_handler) refers to ble_advertising.o(i.ble_advertising_restart_without_whitelist) for ble_advertising_restart_without_whitelist
    main.o(i.bsp_event_handler) refers to main.o(.data) for .data
    main.o(i.bsp_event_handler) refers to main.o(.bss) for .bss
    main.o(i.conn_params_error_handler) refers to app_error.o(i.app_error_handler_bare) for app_error_handler_bare
    main.o(i.gatt_evt_handler) refers to nrf_log_frontend.o(i.nrf_log_frontend_std_2) for nrf_log_frontend_std_2
    main.o(i.gatt_evt_handler) refers to main.o(.data) for .data
    main.o(i.gatt_evt_handler) refers to nrf_log_frontend.o(log_const_data) for m_nrf_log_app_logs_data_const
    main.o(i.gatt_init) refers to nrf_ble_gatt.o(i.nrf_ble_gatt_init) for nrf_ble_gatt_init
    main.o(i.gatt_init) refers to app_error.o(i.app_error_handler_bare) for app_error_handler_bare
    main.o(i.gatt_init) refers to nrf_ble_gatt.o(i.nrf_ble_gatt_att_mtu_periph_set) for nrf_ble_gatt_att_mtu_periph_set
    main.o(i.gatt_init) refers to main.o(i.gatt_evt_handler) for gatt_evt_handler
    main.o(i.gatt_init) refers to main.o(.bss) for .bss
    main.o(i.i2c_scan) refers to segger_rtt_printf.o(i.SEGGER_RTT_printf) for SEGGER_RTT_printf
    main.o(i.i2c_scan) refers to rt_memclr_w.o(.text) for __aeabi_memclr4
    main.o(i.i2c_scan) refers to nrfx_twi.o(i.nrfx_twi_xfer) for nrfx_twi_xfer
    main.o(i.i2c_scan) refers to main.o(.data) for .data
    main.o(i.init_timer_handler) refers to app_timer2.o(i.app_timer_start) for app_timer_start
    main.o(i.init_timer_handler) refers to mpu6050.o(i.twi_master_init) for twi_master_init
    main.o(i.init_timer_handler) refers to segger_rtt_printf.o(i.SEGGER_RTT_printf) for SEGGER_RTT_printf
    main.o(i.init_timer_handler) refers to main.o(.constdata) for .constdata
    main.o(i.main) refers to nrf_log_frontend.o(i.nrf_log_init) for nrf_log_init
    main.o(i.main) refers to app_error.o(i.app_error_handler_bare) for app_error_handler_bare
    main.o(i.main) refers to nrf_log_default_backends.o(i.nrf_log_default_backends_init) for nrf_log_default_backends_init
    main.o(i.main) refers to nrf_pwr_mgmt.o(i.nrf_pwr_mgmt_init) for nrf_pwr_mgmt_init
    main.o(i.main) refers to nrf_sdh.o(i.nrf_sdh_enable_request) for nrf_sdh_enable_request
    main.o(i.main) refers to nrf_sdh_ble.o(i.nrf_sdh_ble_default_cfg_set) for nrf_sdh_ble_default_cfg_set
    main.o(i.main) refers to nrf_sdh_ble.o(i.nrf_sdh_ble_enable) for nrf_sdh_ble_enable
    main.o(i.main) refers to main.o(i.gatt_init) for gatt_init
    main.o(i.main) refers to nrf_ble_qwr.o(i.nrf_ble_qwr_init) for nrf_ble_qwr_init
    main.o(i.main) refers to ble_nus.o(i.ble_nus_init) for ble_nus_init
    main.o(i.main) refers to rt_memclr_w.o(.text) for __aeabi_memclr4
    main.o(i.main) refers to ble_advertising.o(i.ble_advertising_init) for ble_advertising_init
    main.o(i.main) refers to ble_advertising.o(i.ble_advertising_conn_cfg_tag_set) for ble_advertising_conn_cfg_tag_set
    main.o(i.main) refers to ble_conn_params.o(i.ble_conn_params_init) for ble_conn_params_init
    main.o(i.main) refers to app_timer2.o(i.app_timer_init) for app_timer_init
    main.o(i.main) refers to app_timer2.o(i.app_timer_create) for app_timer_create
    main.o(i.main) refers to ble_advertising.o(i.ble_advertising_start) for ble_advertising_start
    main.o(i.main) refers to segger_rtt_printf.o(i.SEGGER_RTT_printf) for SEGGER_RTT_printf
    main.o(i.main) refers to mpu6050.o(i.mpu6050_set_mouse_transport) for mpu6050_set_mouse_transport
[...]
    CCM_AAR_IRQHandler                       0x00026483   Thumb Code     0  arm_startup_nrf52.o(.text)
    COMP_LPCOMP_IRQHandler                   0x00026483   Thumb Code     0  arm_startup_nrf52.o(.text)
    ECB_IRQHandler                           0x00026483   Thumb Code     0  arm_startup_nrf52.o(.text)
    I2S_IRQHandler                           0x00026483   Thumb Code     0  arm_startup_nrf52.o(.text)
    MWU_IRQHandler                           0x00026483   Thumb Code     0  arm_startup_nrf52.o(.text)
    NFCT_IRQHandler                          0x00026483   Thumb Code     0  arm_startup_nrf52.o(.text)
    PDM_IRQHandler                           0x00026483   Thumb Code     0  arm_startup_nrf52.o(.text)
    PWM0_IRQHandler                          0x00026483   Thumb Code     0  arm_startup_nrf52.o(.text)
    PWM1_IRQHandler                          0x00026483   Thumb Code     0  arm_startup_nrf52.o(.text)
    PWM2_IRQHandler                          0x00026483   Thumb Code     0  arm_startup_nrf52.o(.text)
    QDEC_IRQHandler                          0x00026483   Thumb Code     0  arm_startup_nrf52.o(.text)
    RADIO_IRQHandler                         0x00026483   Thumb Code     0  arm_startup_nrf52.o(.text)
    RNG_IRQHandler                           0x00026483   Thumb Code     0  arm_startup_nrf52.o(.text)
    RTC0_IRQHandler                          0x00026483   Thumb Code     0  arm_startup_nrf52.o(.text)
    RTC2_IRQHandler                          0x00026483   Thumb Code     0  arm_startup_nrf52.o(.text)
    SAADC_IRQHandler                         0x00026483   Thumb Code     0  arm_startup_nrf52.o(.text)
    SPIM1_SPIS1_TWIM1_TWIS1_SPI1_TWI1_IRQHandler 0x00026483   Thumb Code     0  arm_startup_nrf52.o(.text)
    SPIM2_SPIS2_SPI2_IRQHandler              0x00026483   Thumb Code     0  arm_startup_nrf52.o(.text)
    SWI0_EGU0_IRQHandler                     0x00026483   Thumb Code     0  arm_startup_nrf52.o(.text)
    SWI1_EGU1_IRQHandler                     0x00026483   Thumb Code     0  arm_startup_nrf52.o(.text)
    SWI3_EGU3_IRQHandler                     0x00026483   Thumb Code     0  arm_startup_nrf52.o(.text)
    SWI4_EGU4_IRQHandler                     0x00026483   Thumb Code     0  arm_startup_nrf52.o(.text)
    SWI5_EGU5_IRQHandler                     0x00026483   Thumb Code     0  arm_startup_nrf52.o(.text)
    TEMP_IRQHandler                          0x00026483   Thumb Code     0  arm_startup_nrf52.o(.text)
    TIMER0_IRQHandler                        0x00026483   Thumb Code     0  arm_startup_nrf52.o(.text)
    TIMER1_IRQHandler                        0x00026483   Thumb Code     0  arm_startup_nrf52.o(.text)
    TIMER2_IRQHandler                        0x00026483   Thumb Code     0  arm_startup_nrf52.o(.text)
    TIMER3_IRQHandler                        0x00026483   Thumb Code     0  arm_startup_nrf52.o(.text)
    TIMER4_IRQHandler                        0x00026483   Thumb Code     0  arm_startup_nrf52.o(.text)
    WDT_IRQHandler                           0x00026483   Thumb Code     0  arm_startup_nrf52.o(.text)
    __user_initial_stackheap                 0x00026485   Thumb Code    10  arm_startup_nrf52.o(.text)
    __rt_ctype_table                         0x000264a9   Thumb Code    16  rt_ctype_table.o(.text)
    __aeabi_uldivmod                         0x000264b9   Thumb Code     0  lludivv7m.o(.text)
    _ll_udiv                                 0x000264b9   Thumb Code   238  lludivv7m.o(.text)
    __2snprintf                              0x000265a9   Thumb Code    50  __2snprintf.o(.text)
    __printf                                 0x000265e1   Thumb Code   104  __printf.o(.text)
    _printf_int_dec                          0x00026649   Thumb Code   104  _printf_dec.o(.text)
    strcpy                                   0x000266c1   Thumb Code    72  strcpy.o(.text)
    strlen                                   0x00026709   Thumb Code    62  strlen.o(.text)
    __aeabi_memcpy                           0x00026747   Thumb Code     0  rt_memcpy_v6.o(.text)
    __rt_memcpy                              0x00026747   Thumb Code   138  rt_memcpy_v6.o(.text)
    _memcpy_lastbytes                        0x000267ad   Thumb Code     0  rt_memcpy_v6.o(.text)
    __aeabi_memcpy4                          0x000267d1   Thumb Code     0  rt_memcpy_w.o(.text)
    __aeabi_memcpy8                          0x000267d1   Thumb Code     0  rt_memcpy_w.o(.text)
    __rt_memcpy_w                            0x000267d1   Thumb Code   100  rt_memcpy_w.o(.text)
    _memcpy_lastbytes_aligned                0x00026819   Thumb Code     0  rt_memcpy_w.o(.text)
    __aeabi_memclr4                          0x00026835   Thumb Code     0  rt_memclr_w.o(.text)
    __aeabi_memclr8                          0x00026835   Thumb Code     0  rt_memclr_w.o(.text)
    __rt_memclr_w                            0x00026835   Thumb Code    78  rt_memclr_w.o(.text)
    _memset_w                                0x00026839   Thumb Code     0  rt_memclr_w.o(.text)
    __use_two_region_memory                  0x00026883   Thumb Code     2  heapauxi.o(.text)
    __rt_heap_escrow$2region                 0x00026885   Thumb Code     2  heapauxi.o(.text)
    __rt_heap_expand$2region                 0x00026887   Thumb Code     2  heapauxi.o(.text)
    __rt_locale                              0x00026889   Thumb Code     8  rt_locale_intlibspace.o(.text)
    _printf_int_common                       0x00026891   Thumb Code   178  _printf_intcommon.o(.text)
    _printf_char_common                      0x0002694f   Thumb Code    32  _printf_char_common.o(.text)
    _sputc                                   0x00026975   Thumb Code    10  _sputc.o(.text)
    _snputc                                  0x0002697f   Thumb Code    16  _snputc.o(.text)
    __user_libspace                          0x00026991   Thumb Code     8  libspace.o(.text)
    __user_perproc_libspace                  0x00026991   Thumb Code     0  libspace.o(.text)
    __user_perthread_libspace                0x00026991   Thumb Code     0  libspace.o(.text)
    strcmp                                   0x00026999   Thumb Code   128  strcmpv7m.o(.text)
    __user_setup_stackheap                   0x00026a19   Thumb Code    74  sys_stackheap_outer.o(.text)
    exit                                     0x00026a63   Thumb Code    18  exit.o(.text)
    _sys_exit                                0x00026a75   Thumb Code     8  sys_exit.o(.text)
    __I$use$semihosting                      0x00026a81   Thumb Code     0  use_no_semi.o(.text)
    __use_no_semihosting_swi                 0x00026a81   Thumb Code     2  use_no_semi.o(.text)
    __semihosting_library_function           0x00026a83   Thumb Code     0  indicate_semi.o(.text)
    FPU_IRQHandler                           0x00026a85   Thumb Code    18  main.o(i.FPU_IRQHandler)
    GPIOTE_IRQHandler                        0x00026a9d   Thumb Code   346  nrfx_gpiote.o(i.GPIOTE_IRQHandler)
    MPU6050_ReadGyro                         0x00026c01   Thumb Code    50  mpu6050.o(i.MPU6050_ReadGyro)
    MPU6050_mouse_report_send                0x00026c35   Thumb Code   256  mpu6050.o(i.MPU6050_mouse_report_send)
    POWER_CLOCK_IRQHandler                   0x00026db1   Thumb Code    82  nrfx_clock.o(i.POWER_CLOCK_IRQHandler)
    RTC1_IRQHandler                          0x00026e09   Thumb Code    12  drv_rtc.o(i.RTC1_IRQHandler)
    SEGGER_RTT_Init                          0x00026e19   Thumb Code     4  segger_rtt.o(i.SEGGER_RTT_Init)
    SEGGER_RTT_Write                         0x00026e1d   Thumb Code    54  segger_rtt.o(i.SEGGER_RTT_Write)
    SEGGER_RTT_WriteNoLock                   0x00026e59   Thumb Code    86  segger_rtt.o(i.SEGGER_RTT_WriteNoLock)
    SEGGER_RTT_printf                        0x00026eb5   Thumb Code    22  segger_rtt_printf.o(i.SEGGER_RTT_printf)
    SEGGER_RTT_vprintf                       0x00026ecb   Thumb Code   406  segger_rtt_printf.o(i.SEGGER_RTT_vprintf)
    SPIM0_SPIS0_TWIM0_TWIS0_SPI0_TWI0_IRQHandler 0x00027061   Thumb Code     8  nrfx_twi.o(i.SPIM0_SPIS0_TWIM0_TWIS0_SPI0_TWI0_IRQHandler)
    SWI2_EGU2_IRQHandler                     0x00027071   Thumb Code     4  nrf_sdh.o(i.SWI2_EGU2_IRQHandler)
    SystemInit                               0x00027075   Thumb Code   726  system_nrf52.o(i.SystemInit)
    UARTE0_UART0_IRQHandler                  0x00027391   Thumb Code     6  nrfx_prs.o(i.UARTE0_UART0_IRQHandler)
    app_error_fault_handler                  0x00027701   Thumb Code    86  app_error_weak.o(i.app_error_fault_handler)
    app_error_handler_bare                   0x00027785   Thumb Code    22  app_error.o(i.app_error_handler_bare)
    app_timer_cnt_get                        0x0002779d   Thumb Code     6  app_timer2.o(i.app_timer_cnt_get)
    app_timer_create                         0x000277a9   Thumb Code    22  app_timer2.o(i.app_timer_create)
    app_timer_init                           0x000277c1   Thumb Code    70  app_timer2.o(i.app_timer_init)
    app_timer_start                          0x0002781d   Thumb Code    48  app_timer2.o(i.app_timer_start)
    app_timer_stop                           0x0002784d   Thumb Code    12  app_timer2.o(i.app_timer_stop)
    app_util_critical_region_enter           0x00027859   Thumb Code    64  app_util_platform.o(i.app_util_critical_region_enter)
    app_util_critical_region_exit            0x000278a1   Thumb Code    46  app_util_platform.o(i.app_util_critical_region_exit)
    blcm_link_ctx_get                        0x000278d5   Thumb Code    72  ble_link_ctx_manager.o(i.blcm_link_ctx_get)
    ble_advdata_encode                       0x0002791d   Thumb Code   386  ble_advdata.o(i.ble_advdata_encode)
    ble_advdata_parse                        0x00027a9f   Thumb Code    32  ble_advdata.o(i.ble_advdata_parse)
    ble_advdata_search                       0x00027abf   Thumb Code    64  ble_advdata.o(i.ble_advdata_search)
    ble_advertising_conn_cfg_tag_set         0x00027aff   Thumb Code     6  ble_advertising.o(i.ble_advertising_conn_cfg_tag_set)
    ble_advertising_init                     0x00027b05   Thumb Code   248  ble_advertising.o(i.ble_advertising_init)
    ble_advertising_on_ble_evt               0x00027bfd   Thumb Code   106  ble_advertising.o(i.ble_advertising_on_ble_evt)
    ble_advertising_start                    0x00027c67   Thumb Code   560  ble_advertising.o(i.ble_advertising_start)
    ble_conn_params_init                     0x00027e99   Thumb Code    90  ble_conn_params.o(i.ble_conn_params_init)
    ble_conn_state_conn_idx                  0x00027f01   Thumb Code    18  ble_conn_state.o(i.ble_conn_state_conn_idx)
    ble_conn_state_valid                     0x00027f15   Thumb Code    16  ble_conn_state.o(i.ble_conn_state_valid)
    ble_nus_data_send                        0x000282e9   Thumb Code   102  ble_nus.o(i.ble_nus_data_send)
    ble_nus_init                             0x00028351   Thumb Code   206  ble_nus.o(i.ble_nus_init)
    ble_nus_on_ble_evt                       0x00028425   Thumb Code   112  ble_nus.o(i.ble_nus_on_ble_evt)
    ble_send                                 0x00028495   Thumb Code    52  main.o(i.ble_send)
    ble_srv_is_notification_enabled          0x000284cd   Thumb Code     8  ble_srv_common.o(i.ble_srv_is_notification_enabled)
    bsp_board_button_idx_to_pin              0x000284d5   Thumb Code     6  boards.o(i.bsp_board_button_idx_to_pin)
    bsp_board_led_invert                     0x000284e1   Thumb Code    32  boards.o(i.bsp_board_led_invert)
    bsp_board_led_off                        0x00028505   Thumb Code    10  boards.o(i.bsp_board_led_off)
    bsp_board_led_on                         0x00028515   Thumb Code    10  boards.o(i.bsp_board_led_on)
    bsp_board_led_state_get                  0x00028525   Thumb Code    28  boards.o(i.bsp_board_led_state_get)
    bsp_board_leds_off                       0x00028545   Thumb Code    18  boards.o(i.bsp_board_leds_off)
    bsp_board_leds_on                        0x00028557   Thumb Code    18  boards.o(i.bsp_board_leds_on)
    bsp_board_pin_to_button_idx              0x00028569   Thumb Code    30  boards.o(i.bsp_board_pin_to_button_idx)
    bsp_btn_ble_sleep_mode_prepare           0x0002858d   Thumb Code    30  bsp_btn_ble.o(i.bsp_btn_ble_sleep_mode_prepare)
    bsp_event_to_button_action_assign        0x0002863d   Thumb Code    64  bsp.o(i.bsp_event_to_button_action_assign)
    bsp_indication_set                       0x00028681   Thumb Code    20  bsp.o(i.bsp_indication_set)
    bsp_wakeup_button_enable                 0x00028861   Thumb Code     6  bsp.o(i.bsp_wakeup_button_enable)
    buffer_is_empty                          0x00028929   Thumb Code    16  nrf_log_frontend.o(i.buffer_is_empty)
    characteristic_add                       0x0002894d   Thumb Code   400  ble_srv_common.o(i.characteristic_add)
    conn_handle_list_get                     0x00028b51   Thumb Code    62  ble_conn_state.o(i.conn_handle_list_get)
    drv_rtc_compare_disable                  0x00028d39   Thumb Code    20  drv_rtc.o(i.drv_rtc_compare_disable)
    drv_rtc_compare_pending                  0x00028d4d   Thumb Code    14  drv_rtc.o(i.drv_rtc_compare_pending)
    drv_rtc_compare_set                      0x00028d5b   Thumb Code    80  drv_rtc.o(i.drv_rtc_compare_set)
    drv_rtc_counter_get                      0x00028dab   Thumb Code     8  drv_rtc.o(i.drv_rtc_counter_get)
    drv_rtc_init                             0x00028db5   Thumb Code   144  drv_rtc.o(i.drv_rtc_init)
    drv_rtc_irq_trigger                      0x00028e89   Thumb Code    26  drv_rtc.o(i.drv_rtc_irq_trigger)
    drv_rtc_overflow_enable                  0x00028ea3   Thumb Code     8  drv_rtc.o(i.drv_rtc_overflow_enable)
    drv_rtc_overflow_pending                 0x00028eab   Thumb Code     8  drv_rtc.o(i.drv_rtc_overflow_pending)
    drv_rtc_start                            0x00028eb3   Thumb Code     8  drv_rtc.o(i.drv_rtc_start)
    drv_rtc_stop                             0x00028ebb   Thumb Code     8  drv_rtc.o(i.drv_rtc_stop)
    drv_rtc_windowed_compare_set             0x00028ec3   Thumb Code   222  drv_rtc.o(i.drv_rtc_windowed_compare_set)
    gatt_evt_handler                         0x00028ff9   Thumb Code    52  main.o(i.gatt_evt_handler)
    gatt_init                                0x00029055   Thumb Code    38  main.o(i.gatt_init)
    main                                     0x0002934d   Thumb Code   548  main.o(i.main)
    mpu6050_init                             0x000297a5   Thumb Code   100  mpu6050.o(i.mpu6050_init)
    mpu6050_register_read                    0x00029859   Thumb Code   106  mpu6050.o(i.mpu6050_register_read)
    mpu6050_register_write                   0x00029959   Thumb Code    64  mpu6050.o(i.mpu6050_register_write)
    mpu6050_set_mouse_profile                0x000299f1   Thumb Code     6  mpu6050.o(i.mpu6050_set_mouse_profile)
    mpu6050_set_mouse_transport              0x000299fd   Thumb Code     6  mpu6050.o(i.mpu6050_set_mouse_transport)
    mpu6050_verify_product_id                0x00029a09   Thumb Code    32  mpu6050.o(i.mpu6050_verify_product_id)
    nrf_atfifo_init                          0x00029acf   Thumb Code    38  nrf_atfifo.o(i.nrf_atfifo_init)
    nrf_atfifo_item_alloc                    0x00029af5   Thumb Code    22  nrf_atfifo.o(i.nrf_atfifo_item_alloc)
    nrf_atfifo_item_free                     0x00029b0b   Thumb Code    22  nrf_atfifo.o(i.nrf_atfifo_item_free)
    nrf_atfifo_item_get                      0x00029b21   Thumb Code    22  nrf_atfifo.o(i.nrf_atfifo_item_get)
    nrf_atfifo_item_put                      0x00029b37   Thumb Code    22  nrf_atfifo.o(i.nrf_atfifo_item_put)
    nrf_atflags_clear                        0x00029b4d   Thumb Code    22  nrf_atflags.o(i.nrf_atflags_clear)
    nrf_atflags_get                          0x00029b63   Thumb Code    22  nrf_atflags.o(i.nrf_atflags_get)
    nrf_atflags_set                          0x00029b79   Thumb Code    20  nrf_atflags.o(i.nrf_atflags_set)
    nrf_atomic_flag_clear_fetch              0x00029b8d   Thumb Code     6  nrf_atomic.o(i.nrf_atomic_flag_clear_fetch)
    nrf_atomic_flag_set                      0x00029b93   Thumb Code     6  nrf_atomic.o(i.nrf_atomic_flag_set)
    nrf_atomic_u32_add                       0x00029b99   Thumb Code    12  nrf_atomic.o(i.nrf_atomic_u32_add)
    nrf_atomic_u32_and                       0x00029ba5   Thumb Code    12  nrf_atomic.o(i.nrf_atomic_u32_and)
    nrf_atomic_u32_fetch_and                 0x00029bb1   Thumb Code    10  nrf_atomic.o(i.nrf_atomic_u32_fetch_and)
    nrf_atomic_u32_fetch_store               0x00029bbb   Thumb Code    10  nrf_atomic.o(i.nrf_atomic_u32_fetch_store)
    nrf_atomic_u32_or                        0x00029bc5   Thumb Code    12  nrf_atomic.o(i.nrf_atomic_u32_or)
    nrf_atomic_u32_sub                       0x00029bd1   Thumb Code    12  nrf_atomic.o(i.nrf_atomic_u32_sub)
    nrf_balloc_alloc                         0x00029bdd   Thumb Code    68  nrf_balloc.o(i.nrf_balloc_alloc)
    nrf_balloc_free                          0x00029c21   Thumb Code    48  nrf_balloc.o(i.nrf_balloc_free)
    nrf_balloc_init                          0x00029c51   Thumb Code    48  nrf_balloc.o(i.nrf_balloc_init)
    nrf_ble_gatt_att_mtu_periph_set          0x00029ca5   Thumb Code    24  nrf_ble_gatt.o(i.nrf_ble_gatt_att_mtu_periph_set)
    nrf_ble_gatt_init                        0x00029cbd   Thumb Code    34  nrf_ble_gatt.o(i.nrf_ble_gatt_init)
    nrf_ble_gatt_on_ble_evt                  0x00029ce1   Thumb Code   270  nrf_ble_gatt.o(i.nrf_ble_gatt_on_ble_evt)
    nrf_ble_qwr_conn_handle_assign           0x00029e31   Thumb Code    22  nrf_ble_qwr.o(i.nrf_ble_qwr_conn_handle_assign)
    nrf_ble_qwr_init                         0x00029e47   Thumb Code    36  nrf_ble_qwr.o(i.nrf_ble_qwr_init)
    nrf_ble_qwr_on_ble_evt                   0x00029e6b   Thumb Code   182  nrf_ble_qwr.o(i.nrf_ble_qwr_on_ble_evt)
    nrf_drv_clock_init                       0x00029f41   Thumb Code    48  nrf_drv_clock.o(i.nrf_drv_clock_init)
    nrf_drv_clock_lfclk_release              0x00029f79   Thumb Code    42  nrf_drv_clock.o(i.nrf_drv_clock_lfclk_release)
    nrf_drv_twi_init                         0x00029fa9   Thumb Code    56  nrf_drv_twi.o(i.nrf_drv_twi_init)
    nrf_fprintf                              0x00029ff7   Thumb Code    26  nrf_fprintf.o(i.nrf_fprintf)
    nrf_fprintf_buffer_flush                 0x0002a011   Thumb Code    24  nrf_fprintf.o(i.nrf_fprintf_buffer_flush)
    nrf_fprintf_fmt                          0x0002a029   Thumb Code   474  nrf_fprintf_format.o(i.nrf_fprintf_fmt)
    nrf_log_backend_add                      0x0002a2b9   Thumb Code    86  nrf_log_frontend.o(i.nrf_log_backend_add)
    nrf_log_backend_rtt_init                 0x0002a317   Thumb Code     4  nrf_log_backend_rtt.o(i.nrf_log_backend_rtt_init)
    nrf_log_backend_serial_put               0x0002a335   Thumb Code   200  nrf_log_backend_serial.o(i.nrf_log_backend_serial_put)
    nrf_log_color_id_get                     0x0002a3fd   Thumb Code    42  nrf_log_frontend.o(i.nrf_log_color_id_get)
    nrf_log_default_backends_init            0x0002a42d   Thumb Code    24  nrf_log_default_backends.o(i.nrf_log_default_backends_init)
    nrf_log_frontend_dequeue                 0x0002a449   Thumb Code   528  nrf_log_frontend.o(i.nrf_log_frontend_dequeue)
    nrf_log_frontend_std_0                   0x0002a67d   Thumb Code     8  nrf_log_frontend.o(i.nrf_log_frontend_std_0)
    nrf_log_frontend_std_1                   0x0002a685   Thumb Code    14  nrf_log_frontend.o(i.nrf_log_frontend_std_1)
    nrf_log_frontend_std_2                   0x0002a693   Thumb Code    16  nrf_log_frontend.o(i.nrf_log_frontend_std_2)
    nrf_log_hexdump_entry_process            0x0002a6a5   Thumb Code   150  nrf_log_str_formatter.o(i.nrf_log_hexdump_entry_process)
    nrf_log_init                             0x0002a755   Thumb Code    46  nrf_log_frontend.o(i.nrf_log_init)
    nrf_log_module_cnt_get                   0x0002a791   Thumb Code    10  nrf_log_frontend.o(i.nrf_log_module_cnt_get)
    nrf_log_module_name_get                  0x0002a7a5   Thumb Code    24  nrf_log_frontend.o(i.nrf_log_module_name_get)
    nrf_log_panic                            0x0002a7c1   Thumb Code    38  nrf_log_frontend.o(i.nrf_log_panic)
    nrf_log_std_entry_process                0x0002a7ed   Thumb Code   182  nrf_log_str_formatter.o(i.nrf_log_std_entry_process)
    nrf_memobj_alloc                         0x0002a8a3   Thumb Code    96  nrf_memobj.o(i.nrf_memobj_alloc)
    nrf_memobj_free                          0x0002a903   Thumb Code    50  nrf_memobj.o(i.nrf_memobj_free)
    nrf_memobj_get                           0x0002a935   Thumb Code     8  nrf_memobj.o(i.nrf_memobj_get)
    nrf_memobj_pool_init                     0x0002a93d   Thumb Code     4  nrf_memobj.o(i.nrf_memobj_pool_init)
    nrf_memobj_put                           0x0002a941   Thumb Code    30  nrf_memobj.o(i.nrf_memobj_put)
    nrf_memobj_read                          0x0002a95f   Thumb Code    16  nrf_memobj.o(i.nrf_memobj_read)
    nrf_memobj_write                         0x0002a96f   Thumb Code    16  nrf_memobj.o(i.nrf_memobj_write)
    nrf_pwr_mgmt_init                        0x0002a981   Thumb Code    28  nrf_pwr_mgmt.o(i.nrf_pwr_mgmt_init)
    nrf_pwr_mgmt_run                         0x0002a9a9   Thumb Code    64  nrf_pwr_mgmt.o(i.nrf_pwr_mgmt_run)
    nrf_ringbuf_init                         0x0002a9f1   Thumb Code    28  nrf_ringbuf.o(i.nrf_ringbuf_init)
    nrf_sdh_ble_app_ram_start_get            0x0002aa19   Thumb Code    16  nrf_sdh_ble.o(i.nrf_sdh_ble_app_ram_start_get)
    nrf_sdh_ble_default_cfg_set              0x0002aa2d   Thumb Code   272  nrf_sdh_ble.o(i.nrf_sdh_ble_default_cfg_set)
    nrf_sdh_ble_enable                       0x0002ab5d   Thumb Code   116  nrf_sdh_ble.o(i.nrf_sdh_ble_enable)
    nrf_sdh_enable_request                   0x0002aced   Thumb Code   102  nrf_sdh.o(i.nrf_sdh_enable_request)
    nrf_sdh_evts_poll                        0x0002ad61   Thumb Code    32  nrf_sdh.o(i.nrf_sdh_evts_poll)
    nrf_sdh_is_enabled                       0x0002ad85   Thumb Code     6  nrf_sdh.o(i.nrf_sdh_is_enabled)
    nrf_section_iter_init                    0x0002adcd   Thumb Code    10  nrf_section_iter.o(i.nrf_section_iter_init)
    nrf_section_iter_next                    0x0002adfb   Thumb Code    32  nrf_section_iter.o(i.nrf_section_iter_next)
    nrf_sortlist_add                         0x0002ae1b   Thumb Code    34  nrf_sortlist.o(i.nrf_sortlist_add)
    nrf_sortlist_peek                        0x0002ae3d   Thumb Code     6  nrf_sortlist.o(i.nrf_sortlist_peek)
    nrf_sortlist_pop                         0x0002ae43   Thumb Code    14  nrf_sortlist.o(i.nrf_sortlist_pop)
    nrf_sortlist_remove                      0x0002ae51   Thumb Code    30  nrf_sortlist.o(i.nrf_sortlist_remove)
    nrf_strerror_find                        0x0002ae71   Thumb Code    52  nrf_strerror.o(i.nrf_strerror_find)
    nrf_strerror_get                         0x0002aea9   Thumb Code    14  nrf_strerror.o(i.nrf_strerror_get)
    nrfx_clock_enable                        0x0002aed5   Thumb Code    34  nrfx_clock.o(i.nrfx_clock_enable)
    nrfx_clock_init                          0x0002af01   Thumb Code    26  nrfx_clock.o(i.nrfx_clock_init)
    nrfx_clock_lfclk_stop                    0x0002af21   Thumb Code    20  nrfx_clock.o(i.nrfx_clock_lfclk_stop)
    nrfx_prs_acquire                         0x0002af5d   Thumb Code    58  nrfx_prs.o(i.nrfx_prs_acquire)
    nrfx_twi_enable                          0x0002af99   Thumb Code    28  nrfx_twi.o(i.nrfx_twi_enable)
    nrfx_twi_init                            0x0002afb9   Thumb Code   214  nrfx_twi.o(i.nrfx_twi_init)
    nrfx_twi_rx                              0x0002b099   Thumb Code    44  nrfx_twi.o(i.nrfx_twi_rx)
    nrfx_twi_tx                              0x0002b0c9   Thumb Code    54  nrfx_twi.o(i.nrfx_twi_tx)
    nrfx_twi_xfer                            0x0002b101   Thumb Code    28  nrfx_twi.o(i.nrfx_twi_xfer)
    twi_handler                              0x0002badd   Thumb Code    42  mpu6050.o(i.twi_handler)
    twi_master_init                          0x0002bc25   Thumb Code    44  mpu6050.o(i.twi_master_init)
    _get_lc_ctype                            0x0002c279   Thumb Code    44  lc_ctype_c.o(locale$$code)
    _fp_init                                 0x0002c2a5   Thumb Code    10  fpinit.o(x$fpl$fpinit)
    __fplib_config_fpu_vfp                   0x0002c2ad   Thumb Code     0  fpinit.o(x$fpl$fpinit)
    __fplib_config_pureend_doubles           0x0002c2ad   Thumb Code     0  fpinit.o(x$fpl$fpinit)
    nrf_log_backend_rtt_api                  0x0002c4d8   Data          12  nrf_log_backend_rtt.o(.constdata)
    m_ram_start                              0x0002c58c   Data           4  nrf_sdh_ble.o(.constdata)
    Region$$Table$$Base                      0x0002cd4c   Number         0  anon$$obj.o(Region$$Table)
    Region$$Table$$Limit                     0x0002cd6c   Number         0  anon$$obj.o(Region$$Table)
    __ctype                                  0x0002cd79   Data           0  lc_ctype_c.o(locale$$data)
    log_const_data$$Base                     0x0002ce8c   Number         0  nrf_ble_gatt.o(log_const_data)
    m_nrf_log_nrf_ble_gatt_logs_data_const   0x0002ce8c   Data           8  nrf_ble_gatt.o(log_const_data)
    m_nrf_log_ble_nus_logs_data_const        0x0002ce94   Data           8  ble_nus.o(log_const_data)
    m_nrf_log_clock_logs_data_const          0x0002ce9c   Data           8  nrf_drv_clock.o(log_const_data)
    m_nrf_log_CLOCK_logs_data_const          0x0002cea4   Data           8  nrfx_clock.o(log_const_data)
    m_nrf_log_GPIOTE_logs_data_const         0x0002ceac   Data           8  nrfx_gpiote.o(log_const_data)
    m_nrf_log_PRS_logs_data_const            0x0002ceb4   Data           8  nrfx_prs.o(log_const_data)
    m_nrf_log_UART_logs_data_const           0x0002cebc   Data           8  nrfx_uart.o(log_const_data)
    m_nrf_log_UARTE_logs_data_const          0x0002cec4   Data           8  nrfx_uarte.o(log_const_data)
    m_nrf_log_TWI_logs_data_const            0x0002cecc   Data           8  nrfx_twi.o(log_const_data)
    m_nrf_log_app_button_logs_data_const     0x0002ced4   Data           8  app_button.o(log_const_data)
    m_nrf_log_app_timer_logs_data_const      0x0002cedc   Data           8  app_timer2.o(log_const_data)
    m_nrf_log_pwr_mgmt_logs_data_const       0x0002cee4   Data           8  nrf_pwr_mgmt.o(log_const_data)
    m_nrf_log_sortlist_logs_data_const       0x0002ceec   Data           8  nrf_sortlist.o(log_const_data)
    m_nrf_log_app_logs_data_const            0x0002cef4   Data           8  nrf_log_frontend.o(log_const_data)
    m_nrf_log_nrf_sdh_logs_data_const        0x0002cefc   Data           8  nrf_sdh.o(log_const_data)
    m_nrf_log_nrf_sdh_ble_logs_data_const    0x0002cf04   Data           8  nrf_sdh_ble.o(log_const_data)
    m_nrf_log_nrf_sdh_soc_logs_data_const    0x0002cf0c   Data           8  nrf_sdh_soc.o(log_const_data)
    log_const_data$$Limit                    0x0002cf14   Number         0  nrf_sdh_soc.o(log_const_data)
    log_mempool                              0x0002cf14   Data          20  nrf_log_frontend.o(nrf_balloc)
    sdh_ble_observers0$$Base                 0x0002cf28   Number         0  ble_conn_state.o(sdh_ble_observers0)
    sdh_ble_observers0$$Limit                0x0002cf30   Number         0  ble_conn_state.o(sdh_ble_observers0)
    sdh_ble_observers1$$Base                 0x0002cf30   Number         0  main.o(sdh_ble_observers1)
    sdh_ble_observers1$$Limit                0x0002cf50   Number         0  ble_conn_params.o(sdh_ble_observers1)
    sdh_ble_observers2$$Base                 0x0002cf50   Number         0  main.o(sdh_ble_observers2)
    sdh_ble_observers2$$Limit                0x0002cf60   Number         0  main.o(sdh_ble_observers2)
    sdh_ble_observers3$$Base                 0x0002cf60   Number         0  main.o(sdh_ble_observers3)
    sdh_ble_observers3$$Limit                0x0002cf68   Number         0  main.o(sdh_ble_observers3)
    sdh_soc_observers0$$Base                 0x0002cf68   Number         0  nrf_drv_clock.o(sdh_soc_observers0)
    sdh_soc_observers0$$Limit                0x0002cf70   Number         0  nrf_drv_clock.o(sdh_soc_observers0)
    sdh_stack_observers0$$Base               0x0002cf70   Number         0  nrf_sdh_ble.o(sdh_stack_observers0)
    sdh_stack_observers0$$Limit              0x0002cf80   Number         0  nrf_sdh_soc.o(sdh_stack_observers0)
    sdh_state_observers0$$Base               0x0002cf80   Number         0  nrf_drv_clock.o(sdh_state_observers0)
    sdh_state_observers0$$Limit              0x0002cf88   Number         0  nrf_drv_clock.o(sdh_state_observers0)
    Image$$RW_IRAM1$$Base                    0x20002ad8   Number         0  anon$$obj.o ABSOLUTE
    time_flag                                0x20002ad8   Data           1  main.o(.data)
    SystemCoreClock                          0x20002bf8   Data           4  system_nrf52.o(.data)
    nrf_nvic_state                           0x20003308   Data          12  app_util_platform.o(.bss)
    _SEGGER_RTT                              0x200038dc   Data         120  segger_rtt.o(.bss)
    __libspace_start                         0x20003b64   Data          96  libspace.o(.bss)
    __temporary_stack_top$libspace           0x20003bc4   Data           0  libspace.o(.bss)



==============================================================================

Memory Map of the image

  Image Entry point : 0x00026201

  Load Region LR_IROM1 (Base: 0x00026000, Size: 0x000070ac, Max: 0x0005a000, ABSOLUTE)

    Execution Region ER_IROM1 (Exec base: 0x00026000, Load base: 0x00026000, Size: 0x00006f88, Max: 0x0005a000, ABSOLUTE)

    Exec Addr    Load Addr    Size         Type   Attr      Idx    E Section Name        Object

    0x00026000   0x00026000   0x00000200   Data   RO         5661    RESET               arm_startup_nrf52.o
    0x00026200   0x00026200   0x00000008   Code   RO         5756  * !!!main             c_w.l(__main.o)
    0x00026208   0x00026208   0x00000034   Code   RO         5944    !!!scatter          c_w.l(__scatter.o)
    0x0002623c   0x0002623c   0x0000001a   Code   RO         5946    !!handler_copy      c_w.l(__scatter_copy.o)
    0x00026256   0x00026256   0x00000002   PAD
    0x00026258   0x00026258   0x0000001c   Code   RO         5948    !!handler_zi        c_w.l(__scatter_zi.o)
    0x00026274   0x00026274   0x00000000   Code   RO         5739    .ARM.Collect$$_printf_percent$$00000000  c_w.l(_printf_percent.o)
    0x00026274   0x00026274   0x00000006   Code   RO         5738    .ARM.Collect$$_printf_percent$$00000009  c_w.l(_printf_d.o)
    0x0002627a   0x0002627a   0x00000004   Code   RO         5776    .ARM.Collect$$_printf_percent$$00000017  c_w.l(_printf_percent_end.o)
    0x0002627e   0x0002627e   0x00000002   Code   RO         5864    .ARM.Collect$$libinit$$00000000  c_w.l(libinit.o)
    0x00026280   0x00026280   0x00000004   Code   RO         5804    .ARM.Collect$$libinit$$00000001  c_w.l(libinit2.o)
    0x00026284   0x00026284   0x00000000   Code   RO         5807    .ARM.Collect$$libinit$$00000004  c_w.l(libinit2.o)
    0x00026284   0x00026284   0x00000000   Code   RO         5810    .ARM.Collect$$libinit$$0000000A  c_w.l(libinit2.o)
    0x00026284   0x00026284   0x00000000   Code   RO         5812    .ARM.Collect$$libinit$$0000000C  c_w.l(libinit2.o)
    0x00026284   0x00026284   0x00000000   Code   RO         5814    .ARM.Collect$$libinit$$0000000E  c_w.l(libinit2.o)
    0x00026284   0x00026284   0x00000006   Code   RO         5815    .ARM.Collect$$libinit$$0000000F  c_w.l(libinit2.o)
    0x0002628a   0x0002628a   0x00000000   Code   RO         5817    .ARM.Collect$$libinit$$00000011  c_w.l(libinit2.o)
    0x0002628a   0x0002628a   0x0000000c   Code   RO         5818    .ARM.Collect$$libinit$$00000012  c_w.l(libinit2.o)
    0x00026296   0x00026296   0x00000000   Code   RO         5819    .ARM.Collect$$libinit$$00000013  c_w.l(libinit2.o)
    0x00026296   0x00026296   0x00000000   Code   RO         5821    .ARM.Collect$$libinit$$00000015  c_w.l(libinit2.o)
    0x00026296   0x00026296   0x00000000   Code   RO         5823    .ARM.Collect$$libinit$$00000017  c_w.l(libinit2.o)
    0x00026296   0x00026296   0x00000000   Code   RO         5825    .ARM.Collect$$libinit$$00000019  c_w.l(libinit2.o)
    0x00026296   0x00026296   0x00000000   Code   RO         5827    .ARM.Collect$$libinit$$0000001B  c_w.l(libinit2.o)
    0x00026296   0x00026296   0x00000000   Code   RO         5829    .ARM.Collect$$libinit$$0000001D  c_w.l(libinit2.o)
    0x00026296   0x00026296   0x00000000   Code   RO         5831    .ARM.Collect$$libinit$$0000001F  c_w.l(libinit2.o)
    0x00026296   0x00026296   0x00000000   Code   RO         5833    .ARM.Collect$$libinit$$00000021  c_w.l(libinit2.o)
    0x00026296   0x00026296   0x00000000   Code   RO         5835    .ARM.Collect$$libinit$$00000023  c_w.l(libinit2.o)
    0x00026296   0x00026296   0x00000000   Code   RO         5837    .ARM.Collect$$libinit$$00000025  c_w.l(libinit2.o)
    0x00026296   0x00026296   0x00000000   Code   RO         5841    .ARM.Collect$$libinit$$0000002C  c_w.l(libinit2.o)
    0x00026296   0x00026296   0x00000000   Code   RO         5843    .ARM.Collect$$libinit$$0000002E  c_w.l(libinit2.o)
    0x00026296   0x00026296   0x00000000   Code   RO         5845    .ARM.Collect$$libinit$$00000030  c_w.l(libinit2.o)
    0x00026296   0x00026296   0x00000000   Code   RO         5847    .ARM.Collect$$libinit$$00000032  c_w.l(libinit2.o)
    0x00026296   0x00026296   0x00000002   Code   RO         5848    .ARM.Collect$$libinit$$00000033  c_w.l(libinit2.o)
    0x00026298   0x00026298   0x00000002   Code   RO         5911    .ARM.Collect$$libshutdown$$00000000  c_w.l(libshutdown.o)
    0x0002629a   0x0002629a   0x00000000   Code   RO         5927    .ARM.Collect$$libshutdown$$00000002  c_w.l(libshutdown2.o)
    0x0002629a   0x0002629a   0x00000000   Code   RO         5929    .ARM.Collect$$libshutdown$$00000004  c_w.l(libshutdown2.o)
    0x0002629a   0x0002629a   0x00000000   Code   RO         5932    .ARM.Collect$$libshutdown$$00000007  c_w.l(libshutdown2.o)
    0x0002629a   0x0002629a   0x00000000   Code   RO         5935    .ARM.Collect$$libshutdown$$0000000A  c_w.l(libshutdown2.o)
    0x0002629a   0x0002629a   0x00000000   Code   RO         5937    .ARM.Collect$$libshutdown$$0000000C  c_w.l(libshutdown2.o)
    0x0002629a   0x0002629a   0x00000000   Code   RO         5940    .ARM.Collect$$libshutdown$$0000000F  c_w.l(libshutdown2.o)
    0x0002629a   0x0002629a   0x00000002   Code   RO         5941    .ARM.Collect$$libshutdown$$00000010  c_w.l(libshutdown2.o)
    0x0002629c   0x0002629c   0x00000000   Code   RO         5758    .ARM.Collect$$rtentry$$00000000  c_w.l(__rtentry.o)
    0x0002629c   0x0002629c   0x00000000   Code   RO         5784    .ARM.Collect$$rtentry$$00000002  c_w.l(__rtentry2.o)
    0x0002629c   0x0002629c   0x00000006   Code   RO         5796    .ARM.Collect$$rtentry$$00000004  c_w.l(__rtentry4.o)
    0x000262a2   0x000262a2   0x00000000   Code   RO         5786    .ARM.Collect$$rtentry$$00000009  c_w.l(__rtentry2.o)
    0x000262a2   0x000262a2   0x00000004   Code   RO         5787    .ARM.Collect$$rtentry$$0000000A  c_w.l(__rtentry2.o)
    0x000262a6   0x000262a6   0x00000000   Code   RO         5789    .ARM.Collect$$rtentry$$0000000C  c_w.l(__rtentry2.o)
    0x000262a6   0x000262a6   0x00000008   Code   RO         5790    .ARM.Collect$$rtentry$$0000000D  c_w.l(__rtentry2.o)
    0x000262ae   0x000262ae   0x00000002   Code   RO         5867    .ARM.Collect$$rtexit$$00000000  c_w.l(rtexit.o)
    0x000262b0   0x000262b0   0x00000000   Code   RO         5884    .ARM.Collect$$rtexit$$00000002  c_w.l(rtexit2.o)
    0x000262b0   0x000262b0   0x00000004   Code   RO         5885    .ARM.Collect$$rtexit$$00000003  c_w.l(rtexit2.o)
    0x000262b4   0x000262b4   0x00000006   Code   RO         5886    .ARM.Collect$$rtexit$$00000004  c_w.l(rtexit2.o)
    0x000262ba   0x000262ba   0x00000002   PAD
    0x000262bc   0x000262bc   0x000000c8   Code   RO         3869    .emb_text           nrf_atfifo.o
    0x00026384   0x00026384   0x000000e2   Code   RO         4005    .emb_text           nrf_atomic.o
    0x00026466   0x00026466   0x00000002   PAD
    0x00026468   0x00026468   0x00000040   Code   RO         5662    .text               arm_startup_nrf52.o
    0x000264a8   0x000264a8   0x00000010   Code   RO         5704    .text               c_w.l(rt_ctype_table.o)
    0x000264b8   0x000264b8   0x000000ee   Code   RO         5706    .text               c_w.l(lludivv7m.o)
    0x000265a6   0x000265a6   0x00000002   PAD
    0x000265a8   0x000265a8   0x00000038   Code   RO         5710    .text               c_w.l(__2snprintf.o)
    0x000265e0   0x000265e0   0x00000068   Code   RO         5714    .text               c_w.l(__printf.o)
    0x00026648   0x00026648   0x00000078   Code   RO         5716    .text               c_w.l(_printf_dec.o)
    0x000266c0   0x000266c0   0x00000048   Code   RO         5742    .text               c_w.l(strcpy.o)
    0x00026708   0x00026708   0x0000003e   Code   RO         5744    .text               c_w.l(strlen.o)
    0x00026746   0x00026746   0x0000008a   Code   RO         5746    .text               c_w.l(rt_memcpy_v6.o)
    0x000267d0   0x000267d0   0x00000064   Code   RO         5748    .text               c_w.l(rt_memcpy_w.o)
    0x00026834   0x00026834   0x0000004e   Code   RO         5752    .text               c_w.l(rt_memclr_w.o)
    0x00026882   0x00026882   0x00000006   Code   RO         5754    .text               c_w.l(heapauxi.o)
    0x00026888   0x00026888   0x00000008   Code   RO         5766    .text               c_w.l(rt_locale_intlibspace.o)
    0x00026890   0x00026890   0x000000b2   Code   RO         5768    .text               c_w.l(_printf_intcommon.o)
    0x00026942   0x00026942   0x00000002   PAD
    0x00026944   0x00026944   0x00000030   Code   RO         5770    .text               c_w.l(_printf_char_common.o)
    0x00026974   0x00026974   0x0000000a   Code   RO         5772    .text               c_w.l(_sputc.o)
    0x0002697e   0x0002697e   0x00000010   Code   RO         5774    .text               c_w.l(_snputc.o)
    0x0002698e   0x0002698e   0x00000002   PAD
    0x00026990   0x00026990   0x00000008   Code   RO         5780    .text               c_w.l(libspace.o)
    0x00026998   0x00026998   0x00000080   Code   RO         5802    .text               c_w.l(strcmpv7m.o)
    0x00026a18   0x00026a18   0x0000004a   Code   RO         5849    .text               c_w.l(sys_stackheap_outer.o)
    0x00026a62   0x00026a62   0x00000012   Code   RO         5851    .text               c_w.l(exit.o)
    0x00026a74   0x00026a74   0x0000000c   Code   RO         5881    .text               c_w.l(sys_exit.o)
    0x00026a80   0x00026a80   0x00000002   Code   RO         5902    .text               c_w.l(use_no_semi.o)
    0x00026a82   0x00026a82   0x00000000   Code   RO         5904    .text               c_w.l(indicate_semi.o)
    0x00026a82   0x00026a82   0x00000002   PAD
    0x00026a84   0x00026a84   0x00000018   Code   RO            4    i.FPU_IRQHandler    main.o
    0x00026a9c   0x00026a9c   0x00000164   Code   RO         2195    i.GPIOTE_IRQHandler  nrfx_gpiote.o
    0x00026c00   0x00026c00   0x00000032   Code   RO         5537    i.MPU6050_ReadGyro  mpu6050.o
    0x00026c32   0x00026c32   0x00000002   PAD
    0x00026c34   0x00026c34   0x0000017c   Code   RO         5539    i.MPU6050_mouse_report_send  mpu6050.o
    0x00026db0   0x00026db0   0x00000058   Code   RO         2057    i.POWER_CLOCK_IRQHandler  nrfx_clock.o
    0x00026e08   0x00026e08   0x00000010   Code   RO         3658    i.RTC1_IRQHandler   drv_rtc.o
    0x00026e18   0x00026e18   0x00000004   Code   RO         5075    i.SEGGER_RTT_Init   segger_rtt.o
    0x00026e1c   0x00026e1c   0x0000003c   Code   RO         5088    i.SEGGER_RTT_Write  segger_rtt.o
    0x00026e58   0x00026e58   0x0000005c   Code   RO         5089    i.SEGGER_RTT_WriteNoLock  segger_rtt.o
    0x00026eb4   0x00026eb4   0x00000016   Code   RO         5273    i.SEGGER_RTT_printf  segger_rtt_printf.o
    0x00026eca   0x00026eca   0x00000196   Code   RO         5274    i.SEGGER_RTT_vprintf  segger_rtt_printf.o
    0x00027060   0x00027060   0x00000010   Code   RO         2866    i.SPIM0_SPIS0_TWIM0_TWIS0_SPI0_TWI0_IRQHandler  nrfx_twi.o
    0x00027070   0x00027070   0x00000004   Code   RO         5326    i.SWI2_EGU2_IRQHandler  nrf_sdh.o
    0x00027074   0x00027074   0x0000031c   Code   RO         5670    i.SystemInit        system_nrf52.o
    0x00027390   0x00027390   0x0000000c   Code   RO         2464    i.UARTE0_UART0_IRQHandler  nrfx_prs.o
    0x0002739c   0x0002739c   0x00000068   Code   RO         5093    i._DoInit           segger_rtt.o
    0x00027404   0x00027404   0x00000016   Code   RO         5094    i._GetAvailWriteSpace  segger_rtt.o
    0x0002741a   0x0002741a   0x00000002   PAD
    0x0002741c   0x0002741c   0x000000c6   Code   RO         5275    i._PrintInt         segger_rtt_printf.o
    0x000274e2   0x000274e2   0x00000002   PAD
    0x000274e4   0x000274e4   0x000000d4   Code   RO         5276    i._PrintUnsigned    segger_rtt_printf.o
    0x000275b8   0x000275b8   0x0000003e   Code   RO         5277    i._StoreChar        segger_rtt_printf.o
    0x000275f6   0x000275f6   0x0000005a   Code   RO         5096    i._WriteBlocking    segger_rtt.o
    0x00027650   0x00027650   0x00000042   Code   RO         5097    i._WriteNoCheck     segger_rtt.o
    0x00027692   0x00027692   0x00000002   PAD
    0x00027694   0x00027694   0x00000024   Code   RO         5327    i.__sd_nvic_app_accessible_irq  nrf_sdh.o
    0x000276b8   0x000276b8   0x00000002   Code   RO            6    i.ac_timer_handler  main.o
    0x000276ba   0x000276ba   0x00000010   Code   RO         1057    i.adv_set_data_size_max_get  ble_advertising.o
    0x000276ca   0x000276ca   0x00000036   Code   RO          791    i.advertising_buttons_configure  bsp_btn_ble.o
    0x00027700   0x00027700   0x00000084   Code   RO         3185    i.app_error_fault_handler  app_error_weak.o
    0x00027784   0x00027784   0x00000016   Code   RO         3125    i.app_error_handler_bare  app_error.o
    0x0002779a   0x0002779a   0x00000002   PAD
    0x0002779c   0x0002779c   0x0000000c   Code   RO         3366    i.app_timer_cnt_get  app_timer2.o
    0x000277a8   0x000277a8   0x00000016   Code   RO         3367    i.app_timer_create  app_timer2.o
    0x000277be   0x000277be   0x00000002   PAD
    0x000277c0   0x000277c0   0x0000005c   Code   RO         3368    i.app_timer_init    app_timer2.o
    0x0002781c   0x0002781c   0x00000030   Code   RO         3371    i.app_timer_start   app_timer2.o
    0x0002784c   0x0002784c   0x0000000c   Code   RO         3372    i.app_timer_stop    app_timer2.o
    0x00027858   0x00027858   0x00000048   Code   RO         3590    i.app_util_critical_region_enter  app_util_platform.o
    0x000278a0   0x000278a0   0x00000034   Code   RO         3591    i.app_util_critical_region_exit  app_util_platform.o
    0x000278d4   0x000278d4   0x00000048   Code   RO         1418    i.blcm_link_ctx_get  ble_link_ctx_manager.o
    0x0002791c   0x0002791c   0x00000182   Code   RO          948    i.ble_advdata_encode  ble_advdata.o
    0x00027a9e   0x00027a9e   0x00000020   Code   RO          950    i.ble_advdata_parse  ble_advdata.o
    0x00027abe   0x00027abe   0x00000040   Code   RO          951    i.ble_advdata_search  ble_advdata.o
    0x00027afe   0x00027afe   0x00000006   Code   RO         1059    i.ble_advertising_conn_cfg_tag_set  ble_advertising.o
    0x00027b04   0x00027b04   0x000000f8   Code   RO         1060    i.ble_advertising_init  ble_advertising.o
    0x00027bfc   0x00027bfc   0x0000006a   Code   RO         1062    i.ble_advertising_on_ble_evt  ble_advertising.o
    0x00027c66   0x00027c66   0x00000230   Code   RO         1065    i.ble_advertising_start  ble_advertising.o
    0x00027e96   0x00027e96   0x00000002   PAD
    0x00027e98   0x00027e98   0x00000068   Code   RO         1166    i.ble_conn_params_init  ble_conn_params.o
    0x00027f00   0x00027f00   0x00000012   Code   RO         1250    i.ble_conn_state_conn_idx  ble_conn_state.o
    0x00027f12   0x00027f12   0x00000002   PAD
    0x00027f14   0x00027f14   0x00000014   Code   RO         1264    i.ble_conn_state_valid  ble_conn_state.o
    0x00027f28   0x00027f28   0x00000060   Code   RO          954    i.ble_device_addr_encode  ble_advdata.o
    0x00027f88   0x00027f88   0x000000dc   Code   RO            8    i.ble_evt_handler   main.o
    0x00028064   0x00028064   0x00000070   Code   RO          792    i.ble_evt_handler   bsp_btn_ble.o
    0x000280d4   0x000280d4   0x000000fc   Code   RO         1168    i.ble_evt_handler   ble_conn_params.o
    0x000281d0   0x000281d0   0x00000118   Code   RO         1265    i.ble_evt_handler   ble_conn_state.o
    0x000282e8   0x000282e8   0x00000066   Code   RO         1653    i.ble_nus_data_send  ble_nus.o
    0x0002834e   0x0002834e   0x00000002   PAD
    0x00028350   0x00028350   0x000000d4   Code   RO         1654    i.ble_nus_init      ble_nus.o
    0x00028424   0x00028424   0x00000070   Code   RO         1655    i.ble_nus_on_ble_evt  ble_nus.o
    0x00028494   0x00028494   0x00000038   Code   RO            9    i.ble_send          main.o
    0x000284cc   0x000284cc   0x00000008   Code   RO         1447    i.ble_srv_is_notification_enabled  ble_srv_common.o
    0x000284d4   0x000284d4   0x0000000c   Code   RO          497    i.bsp_board_button_idx_to_pin  boards.o
    0x000284e0   0x000284e0   0x00000024   Code   RO          501    i.bsp_board_led_invert  boards.o
    0x00028504   0x00028504   0x00000010   Code   RO          502    i.bsp_board_led_off  boards.o
    0x00028514   0x00028514   0x00000010   Code   RO          503    i.bsp_board_led_on  boards.o
    0x00028524   0x00028524   0x00000020   Code   RO          504    i.bsp_board_led_state_get  boards.o
    0x00028544   0x00028544   0x00000012   Code   RO          505    i.bsp_board_leds_off  boards.o
    0x00028556   0x00028556   0x00000012   Code   RO          506    i.bsp_board_leds_on  boards.o
    0x00028568   0x00028568   0x00000024   Code   RO          507    i.bsp_board_pin_to_button_idx  boards.o
    0x0002858c   0x0002858c   0x0000001e   Code   RO          794    i.bsp_btn_ble_sleep_mode_prepare  bsp_btn_ble.o
    0x000285aa   0x000285aa   0x00000002   PAD
    0x000285ac   0x000285ac   0x00000090   Code   RO          659    i.bsp_button_event_handler  bsp.o
    0x0002863c   0x0002863c   0x00000044   Code   RO          663    i.bsp_event_to_button_action_assign  bsp.o
    0x00028680   0x00028680   0x00000018   Code   RO          664    i.bsp_indication_set  bsp.o
    0x00028698   0x00028698   0x000001c8   Code   RO          666    i.bsp_led_indication  bsp.o
    0x00028860   0x00028860   0x00000006   Code   RO          668    i.bsp_wakeup_button_enable  bsp.o
    0x00028866   0x00028866   0x00000002   PAD
    0x00028868   0x00028868   0x00000090   Code   RO         4830    i.buf_prealloc      nrf_log_frontend.o
    0x000288f8   0x000288f8   0x0000002e   Code   RO         4217    i.buffer_add        nrf_fprintf_format.o
    0x00028926   0x00028926   0x00000002   PAD
    0x00028928   0x00028928   0x00000014   Code   RO         4831    i.buffer_is_empty   nrf_log_frontend.o
    0x0002893c   0x0002893c   0x00000010   Code   RO         2198    i.channel_port_get  nrfx_gpiote.o
    0x0002894c   0x0002894c   0x00000190   Code   RO         1449    i.characteristic_add  ble_srv_common.o
    0x00028adc   0x00028adc   0x00000018   Code   RO         5540    i.clamp_i8          mpu6050.o
    0x00028af4   0x00028af4   0x00000028   Code   RO         1714    i.clock_clk_started_notify  nrf_drv_clock.o
    0x00028b1c   0x00028b1c   0x0000001c   Code   RO         1715    i.clock_irq_handler  nrf_drv_clock.o
    0x00028b38   0x00028b38   0x00000018   Code   RO         3374    i.compare_func      app_timer2.o
    0x00028b50   0x00028b50   0x0000003e   Code   RO         1266    i.conn_handle_list_get  ble_conn_state.o
    0x00028b8e   0x00028b8e   0x00000088   Code   RO          955    i.conn_int_encode   ble_advdata.o
    0x00028c16   0x00028c16   0x00000004   Code   RO           11    i.conn_params_error_handler  main.o
    0x00028c1a   0x00028c1a   0x00000002   PAD
    0x00028c1c   0x00028c1c   0x00000048   Code   RO         1169    i.conn_params_negotiation  ble_conn_params.o
    0x00028c64   0x00028c64   0x000000c0   Code   RO         1507    i.data_length_update  nrf_ble_gatt.o
    0x00028d24   0x00028d24   0x00000014   Code   RO         4832    i.dropped_sat16_get  nrf_log_frontend.o
    0x00028d38   0x00028d38   0x00000014   Code   RO         3659    i.drv_rtc_compare_disable  drv_rtc.o
    0x00028d4c   0x00028d4c   0x0000000e   Code   RO         3661    i.drv_rtc_compare_pending  drv_rtc.o
    0x00028d5a   0x00028d5a   0x00000050   Code   RO         3662    i.drv_rtc_compare_set  drv_rtc.o
    0x00028daa   0x00028daa   0x00000008   Code   RO         3663    i.drv_rtc_counter_get  drv_rtc.o
    0x00028db2   0x00028db2   0x00000002   PAD
    0x00028db4   0x00028db4   0x000000d4   Code   RO         3664    i.drv_rtc_init      drv_rtc.o
    0x00028e88   0x00028e88   0x0000001a   Code   RO         3665    i.drv_rtc_irq_trigger  drv_rtc.o
    0x00028ea2   0x00028ea2   0x00000008   Code   RO         3667    i.drv_rtc_overflow_enable  drv_rtc.o
    0x00028eaa   0x00028eaa   0x00000008   Code   RO         3668    i.drv_rtc_overflow_pending  drv_rtc.o
    0x00028eb2   0x00028eb2   0x00000008   Code   RO         3669    i.drv_rtc_start     drv_rtc.o
    0x00028eba   0x00028eba   0x00000008   Code   RO         3670    i.drv_rtc_stop      drv_rtc.o
    0x00028ec2   0x00028ec2   0x000000de   Code   RO         3675    i.drv_rtc_windowed_compare_set  drv_rtc.o
    0x00028fa0   0x00028fa0   0x00000012   Code   RO         3676    i.evt_enable        drv_rtc.o
    0x00028fb2   0x00028fb2   0x00000014   Code   RO         3677    i.evt_pending       drv_rtc.o
    0x00028fc6   0x00028fc6   0x0000000a   Code   RO         1267    i.flag_toggle       ble_conn_state.o
    0x00028fd0   0x00028fd0   0x00000028   Code   RO         1067    i.flags_set         ble_advertising.o
    0x00028ff8   0x00028ff8   0x0000005c   Code   RO           12    i.gatt_evt_handler  main.o
    0x00029054   0x00029054   0x00000030   Code   RO           13    i.gatt_init         main.o
    0x00029084   0x00029084   0x00000034   Code   RO         3375    i.get_now           app_timer2.o
    0x000290b8   0x000290b8   0x0000007c   Code   RO           15    i.init_timer_handler  main.o
    0x00029134   0x00029134   0x00000014   Code   RO         1170    i.instance_get      ble_conn_params.o
    0x00029148   0x00029148   0x000000a6   Code   RO         4218    i.int_print         nrf_fprintf_format.o
    0x000291ee   0x000291ee   0x00000034   Code   RO         4833    i.invalid_packets_omit  nrf_log_frontend.o
    0x00029222   0x00029222   0x00000044   Code   RO         1171    i.is_conn_params_ok  ble_conn_params.o
    0x00029266   0x00029266   0x00000002   PAD
    0x00029268   0x00029268   0x00000030   Code   RO          670    i.leds_off          bsp.o
    0x00029298   0x00029298   0x00000018   Code   RO         1508    i.link_init         nrf_ble_gatt.o
    0x000292b0   0x000292b0   0x0000009c   Code   RO         4834    i.log_skip          nrf_log_frontend.o
    0x0002934c   0x0002934c   0x00000328   Code   RO           16    i.main              main.o
    0x00029674   0x00029674   0x00000064   Code   RO          956    i.manuf_specific_data_encode  ble_advdata.o
    0x000296d8   0x000296d8   0x0000007e   Code   RO         4257    i.memobj_op         nrf_memobj.o
    0x00029756   0x00029756   0x00000002   PAD
    0x00029758   0x00029758   0x00000030   Code   RO         4835    i.module_idx_get    nrf_log_frontend.o
    0x00029788   0x00029788   0x0000001a   Code   RO           17    i.mouse_transport_nus_cb  main.o
    0x000297a2   0x000297a2   0x00000002   PAD
    0x000297a4   0x000297a4   0x000000b4   Code   RO         5541    i.mpu6050_init      mpu6050.o
    0x00029858   0x00029858   0x00000100   Code   RO         5542    i.mpu6050_register_read  mpu6050.o
    0x00029958   0x00029958   0x00000098   Code   RO         5543    i.mpu6050_register_write  mpu6050.o
    0x000299f0   0x000299f0   0x0000000c   Code   RO         5544    i.mpu6050_set_mouse_profile  mpu6050.o
    0x000299fc   0x000299fc   0x0000000c   Code   RO         5545    i.mpu6050_set_mouse_transport  mpu6050.o
    0x00029a08   0x00029a08   0x00000020   Code   RO         5546    i.mpu6050_verify_product_id  mpu6050.o
    0x00029a28   0x00029a28   0x000000a6   Code   RO          957    i.name_encode       ble_advdata.o
    0x00029ace   0x00029ace   0x00000026   Code   RO         3873    i.nrf_atfifo_init   nrf_atfifo.o
    0x00029af4   0x00029af4   0x00000016   Code   RO         3874    i.nrf_atfifo_item_alloc  nrf_atfifo.o
    0x00029b0a   0x00029b0a   0x00000016   Code   RO         3875    i.nrf_atfifo_item_free  nrf_atfifo.o
    0x00029b20   0x00029b20   0x00000016   Code   RO         3876    i.nrf_atfifo_item_get  nrf_atfifo.o
    0x00029b36   0x00029b36   0x00000016   Code   RO         3877    i.nrf_atfifo_item_put  nrf_atfifo.o
    0x00029b4c   0x00029b4c   0x00000016   Code   RO         3939    i.nrf_atflags_clear  nrf_atflags.o
    0x00029b62   0x00029b62   0x00000016   Code   RO         3944    i.nrf_atflags_get   nrf_atflags.o
    0x00029b78   0x00029b78   0x00000014   Code   RO         3946    i.nrf_atflags_set   nrf_atflags.o
    0x00029b8c   0x00029b8c   0x00000006   Code   RO         4007    i.nrf_atomic_flag_clear_fetch  nrf_atomic.o
    0x00029b92   0x00029b92   0x00000006   Code   RO         4008    i.nrf_atomic_flag_set  nrf_atomic.o
    0x00029b98   0x00029b98   0x0000000c   Code   RO         4010    i.nrf_atomic_u32_add  nrf_atomic.o
    0x00029ba4   0x00029ba4   0x0000000c   Code   RO         4011    i.nrf_atomic_u32_and  nrf_atomic.o
    0x00029bb0   0x00029bb0   0x0000000a   Code   RO         4014    i.nrf_atomic_u32_fetch_and  nrf_atomic.o
    0x00029bba   0x00029bba   0x0000000a   Code   RO         4016    i.nrf_atomic_u32_fetch_store  nrf_atomic.o
    0x00029bc4   0x00029bc4   0x0000000c   Code   RO         4020    i.nrf_atomic_u32_or  nrf_atomic.o
    0x00029bd0   0x00029bd0   0x0000000c   Code   RO         4022    i.nrf_atomic_u32_sub  nrf_atomic.o
    0x00029bdc   0x00029bdc   0x00000044   Code   RO         4141    i.nrf_balloc_alloc  nrf_balloc.o
    0x00029c20   0x00029c20   0x00000030   Code   RO         4142    i.nrf_balloc_free   nrf_balloc.o
    0x00029c50   0x00029c50   0x00000030   Code   RO         4143    i.nrf_balloc_init   nrf_balloc.o
    0x00029c80   0x00029c80   0x00000010   Code   RO         2199    i.nrf_bitmask_bit_is_set  nrfx_gpiote.o
    0x00029c90   0x00029c90   0x00000014   Code   RO         2200    i.nrf_bitmask_bit_set  nrfx_gpiote.o
    0x00029ca4   0x00029ca4   0x00000018   Code   RO         1510    i.nrf_ble_gatt_att_mtu_periph_set  nrf_ble_gatt.o
    0x00029cbc   0x00029cbc   0x00000022   Code   RO         1514    i.nrf_ble_gatt_init  nrf_ble_gatt.o
    0x00029cde   0x00029cde   0x00000002   PAD
    0x00029ce0   0x00029ce0   0x00000150   Code   RO         1515    i.nrf_ble_gatt_on_ble_evt  nrf_ble_gatt.o
    0x00029e30   0x00029e30   0x00000016   Code   RO         1609    i.nrf_ble_qwr_conn_handle_assign  nrf_ble_qwr.o
    0x00029e46   0x00029e46   0x00000024   Code   RO         1610    i.nrf_ble_qwr_init  nrf_ble_qwr.o
    0x00029e6a   0x00029e6a   0x000000b6   Code   RO         1611    i.nrf_ble_qwr_on_ble_evt  nrf_ble_qwr.o
    0x00029f20   0x00029f20   0x0000000e   Code   RO         2058    i.nrf_clock_event_check  nrfx_clock.o
    0x00029f2e   0x00029f2e   0x00000010   Code   RO         2059    i.nrf_clock_event_clear  nrfx_clock.o
    0x00029f3e   0x00029f3e   0x00000002   PAD
    0x00029f40   0x00029f40   0x00000038   Code   RO         1722    i.nrf_drv_clock_init  nrf_drv_clock.o
    0x00029f78   0x00029f78   0x00000030   Code   RO         1726    i.nrf_drv_clock_lfclk_release  nrf_drv_clock.o
    0x00029fa8   0x00029fa8   0x00000040   Code   RO         4633    i.nrf_drv_twi_init  nrf_drv_twi.o
    0x00029fe8   0x00029fe8   0x0000000e   Code   RO         5547    i.nrf_drv_twi_tx    mpu6050.o
    0x00029ff6   0x00029ff6   0x0000001a   Code   RO         4178    i.nrf_fprintf       nrf_fprintf.o
    0x0002a010   0x0002a010   0x00000018   Code   RO         4179    i.nrf_fprintf_buffer_flush  nrf_fprintf.o
    0x0002a028   0x0002a028   0x000001da   Code   RO         4219    i.nrf_fprintf_fmt   nrf_fprintf_format.o
    0x0002a202   0x0002a202   0x00000024   Code   RO         2867    i.nrf_gpio_cfg      nrfx_twi.o
    0x0002a226   0x0002a226   0x00000022   Code   RO         2203    i.nrf_gpio_cfg_sense_set  nrfx_gpiote.o
    0x0002a248   0x0002a248   0x0000000e   Code   RO         4634    i.nrf_gpio_pin_set  nrf_drv_twi.o
    0x0002a256   0x0002a256   0x00000016   Code   RO          510    i.nrf_gpio_pin_write  boards.o
    0x0002a26c   0x0002a26c   0x00000028   Code   RO         2204    i.nrf_gpio_ports_read  nrfx_gpiote.o
    0x0002a294   0x0002a294   0x00000014   Code   RO         2205    i.nrf_gpiote_event_clear  nrfx_gpiote.o
    0x0002a2a8   0x0002a2a8   0x00000010   Code   RO         2206    i.nrf_gpiote_event_is_set  nrfx_gpiote.o
    0x0002a2b8   0x0002a2b8   0x0000005c   Code   RO         4836    i.nrf_log_backend_add  nrf_log_frontend.o
    0x0002a314   0x0002a314   0x00000002   Code   RO         4698    i.nrf_log_backend_rtt_flush  nrf_log_backend_rtt.o
    0x0002a316   0x0002a316   0x00000004   Code   RO         4699    i.nrf_log_backend_rtt_init  nrf_log_backend_rtt.o
    0x0002a31a   0x0002a31a   0x00000002   Code   RO         4700    i.nrf_log_backend_rtt_panic_set  nrf_log_backend_rtt.o
    0x0002a31c   0x0002a31c   0x00000018   Code   RO         4701    i.nrf_log_backend_rtt_put  nrf_log_backend_rtt.o
    0x0002a334   0x0002a334   0x000000c8   Code   RO         4760    i.nrf_log_backend_serial_put  nrf_log_backend_serial.o
    0x0002a3fc   0x0002a3fc   0x00000030   Code   RO         4838    i.nrf_log_color_id_get  nrf_log_frontend.o
    0x0002a42c   0x0002a42c   0x0000001c   Code   RO         4794    i.nrf_log_default_backends_init  nrf_log_default_backends.o
    0x0002a448   0x0002a448   0x00000234   Code   RO         4839    i.nrf_log_frontend_dequeue  nrf_log_frontend.o
    0x0002a67c   0x0002a67c   0x00000008   Code   RO         4841    i.nrf_log_frontend_std_0  nrf_log_frontend.o
    0x0002a684   0x0002a684   0x0000000e   Code   RO         4842    i.nrf_log_frontend_std_1  nrf_log_frontend.o
    0x0002a692   0x0002a692   0x00000010   Code   RO         4843    i.nrf_log_frontend_std_2  nrf_log_frontend.o
    0x0002a6a2   0x0002a6a2   0x00000002   PAD
    0x0002a6a4   0x0002a6a4   0x000000b0   Code   RO         5016    i.nrf_log_hexdump_entry_process  nrf_log_str_formatter.o
    0x0002a754   0x0002a754   0x0000003c   Code   RO         4848    i.nrf_log_init      nrf_log_frontend.o
    0x0002a790   0x0002a790   0x00000014   Code   RO         4849    i.nrf_log_module_cnt_get  nrf_log_frontend.o
    0x0002a7a4   0x0002a7a4   0x0000001c   Code   RO         4852    i.nrf_log_module_name_get  nrf_log_frontend.o
    0x0002a7c0   0x0002a7c0   0x0000002c   Code   RO         4853    i.nrf_log_panic     nrf_log_frontend.o
    0x0002a7ec   0x0002a7ec   0x000000b6   Code   RO         5017    i.nrf_log_std_entry_process  nrf_log_str_formatter.o
    0x0002a8a2   0x0002a8a2   0x00000060   Code   RO         4258    i.nrf_memobj_alloc  nrf_memobj.o
    0x0002a902   0x0002a902   0x00000032   Code   RO         4259    i.nrf_memobj_free   nrf_memobj.o
    0x0002a934   0x0002a934   0x00000008   Code   RO         4260    i.nrf_memobj_get    nrf_memobj.o
    0x0002a93c   0x0002a93c   0x00000004   Code   RO         4261    i.nrf_memobj_pool_init  nrf_memobj.o
    0x0002a940   0x0002a940   0x0000001e   Code   RO         4262    i.nrf_memobj_put    nrf_memobj.o
    0x0002a95e   0x0002a95e   0x00000010   Code   RO         4263    i.nrf_memobj_read   nrf_memobj.o
    0x0002a96e   0x0002a96e   0x00000010   Code   RO         4264    i.nrf_memobj_write  nrf_memobj.o
    0x0002a97e   0x0002a97e   0x00000002   PAD
    0x0002a980   0x0002a980   0x00000028   Code   RO         4336    i.nrf_pwr_mgmt_init  nrf_pwr_mgmt.o
    0x0002a9a8   0x0002a9a8   0x00000044   Code   RO         4337    i.nrf_pwr_mgmt_run  nrf_pwr_mgmt.o
    0x0002a9ec   0x0002a9ec   0x00000004   Code   RO           18    i.nrf_qwr_error_handler  main.o
    0x0002a9f0   0x0002a9f0   0x0000001c   Code   RO         4413    i.nrf_ringbuf_init  nrf_ringbuf.o
    0x0002aa0c   0x0002aa0c   0x0000000c   Code   RO         3678    i.nrf_rtc_event_clear  drv_rtc.o
    0x0002aa18   0x0002aa18   0x00000014   Code   RO         5447    i.nrf_sdh_ble_app_ram_start_get  nrf_sdh_ble.o
    0x0002aa2c   0x0002aa2c   0x00000130   Code   RO         5448    i.nrf_sdh_ble_default_cfg_set  nrf_sdh_ble.o
    0x0002ab5c   0x0002ab5c   0x00000130   Code   RO         5449    i.nrf_sdh_ble_enable  nrf_sdh_ble.o
    0x0002ac8c   0x0002ac8c   0x00000060   Code   RO         5450    i.nrf_sdh_ble_evts_poll  nrf_sdh_ble.o
    0x0002acec   0x0002acec   0x00000074   Code   RO         5329    i.nrf_sdh_enable_request  nrf_sdh.o
    0x0002ad60   0x0002ad60   0x00000024   Code   RO         5330    i.nrf_sdh_evts_poll  nrf_sdh.o
    0x0002ad84   0x0002ad84   0x0000000c   Code   RO         5331    i.nrf_sdh_is_enabled  nrf_sdh.o
    0x0002ad90   0x0002ad90   0x0000003c   Code   RO         5501    i.nrf_sdh_soc_evts_poll  nrf_sdh_soc.o
    0x0002adcc   0x0002adcc   0x0000000a   Code   RO         4471    i.nrf_section_iter_init  nrf_section_iter.o
    0x0002add6   0x0002add6   0x00000024   Code   RO         4472    i.nrf_section_iter_item_set  nrf_section_iter.o
    0x0002adfa   0x0002adfa   0x00000020   Code   RO         4473    i.nrf_section_iter_next  nrf_section_iter.o
    0x0002ae1a   0x0002ae1a   0x00000022   Code   RO         4506    i.nrf_sortlist_add  nrf_sortlist.o
    0x0002ae3c   0x0002ae3c   0x00000006   Code   RO         4508    i.nrf_sortlist_peek  nrf_sortlist.o
    0x0002ae42   0x0002ae42   0x0000000e   Code   RO         4509    i.nrf_sortlist_pop  nrf_sortlist.o
    0x0002ae50   0x0002ae50   0x0000001e   Code   RO         4510    i.nrf_sortlist_remove  nrf_sortlist.o
    0x0002ae6e   0x0002ae6e   0x00000002   PAD
    0x0002ae70   0x0002ae70   0x00000038   Code   RO         4562    i.nrf_strerror_find  nrf_strerror.o
    0x0002aea8   0x0002aea8   0x00000014   Code   RO         4563    i.nrf_strerror_get  nrf_strerror.o
    0x0002aebc   0x0002aebc   0x0000000a   Code   RO         2869    i.nrf_twi_event_check  nrfx_twi.o
    0x0002aec6   0x0002aec6   0x0000000c   Code   RO         2870    i.nrf_twi_event_clear  nrfx_twi.o
    0x0002aed2   0x0002aed2   0x00000002   PAD
    0x0002aed4   0x0002aed4   0x0000002c   Code   RO         2064    i.nrfx_clock_enable  nrfx_clock.o
    0x0002af00   0x0002af00   0x00000020   Code   RO         2067    i.nrfx_clock_init   nrfx_clock.o
    0x0002af20   0x0002af20   0x0000001c   Code   RO         2070    i.nrfx_clock_lfclk_stop  nrfx_clock.o
    0x0002af3c   0x0002af3c   0x00000010   Code   RO         3679    i.nrfx_coredep_delay_us  drv_rtc.o
    0x0002af4c   0x0002af4c   0x00000010   Code   RO         4635    i.nrfx_coredep_delay_us  nrf_drv_twi.o
    0x0002af5c   0x0002af5c   0x0000003a   Code   RO         2465    i.nrfx_prs_acquire  nrfx_prs.o
    0x0002af96   0x0002af96   0x00000002   PAD
    0x0002af98   0x0002af98   0x00000020   Code   RO         2873    i.nrfx_twi_enable   nrfx_twi.o
    0x0002afb8   0x0002afb8   0x000000e0   Code   RO         2874    i.nrfx_twi_init     nrfx_twi.o
    0x0002b098   0x0002b098   0x00000030   Code   RO         2876    i.nrfx_twi_rx       nrfx_twi.o
    0x0002b0c8   0x0002b0c8   0x00000036   Code   RO         2878    i.nrfx_twi_tx       nrfx_twi.o
    0x0002b0fe   0x0002b0fe   0x00000002   PAD
    0x0002b100   0x0002b100   0x00000020   Code   RO         2880    i.nrfx_twi_xfer     nrfx_twi.o
    0x0002b120   0x0002b120   0x00000030   Code   RO           19    i.nus_data_handler  main.o
    0x0002b150   0x0002b150   0x0000000a   Code   RO           20    i.on_adv_evt        main.o
    0x0002b15a   0x0002b15a   0x00000002   PAD
    0x0002b15c   0x0002b15c   0x0000001c   Code   RO           21    i.on_conn_params_evt  main.o
    0x0002b178   0x0002b178   0x0000006a   Code   RO         1656    i.on_connect        ble_nus.o
    0x0002b1e2   0x0002b1e2   0x00000002   PAD
    0x0002b1e4   0x0002b1e4   0x000000a8   Code   RO         1516    i.on_connected_evt  nrf_ble_gatt.o
    0x0002b28c   0x0002b28c   0x000000ac   Code   RO         1517    i.on_exchange_mtu_request_evt  nrf_ble_gatt.o
    0x0002b338   0x0002b338   0x00000084   Code   RO         1657    i.on_write          ble_nus.o
    0x0002b3bc   0x0002b3bc   0x00000012   Code   RO         1068    i.phy_is_valid      ble_advertising.o
    0x0002b3ce   0x0002b3ce   0x00000002   PAD
    0x0002b3d0   0x0002b3d0   0x0000003c   Code   RO         5019    i.postfix_process   nrf_log_str_formatter.o
    0x0002b40c   0x0002b40c   0x00000098   Code   RO         5020    i.prefix_process    nrf_log_str_formatter.o
    0x0002b4a4   0x0002b4a4   0x00000018   Code   RO         2467    i.prs_box_get       nrfx_prs.o
    0x0002b4bc   0x0002b4bc   0x0000005c   Code   RO         3376    i.rtc_irq           app_timer2.o
    0x0002b518   0x0002b518   0x00000064   Code   RO         3377    i.rtc_schedule      app_timer2.o
    0x0002b57c   0x0002b57c   0x00000074   Code   RO         3378    i.rtc_update        app_timer2.o
    0x0002b5f0   0x0002b5f0   0x00000050   Code   RO         1729    i.sd_state_evt_handler  nrf_drv_clock.o
    0x0002b640   0x0002b640   0x00000030   Code   RO         5336    i.sdh_request_observer_notify  nrf_sdh.o
    0x0002b670   0x0002b670   0x0000002c   Code   RO         5337    i.sdh_state_observer_notify  nrf_sdh.o
    0x0002b69c   0x0002b69c   0x00000010   Code   RO         1172    i.send_error_evt    ble_conn_params.o
    0x0002b6ac   0x0002b6ac   0x00000050   Code   RO         4702    i.serial_tx         nrf_log_backend_rtt.o
    0x0002b6fc   0x0002b6fc   0x00000088   Code   RO          958    i.service_data_encode  ble_advdata.o
    0x0002b784   0x0002b784   0x00000030   Code   RO         1451    i.set_security_req  ble_srv_common.o
    0x0002b7b4   0x0002b7b4   0x00000028   Code   RO           22    i.sleep_mode_enter  main.o
    0x0002b7dc   0x0002b7dc   0x00000018   Code   RO         1730    i.soc_evt_handler   nrf_drv_clock.o
    0x0002b7f4   0x0002b7f4   0x00000058   Code   RO         5339    i.softdevices_evt_irq_enable  nrf_sdh.o
    0x0002b84c   0x0002b84c   0x0000000c   Code   RO         3379    i.sortlist_pop      app_timer2.o
    0x0002b858   0x0002b858   0x0000008c   Code   RO         4855    i.std_n             nrf_log_frontend.o
    0x0002b8e4   0x0002b8e4   0x00000004   Code   RO           23    i.task_timer_handler  main.o
    0x0002b8e8   0x0002b8e8   0x00000058   Code   RO         3380    i.timer_expire      app_timer2.o
    0x0002b940   0x0002b940   0x00000078   Code   RO         3381    i.timer_req_process  app_timer2.o
    0x0002b9b8   0x0002b9b8   0x00000038   Code   RO         3382    i.timer_req_schedule  app_timer2.o
    0x0002b9f0   0x0002b9f0   0x000000aa   Code   RO         4636    i.twi_clear_bus     nrf_drv_twi.o
    0x0002ba9a   0x0002ba9a   0x00000002   PAD
    0x0002ba9c   0x0002ba9c   0x00000040   Code   RO         4637    i.twi_evt_handler   nrf_drv_twi.o
    0x0002badc   0x0002badc   0x00000098   Code   RO         5548    i.twi_handler       mpu6050.o
    0x0002bb74   0x0002bb74   0x000000b0   Code   RO         2881    i.twi_irq_handler   nrfx_twi.o
    0x0002bc24   0x0002bc24   0x00000034   Code   RO         5549    i.twi_master_init   mpu6050.o
    0x0002bc58   0x0002bc58   0x0000001e   Code   RO         2882    i.twi_process_error  nrfx_twi.o
    0x0002bc76   0x0002bc76   0x00000002   PAD
    0x0002bc78   0x0002bc78   0x000000c0   Code   RO         2883    i.twi_rx_start_transfer  nrfx_twi.o
    0x0002bd38   0x0002bd38   0x0000003c   Code   RO         2884    i.twi_send_byte     nrfx_twi.o
    0x0002bd74   0x0002bd74   0x00000120   Code   RO         2885    i.twi_transfer      nrfx_twi.o
    0x0002be94   0x0002be94   0x000000b4   Code   RO         2886    i.twi_tx_start_transfer  nrfx_twi.o
    0x0002bf48   0x0002bf48   0x00000020   Code   RO         5550    i.twi_wait_done_with_timeout  mpu6050.o
    0x0002bf68   0x0002bf68   0x000000a4   Code   RO         2887    i.twi_xfer          nrfx_twi.o
    0x0002c00c   0x0002c00c   0x0000000a   Code   RO          959    i.uint16_encode     ble_advdata.o
    0x0002c016   0x0002c016   0x00000002   PAD
    0x0002c018   0x0002c018   0x000000b4   Code   RO         4220    i.unsigned_print    nrf_fprintf_format.o
    0x0002c0cc   0x0002c0cc   0x00000068   Code   RO         1173    i.update_timeout_handler  ble_conn_params.o
    0x0002c134   0x0002c134   0x00000018   Code   RO         1069    i.use_whitelist     ble_advertising.o
    0x0002c14c   0x0002c14c   0x00000024   Code   RO         1612    i.user_mem_reply    nrf_ble_qwr.o
    0x0002c170   0x0002c170   0x00000030   Code   RO          960    i.uuid_list_encode  ble_advdata.o
    0x0002c1a0   0x0002c1a0   0x0000009e   Code   RO          961    i.uuid_list_sized_encode  ble_advdata.o
    0x0002c23e   0x0002c23e   0x0000003a   Code   RO          672    i.wakeup_button_cfg  bsp.o
    0x0002c278   0x0002c278   0x0000002c   Code   RO         5778    locale$$code        c_w.l(lc_ctype_c.o)
    0x0002c2a4   0x0002c2a4   0x0000000a   Code   RO         5865    x$fpl$fpinit        fz_wm.l(fpinit.o)
    0x0002c2ae   0x0002c2ae   0x00000002   PAD
    0x0002c2b0   0x0002c2b0   0x0000000c   Data   RO           28    .constdata          main.o
    0x0002c2bc   0x0002c2bc   0x00000008   Data   RO          511    .constdata          boards.o
    0x0002c2c4   0x0002c2c4   0x0000002c   Data   RO          677    .constdata          bsp.o
    0x0002c2f0   0x0002c2f0   0x00000016   Data   RO         1518    .constdata          nrf_ble_gatt.o
    0x0002c306   0x0002c306   0x00000002   PAD
    0x0002c308   0x0002c308   0x00000010   Data   RO         1658    .constdata          ble_nus.o
    0x0002c318   0x0002c318   0x00000004   Data   RO         2235    .constdata          nrfx_gpiote.o
    0x0002c31c   0x0002c31c   0x00000018   Data   RO         2890    .constdata          nrfx_twi.o
    0x0002c334   0x0002c334   0x00000014   Data   RO         3385    .constdata          app_timer2.o
    0x0002c348   0x0002c348   0x00000008   PAD
    0x0002c350   0x0002c350   0x00000006   Data   RO         3680    .constdata          drv_rtc.o
    0x0002c356   0x0002c356   0x00000010   Data   RO         4221    .constdata          nrf_fprintf_format.o
    0x0002c366   0x0002c366   0x00000002   PAD
    0x0002c368   0x0002c368   0x00000018   Data   RO         4341    .constdata          nrf_pwr_mgmt.o
    0x0002c380   0x0002c380   0x0000000c   Data   RO         4342    .constdata          nrf_pwr_mgmt.o
    0x0002c38c   0x0002c38c   0x0000013c   Data   RO         4564    .constdata          nrf_strerror.o
    0x0002c4c8   0x0002c4c8   0x00000008   PAD
    0x0002c4d0   0x0002c4d0   0x00000006   Data   RO         4638    .constdata          nrf_drv_twi.o
    0x0002c4d6   0x0002c4d6   0x00000002   PAD
    0x0002c4d8   0x0002c4d8   0x0000000c   Data   RO         4704    .constdata          nrf_log_backend_rtt.o
    0x0002c4e4   0x0002c4e4   0x0000000c   PAD
    0x0002c4f0   0x0002c4f0   0x00000006   Data   RO         4705    .constdata          nrf_log_backend_rtt.o
    0x0002c4f6   0x0002c4f6   0x00000002   PAD
    0x0002c4f8   0x0002c4f8   0x0000000c   Data   RO         4860    .constdata          nrf_log_frontend.o
    0x0002c504   0x0002c504   0x00000010   Data   RO         5278    .constdata          segger_rtt_printf.o
    0x0002c514   0x0002c514   0x00000010   Data   RO         5340    .constdata          nrf_sdh.o
    0x0002c524   0x0002c524   0x00000028   Data   RO         5341    .constdata          nrf_sdh.o
    0x0002c54c   0x0002c54c   0x00000010   Data   RO         5342    .constdata          nrf_sdh.o
    0x0002c55c   0x0002c55c   0x00000010   Data   RO         5343    .constdata          nrf_sdh.o
    0x0002c56c   0x0002c56c   0x00000020   Data   RO         5451    .constdata          nrf_sdh_ble.o
    0x0002c58c   0x0002c58c   0x00000010   Data   RO         5452    .constdata          nrf_sdh_ble.o
    0x0002c59c   0x0002c59c   0x00000010   Data   RO         5502    .constdata          nrf_sdh_soc.o
    0x0002c5ac   0x0002c5ac   0x0000000c   Data   RO         5503    .constdata          nrf_sdh_soc.o
    0x0002c5b8   0x0002c5b8   0x00000020   Data   RO         5551    .constdata          mpu6050.o
    0x0002c5d8   0x0002c5d8   0x000000a2   Data   RO         1519    .conststring        nrf_ble_gatt.o
    0x0002c67a   0x0002c67a   0x00000002   PAD
    0x0002c67c   0x0002c67c   0x000003eb   Data   RO         4565    .conststring        nrf_strerror.o
    0x0002ca67   0x0002ca67   0x00000001   PAD
    0x0002ca68   0x0002ca68   0x00000066   Data   RO         5021    .conststring        nrf_log_str_formatter.o
    0x0002cace   0x0002cace   0x00000002   PAD
    0x0002cad0   0x0002cad0   0x000001cf   Data   RO         5453    .conststring        nrf_sdh_ble.o
    0x0002cc9f   0x0002cc9f   0x00000001   PAD
    0x0002cca0   0x0002cca0   0x0000000d   Data   RO         1520    .conststrlit        nrf_ble_gatt.o
    0x0002ccad   0x0002ccad   0x00000003   PAD
    0x0002ccb0   0x0002ccb0   0x00000008   Data   RO         1659    .conststrlit        ble_nus.o
    0x0002ccb8   0x0002ccb8   0x00000006   Data   RO         1736    .conststrlit        nrf_drv_clock.o
    0x0002ccbe   0x0002ccbe   0x00000002   PAD
    0x0002ccc0   0x0002ccc0   0x00000006   Data   RO         2074    .conststrlit        nrfx_clock.o
    0x0002ccc6   0x0002ccc6   0x00000002   PAD
    0x0002ccc8   0x0002ccc8   0x00000007   Data   RO         2239    .conststrlit        nrfx_gpiote.o
    0x0002cccf   0x0002cccf   0x00000001   PAD
    0x0002ccd0   0x0002ccd0   0x00000004   Data   RO         2469    .conststrlit        nrfx_prs.o
    0x0002ccd4   0x0002ccd4   0x00000005   Data   RO         2549    .conststrlit        nrfx_uart.o
    0x0002ccd9   0x0002ccd9   0x00000003   PAD
    0x0002ccdc   0x0002ccdc   0x00000006   Data   RO         2733    .conststrlit        nrfx_uarte.o
    0x0002cce2   0x0002cce2   0x00000002   PAD
    0x0002cce4   0x0002cce4   0x00000004   Data   RO         2893    .conststrlit        nrfx_twi.o
    0x0002cce8   0x0002cce8   0x0000000b   Data   RO         3040    .conststrlit        app_button.o
    0x0002ccf3   0x0002ccf3   0x00000001   PAD
    0x0002ccf4   0x0002ccf4   0x0000000a   Data   RO         3386    .conststrlit        app_timer2.o
    0x0002ccfe   0x0002ccfe   0x00000002   PAD
    0x0002cd00   0x0002cd00   0x00000009   Data   RO         4343    .conststrlit        nrf_pwr_mgmt.o
    0x0002cd09   0x0002cd09   0x00000003   PAD
    0x0002cd0c   0x0002cd0c   0x00000009   Data   RO         4511    .conststrlit        nrf_sortlist.o
    0x0002cd15   0x0002cd15   0x00000003   PAD
    0x0002cd18   0x0002cd18   0x00000010   Data   RO         4795    .conststrlit        nrf_log_default_backends.o
    0x0002cd28   0x0002cd28   0x00000004   Data   RO         4861    .conststrlit        nrf_log_frontend.o
    0x0002cd2c   0x0002cd2c   0x00000008   Data   RO         5344    .conststrlit        nrf_sdh.o
    0x0002cd34   0x0002cd34   0x0000000c   Data   RO         5454    .conststrlit        nrf_sdh_ble.o
    0x0002cd40   0x0002cd40   0x0000000c   Data   RO         5504    .conststrlit        nrf_sdh_soc.o
    0x0002cd4c   0x0002cd4c   0x00000020   Data   RO         5942    Region$$Table       anon$$obj.o
    0x0002cd6c   0x0002cd6c   0x00000110   Data   RO         5777    locale$$data        c_w.l(lc_ctype_c.o)
    0x0002ce7c   0x0002ce7c   0x00000010   Data   RO         4797    log_backends        nrf_log_default_backends.o
    0x0002ce8c   0x0002ce8c   0x00000008   Data   RO         1521    log_const_data      nrf_ble_gatt.o
    0x0002ce94   0x0002ce94   0x00000008   Data   RO         1660    log_const_data      ble_nus.o
    0x0002ce9c   0x0002ce9c   0x00000008   Data   RO         1737    log_const_data      nrf_drv_clock.o
    0x0002cea4   0x0002cea4   0x00000008   Data   RO         2076    log_const_data      nrfx_clock.o
    0x0002ceac   0x0002ceac   0x00000008   Data   RO         2240    log_const_data      nrfx_gpiote.o
    0x0002ceb4   0x0002ceb4   0x00000008   Data   RO         2471    log_const_data      nrfx_prs.o
    0x0002cebc   0x0002cebc   0x00000008   Data   RO         2550    log_const_data      nrfx_uart.o
    0x0002cec4   0x0002cec4   0x00000008   Data   RO         2734    log_const_data      nrfx_uarte.o
    0x0002cecc   0x0002cecc   0x00000008   Data   RO         2894    log_const_data      nrfx_twi.o
    0x0002ced4   0x0002ced4   0x00000008   Data   RO         3042    log_const_data      app_button.o
    0x0002cedc   0x0002cedc   0x00000008   Data   RO         3389    log_const_data      app_timer2.o
    0x0002cee4   0x0002cee4   0x00000008   Data   RO         4345    log_const_data      nrf_pwr_mgmt.o
    0x0002ceec   0x0002ceec   0x00000008   Data   RO         4512    log_const_data      nrf_sortlist.o
    0x0002cef4   0x0002cef4   0x00000008   Data   RO         4864    log_const_data      nrf_log_frontend.o
    0x0002cefc   0x0002cefc   0x00000008   Data   RO         5346    log_const_data      nrf_sdh.o
    0x0002cf04   0x0002cf04   0x00000008   Data   RO         5456    log_const_data      nrf_sdh_ble.o
    0x0002cf0c   0x0002cf0c   0x00000008   Data   RO         5505    log_const_data      nrf_sdh_soc.o
    0x0002cf14   0x0002cf14   0x00000014   Data   RO         4865    nrf_balloc          nrf_log_frontend.o
    0x0002cf28   0x0002cf28   0x00000008   Data   RO         1271    sdh_ble_observers0  ble_conn_state.o
    0x0002cf30   0x0002cf30   0x00000010   Data   RO           32    sdh_ble_observers1  main.o
    0x0002cf40   0x0002cf40   0x00000008   Data   RO          796    sdh_ble_observers1  bsp_btn_ble.o
    0x0002cf48   0x0002cf48   0x00000008   Data   RO         1176    sdh_ble_observers1  ble_conn_params.o
    0x0002cf50   0x0002cf50   0x00000010   Data   RO           33    sdh_ble_observers2  main.o
    0x0002cf60   0x0002cf60   0x00000008   Data   RO           34    sdh_ble_observers3  main.o
    0x0002cf68   0x0002cf68   0x00000008   Data   RO         1738    sdh_soc_observers0  nrf_drv_clock.o
    0x0002cf70   0x0002cf70   0x00000008   Data   RO         5457    sdh_stack_observers0  nrf_sdh_ble.o
    0x0002cf78   0x0002cf78   0x00000008   Data   RO         5506    sdh_stack_observers0  nrf_sdh_soc.o
    0x0002cf80   0x0002cf80   0x00000008   Data   RO         1739    sdh_state_observers0  nrf_drv_clock.o


    Execution Region RW_IRAM1 (Exec base: 0x20002ad8, Load base: 0x0002cf88, Size: 0x000050f0, Max: 0x0000d528, ABSOLUTE)

    Exec Addr    Load Addr    Size         Type   Attr      Idx    E Section Name        Object

    0x20002ad8   0x0002cf88   0x00000030   Data   RW           29    .data               main.o
    0x20002b08   0x0002cfb8   0x00000008   Data   RW           30    .data               main.o
    0x20002b10   0x0002cfc0   0x00000004   Data   RW           31    .data               main.o
    0x20002b14   0x0002cfc4   0x00000010   Data   RW          678    .data               bsp.o
    0x20002b24   0x0002cfd4   0x00000008   Data   RW          795    .data               bsp_btn_ble.o
    0x20002b2c   0x0002cfdc   0x00000008   Data   RW         1175    .data               ble_conn_params.o
    0x20002b34   0x0002cfe4   0x00000008   Data   RW         2075    .data               nrfx_clock.o
    0x20002b3c   0x0002cfec   0x00000008   Data   RW         2470    .data               nrfx_prs.o
    0x20002b44   0x0002cff4   0x00000004   PAD
    0x20002b48   0x0002cff8   0x00000020   Data   RW         3387    .data               app_timer2.o
    0x20002b68   0x0002d018   0x00000004   Data   RW         3388    .data               app_timer2.o
    0x20002b6c   0x0002d01c   0x0000000c   Data   RW         3681    .data               drv_rtc.o
    0x20002b78   0x0002d028   0x00000008   Data   RW         4344    .data               nrf_pwr_mgmt.o
    0x20002b80   0x0002d030   0x00000010   Data   RW         4639    .data               nrf_drv_twi.o
    0x20002b90   0x0002d040   0x00000001   Data   RW         4706    .data               nrf_log_backend_rtt.o
    0x20002b91   0x0002d041   0x00000003   PAD
    0x20002b94   0x0002d044   0x00000008   Data   RW         4796    .data               nrf_log_default_backends.o
    0x20002b9c   0x0002d04c   0x00000008   Data   RW         4862    .data               nrf_log_frontend.o
    0x20002ba4   0x0002d054   0x00000008   Data   RW         4863    .data               nrf_log_frontend.o
    0x20002bac   0x0002d05c   0x00000040   Data   RW         5022    .data               nrf_log_str_formatter.o
    0x20002bec   0x0002d09c   0x00000003   Data   RW         5345    .data               nrf_sdh.o
    0x20002bef   0x0002d09f   0x00000001   Data   RW         5455    .data               nrf_sdh_ble.o
    0x20002bf0   0x0002d0a0   0x00000008   Data   RW         5552    .data               mpu6050.o
    0x20002bf8   0x0002d0a8   0x00000004   Data   RW         5671    .data               system_nrf52.o
    0x20002bfc   0x0002d0ac   0x00000004   PAD
    0x20002c00        -       0x00000020   Zero   RW           24    .bss                main.o
    0x20002c20        -       0x00000020   Zero   RW           25    .bss                main.o
    0x20002c40        -       0x00000020   Zero   RW           26    .bss                main.o
    0x20002c60        -       0x00000454   Zero   RW           27    .bss                main.o
    0x200030b4   0x0002d0ac   0x00000004   PAD
    0x200030b8        -       0x00000020   Zero   RW          673    .bss                bsp.o
    0x200030d8        -       0x00000020   Zero   RW          674    .bss                bsp.o
    0x200030f8        -       0x0000000c   Zero   RW          675    .bss                bsp.o
    0x20003104   0x0002d0ac   0x00000004   PAD
    0x20003108        -       0x00000020   Zero   RW          676    .bss                bsp.o
    0x20003128        -       0x00000050   Zero   RW         1174    .bss                ble_conn_params.o
    0x20003178        -       0x0000007c   Zero   RW         1270    .bss                ble_conn_state.o
    0x200031f4        -       0x00000014   Zero   RW         1731    .bss                nrf_drv_clock.o
    0x20003208        -       0x0000005c   Zero   RW         2234    .bss                nrfx_gpiote.o
    0x20003264        -       0x0000003c   Zero   RW         2888    .bss                nrfx_twi.o
    0x200032a0        -       0x00000010   Zero   RW         3383    .bss                app_timer2.o
    0x200032b0        -       0x00000058   Zero   RW         3384    .bss                app_timer2.o
    0x20003308        -       0x0000000c   Zero   RW         3596    .bss                app_util_platform.o
    0x20003314        -       0x0000000c   Zero   RW         4340    .bss                nrf_pwr_mgmt.o
    0x20003320        -       0x00000040   Zero   RW         4703    .bss                nrf_log_backend_rtt.o
    0x20003360        -       0x000000c0   Zero   RW         4856    .bss                nrf_log_frontend.o
    0x20003420        -       0x00000080   Zero   RW         4857    .bss                nrf_log_frontend.o
    0x200034a0        -       0x00000018   Zero   RW         4858    .bss                nrf_log_frontend.o
    0x200034b8        -       0x00000424   Zero   RW         4859    .bss                nrf_log_frontend.o
    0x200038dc        -       0x00000288   Zero   RW         5098    .bss                segger_rtt.o
    0x20003b64        -       0x00000060   Zero   RW         5781    .bss                c_w.l(libspace.o)
    0x20003bc4   0x0002d0ac   0x00000004   PAD
    0x20003bc8        -       0x00002000   Zero   RW         5660    HEAP                arm_startup_nrf52.o
    0x20005bc8        -       0x00002000   Zero   RW         5659    STACK               arm_startup_nrf52.o


==============================================================================

Image component sizes


      Code (inc. data)   RO Data    RW Data    ZI Data      Debug   Object Name

         0          0         19          0          0       1955   app_button.o
        22          0          0          0          0       2573   app_error.o
       132         46          0          0          0      39346   app_error_weak.o
       846         88         38         36        104      17705   app_timer2.o
       124         14          0          0         12       9890   app_util_platform.o
        64         26        512          0      16384       1024   arm_startup_nrf52.o
      1332          0          0          0          0      61364   ble_advdata.o
      1018          6          0          0          0      17835   ble_advertising.o
       636         44          8          8         80      13379   ble_conn_params.o
       390         10          8          0        124       8175   ble_conn_state.o
        72          0          0          0          0       3000   ble_link_ctx_manager.o
       664          6         32          0          0       9384   ble_nus.o
       456          6          0          0          0       3611   ble_srv_common.o
       206         32          8          0          0      86679   boards.o
       804         60         44         16        108      20156   bsp.o
       196          6          8          8          0      84145   bsp_btn_ble.o
       696         76          6         12          0      47721   drv_rtc.o
      1538        440         52         60       1204     201139   main.o
      1348        576         32          8          0      26781   mpu6050.o
       326          0          0          0          0       6343   nrf_atfifo.o
        64          0          0          0          0       3204   nrf_atflags.o
       306          0          0          0          0       8607   nrf_atomic.o
       164          0          0          0          0       3872   nrf_balloc.o
       950        272        205          0          0      38785   nrf_ble_gatt.o
       276          0          0          0          0       6561   nrf_ble_qwr.o
       276         34         30          0         20      42320   nrf_drv_clock.o
       328         16          6         16          0      25843   nrf_drv_twi.o
        50          0          0          0          0       3769   nrf_fprintf.o
       866          4         16          0          0       6854   nrf_fprintf_format.o
       112         18         18          1         64       6669   nrf_log_backend_rtt.o
       200          0          0          0          0      11097   nrf_log_backend_serial.o
        28          4         32          8          0       3517   nrf_log_default_backends.o
      1474        114         44         16       1404      30986   nrf_log_frontend.o
       570        108        102         64          0       6020   nrf_log_str_formatter.o
       346          0          0          0          0      10111   nrf_memobj.o
       108         16         53          8         12      33698   nrf_pwr_mgmt.o
        28          0          0          0          0       2543   nrf_ringbuf.o
       384         46        104          3          0      39951   nrf_sdh.o
       724        232        539          1          0       6289   nrf_sdh_ble.o
        60          4         56          0          0       2648   nrf_sdh_soc.o
        78          0          0          0          0       3024   nrf_section_iter.o
        84          0         17          0          0       4473   nrf_sortlist.o
        76         10       1319          0          0       2983   nrf_strerror.o
       222         30         14          8          0      44386   nrfx_clock.o
       518         30         19          0         92      20879   nrfx_gpiote.o
        94         16         12          8          0       4061   nrfx_prs.o
      1554         46         36          0         60      29090   nrfx_twi.o
         0          0         13          0          0      11136   nrfx_uart.o
         0          0         14          0          0      10942   nrfx_uarte.o
       438         40          0          0        648      10492   segger_rtt.o
       900          6         16          0          0       6789   segger_rtt_printf.o
       796         70          0          4          0       3123   system_nrf52.o

    ----------------------------------------------------------------------
     23008       2552       3528        292      20328    1106927   Object Totals
         0          0         32          0          0          0   (incl. Generated)
        64          0         64          7         12          0   (incl. Padding)

    ----------------------------------------------------------------------

      Code (inc. data)   RO Data    RW Data    ZI Data      Debug   Library Member Name

        56          6          0          0          0         88   __2snprintf.o
         8          0          0          0          0         68   __main.o
       104          0          0          0          0         84   __printf.o
         0          0          0          0          0          0   __rtentry.o
        12          0          0          0          0          0   __rtentry2.o
         6          0          0          0          0          0   __rtentry4.o
        52          8          0          0          0          0   __scatter.o
        26          0          0          0          0          0   __scatter_copy.o
        28          0          0          0          0          0   __scatter_zi.o
        48          6          0          0          0         96   _printf_char_common.o
         6          0          0          0          0          0   _printf_d.o
       120         16          0          0          0         92   _printf_dec.o
       178          0          0          0          0         88   _printf_intcommon.o
         0          0          0          0          0          0   _printf_percent.o
         4          0          0          0          0          0   _printf_percent_end.o
        16          0          0          0          0         68   _snputc.o
        10          0          0          0          0         68   _sputc.o
        18          0          0          0          0         80   exit.o
         6          0          0          0          0        152   heapauxi.o
         0          0          0          0          0          0   indicate_semi.o
        44         10        272          0          0         76   lc_ctype_c.o
         2          0          0          0          0          0   libinit.o
        24          0          0          0          0          0   libinit2.o
         2          0          0          0          0          0   libshutdown.o
         2          0          0          0          0          0   libshutdown2.o
         8          4          0          0         96         68   libspace.o
       238          0          0          0          0        100   lludivv7m.o
        16          4          0          0          0         76   rt_ctype_table.o
         8          4          0          0          0         68   rt_locale_intlibspace.o
        78          0          0          0          0         80   rt_memclr_w.o
       138          0          0          0          0         68   rt_memcpy_v6.o
       100          0          0          0          0         80   rt_memcpy_w.o
         2          0          0          0          0          0   rtexit.o
        10          0          0          0          0          0   rtexit2.o
       128          0          0          0          0         68   strcmpv7m.o
        72          0          0          0          0         80   strcpy.o
        62          0          0          0          0         76   strlen.o
        12          4          0          0          0         68   sys_exit.o
        74          0          0          0          0         80   sys_stackheap_outer.o
         2          0          0          0          0         68   use_no_semi.o
        10          0          0          0          0        116   fpinit.o

    ----------------------------------------------------------------------
      1744         62        272          0        100       2056   Library Totals
        14          0          0          0          4          0   (incl. Padding)

    ----------------------------------------------------------------------

      Code (inc. data)   RO Data    RW Data    ZI Data      Debug   Library Name

      1720         62        272          0         96       1940   c_w.l
        10          0          0          0          0        116   fz_wm.l

    ----------------------------------------------------------------------
      1744         62        272          0        100       2056   Library Totals

    ----------------------------------------------------------------------

==============================================================================


      Code (inc. data)   RO Data    RW Data    ZI Data      Debug   

     24752       2614       3800        292      20428    1080743   Grand Totals
     24752       2614       3800        292      20428    1080743   ELF Image Totals
     24752       2614       3800        292          0          0   ROM Totals

==============================================================================

    Total RO  Size (Code + RO Data)                28552 (  27.88kB)
    Total RW  Size (RW Data + ZI Data)             20720 (  20.23kB)
    Total ROM Size (Code + RO Data + RW Data)      28844 (  28.17kB)

==============================================================================

