<html>
<body>
<pre>
<h1>µVision Build Log</h1>
<h2>Tool Versions:</h2>
IDE-Version: ¦ÌVision V5.24.2.0
Copyright (C) 2017 ARM Ltd and ARM Germany GmbH. All rights reserved.
License Information: ddd 14422, dd, LIC=14HV2-9CBSS-2ZBW4-FL6M3-QT65R-6Q3XE
 
Tool Versions:
Toolchain:       MDK-ARM Plus  Version: 5.24.1
Toolchain Path:  C:\Keil_v5\ARM\ARMCC\Bin
C Compiler:      Armcc.exe V5.06 update 5 (build 528)
Assembler:       Armasm.exe V5.06 update 5 (build 528)
Linker/Locator:  ArmLink.exe V5.06 update 5 (build 528)
Library Manager: ArmAr.exe V5.06 update 5 (build 528)
Hex Converter:   FromElf.exe V5.06 update 5 (build 528)
CPU DLL:         
Dialog DLL:      
Target DLL:      Segger\JL2CM3.dll V2.99.26.0
Dialog DLL:      TCM.DLL V1.32.0.0
 
<h2>Project:</h2>
C:\Users\14422\Desktop\Project\2026Êî¼Ù\²ÐÖ«¸¨Öú\²ÐÖ«¸¨ÖúÊäÈëÉè±¸\µ¥Æ¬»úÉÕÂ¼´úÂë - ¸±±¾ (2)\max&lis\examples\ble_center\ble_app_uart_c\pca10040\s132\arm5_no_packs\ble_app_uart_c_pca10040_s132.uvprojx
Project File Date:  05/14/2026

<h2>Output:</h2>
*** Using Compiler 'V5.06 update 5 (build 528)', folder: 'C:\Keil_v5\ARM\ARMCC\Bin'
Rebuild target 'nrf52832_xxaa'
compiling utf.c...
compiling mpu6050.c...
compiling ble_srv_common.c...
compiling twi_hw_master.c...
..\..\..\..\..\..\components\drivers_nrf\twi_master\deprecated\twi_hw_master.c(89): warning:  #223-D: function "twi_hw_master_init" declared implicitly
  					 (void)twi_hw_master_init();
..\..\..\..\..\..\components\drivers_nrf\twi_master\deprecated\twi_hw_master.c(163): warning:  #223-D: function "twi_hw_master_init" declared implicitly
  				(void)twi_hw_master_init();
..\..\..\..\..\..\components\drivers_nrf\twi_master\deprecated\twi_hw_master.c(281): warning:  #177-D: function "twi_master_init"  was declared but never referenced
  		static bool twi_master_init(void)
..\..\..\..\..\..\components\drivers_nrf\twi_master\deprecated\twi_hw_master.c(317): warning:  #177-D: function "twi_master_transfer"  was declared but never referenced
  static bool twi_master_transfer(uint8_t   address,
..\..\..\..\..\..\components\drivers_nrf\twi_master\deprecated\twi_hw_master.c: 4 warnings, 0 errors
compiling boards.c...
compiling twi_sw_master.c...
compiling ble_advdata.c...
compiling bsp_btn_ble.c...
compiling nrf_ble_gatt.c...
compiling nrf_ble_gq.c...
compiling bsp.c...
compiling ble_db_discovery.c...
compiling main.c...
compiling nrf_ble_scan.c...
compiling nrfx_atomic.c...
compiling app_error.c...
compiling nrf_drv_uart.c...
compiling nrfx_prs.c...
compiling nrf_drv_clock.c...
compiling nrfx_clock.c...
compiling ble_nus_c.c...
compiling nrfx_uarte.c...
compiling nrfx_uart.c...
compiling app_button.c...
compiling nrfx_gpiote.c...
compiling nrf_assert.c...
compiling app_util_platform.c...
compiling hardfault_implementation.c...
compiling app_error_handler_keil.c...
compiling app_fifo.c...
compiling app_scheduler.c...
compiling app_error_weak.c...
compiling nrf_atfifo.c...
compiling app_uart_fifo.c...
compiling drv_rtc.c...
compiling app_timer2.c...
compiling nrf_atomic.c...
compiling nrf_fprintf.c...
compiling nrf_fprintf_format.c...
compiling nrf_ringbuf.c...
compiling nrf_memobj.c...
compiling nrf_balloc.c...
compiling nrf_queue.c...
compiling nrf_section_iter.c...
compiling nrf_strerror.c...
compiling nrf_sortlist.c...
compiling nrf_pwr_mgmt.c...
compiling SEGGER_RTT_Syscalls_KEIL.c...
compiling retarget.c...
assembling arm_startup_nrf52.s...
compiling SEGGER_RTT.c...
compiling nrf_sdh.c...
compiling nrf_log_default_backends.c...
compiling nrf_sdh_soc.c...
compiling SEGGER_RTT_printf.c...
compiling nrf_log_backend_serial.c...
compiling nrf_log_frontend.c...
compiling nrf_log_str_formatter.c...
compiling nrf_log_backend_rtt.c...
compiling nrf_sdh_ble.c...
compiling system_nrf52.c...
linking...
Program Size: Code=29008 RO-data=4240 RW-data=1828 ZI-data=12108  
FromELF: creating hex file...
".\_build\nrf52832_xxaa.axf" - 0 Error(s), 4 Warning(s).

<h2>Software Packages used:</h2>

Package Vendor: ARM
                http://www.keil.com/pack/ARM.CMSIS.4.5.0.pack
                ARM.CMSIS.4.5.0
                CMSIS (Cortex Microcontroller Software Interface Standard)
   * Component: CORE Version: 4.3.0

Package Vendor: NordicSemiconductor
                http://developer.nordicsemi.com/nRF5_SDK/pieces/nRF_DeviceFamilyPack/NordicSemiconductor.nRF_DeviceFamilyPack.8.9.0.pack
                NordicSemiconductor.nRF_DeviceFamilyPack.8.9.0
                Nordic Semiconductor nRF ARM devices Device Family Pack.

Package Vendor: NordicSemiconductor
                http://developer.nordicsemi.com/nRF5_SDK/pieces/nRF_DeviceFamilyPack/NordicSemiconductor.nRF_DeviceFamilyPack_NordicLicense.8.27.1.pack
                NordicSemiconductor.nRF_DeviceFamilyPack_NordicLicense.8.27.1
                Nordic Semiconductor nRF ARM devices Device Family Pack with Nordic license.
   * Component: StartupConfig Version: 8.27.1
   * Component: Startup Version: 8.27.1

<h2>Collection of Component include folders:</h2>
  .\RTE\Device\nRF52832_xxAA
  .\RTE\_nrf52832_xxaa
  C:\Keil_v5\ARM\PACK\ARM\CMSIS\4.5.0\CMSIS\Include
  C:\Keil_v5\ARM\PACK\NordicSemiconductor\nRF_DeviceFamilyPack\8.9.0\Device\Include
  C:\Keil_v5\ARM\PACK\NordicSemiconductor\nRF_DeviceFamilyPack_NordicLicense\8.27.1\Device\Include

<h2>Collection of Component Files used:</h2>

   * Component: NordicSemiconductor::Device:StartupConfig:8.27.1
      Include file:  Device\Source\startup_config.h

   * Component: NordicSemiconductor::Device:Startup:8.27.1
      Include file:  Device\Include\system_nrf52.h
      Source file:   Device\Source\system_nrf52.c
      Source file:   Device\Source\arm\arm_startup_nrf52.s
      Include file:  Device\Include\system_nrf.h

   * Component: ARM::CMSIS:CORE:4.3.0
Build Time Elapsed:  00:00:11
</pre>
</body>
</html>
