Component: ARM Compiler 5.06 update 5 (build 528) Tool: armlink [4d35e2]

==============================================================================

Section Cross References

    main.o(i.assert_nrf_callback) refers to app_error_handler_keil.o(.emb_text) for app_error_handler
    main.o(i.ble_evt_handler) refers to nrf_log_frontend.o(i.nrf_log_frontend_std_0) for nrf_log_frontend_std_0
    main.o(i.ble_evt_handler) refers to ble_nus_c.o(i.ble_nus_c_handles_assign) for ble_nus_c_handles_assign
    main.o(i.ble_evt_handler) refers to app_error.o(i.app_error_handler_bare) for app_error_handler_bare
    main.o(i.ble_evt_handler) refers to bsp.o(i.bsp_indication_set) for bsp_indication_set
    main.o(i.ble_evt_handler) refers to ble_db_discovery.o(i.ble_db_discovery_start) for ble_db_discovery_start
    main.o(i.ble_evt_handler) refers to nrf_log_frontend.o(i.nrf_log_frontend_std_2) for nrf_log_frontend_std_2
    main.o(i.ble_evt_handler) refers to nrf_log_frontend.o(log_const_data) for m_nrf_log_app_logs_data_const
    main.o(i.ble_evt_handler) refers to main.o(.bss) for .bss
    main.o(i.ble_evt_handler) refers to main.o(.data) for .data
    main.o(i.ble_nus_c_evt_handler) refers to nrf_log_frontend.o(i.nrf_log_frontend_std_0) for nrf_log_frontend_std_0
    main.o(i.ble_nus_c_evt_handler) refers to main.o(i.scan_start) for scan_start
    main.o(i.ble_nus_c_evt_handler) refers to ble_nus_c.o(i.ble_nus_c_handles_assign) for ble_nus_c_handles_assign
    main.o(i.ble_nus_c_evt_handler) refers to app_error.o(i.app_error_handler_bare) for app_error_handler_bare
    main.o(i.ble_nus_c_evt_handler) refers to ble_nus_c.o(i.ble_nus_c_tx_notif_enable) for ble_nus_c_tx_notif_enable
    main.o(i.ble_nus_c_evt_handler) refers to main.o(i.ble_nus_chars_received_uart_print) for ble_nus_chars_received_uart_print
    main.o(i.ble_nus_c_evt_handler) refers to nrf_log_frontend.o(log_const_data) for m_nrf_log_app_logs_data_const
    main.o(i.ble_nus_chars_received_uart_print) refers to app_uart_fifo.o(i.app_uart_put) for app_uart_put
    main.o(i.ble_nus_chars_received_uart_print) refers to nrf_log_frontend.o(i.nrf_log_frontend_std_1) for nrf_log_frontend_std_1
    main.o(i.ble_nus_chars_received_uart_print) refers to app_error.o(i.app_error_handler_bare) for app_error_handler_bare
    main.o(i.ble_nus_chars_received_uart_print) refers to ble_nus_c.o(i.ble_nus_c_string_send) for ble_nus_c_string_send
    main.o(i.ble_nus_chars_received_uart_print) refers to nrf_log_frontend.o(log_const_data) for m_nrf_log_app_logs_data_const
    main.o(i.ble_nus_chars_received_uart_print) refers to main.o(.bss) for .bss
    main.o(i.bsp_event_handler) refers to nrf_pwr_mgmt.o(i.nrf_pwr_mgmt_shutdown) for nrf_pwr_mgmt_shutdown
    main.o(i.bsp_event_handler) refers to app_error.o(i.app_error_handler_bare) for app_error_handler_bare
    main.o(i.bsp_event_handler) refers to main.o(.bss) for .bss
    main.o(i.db_disc_handler) refers to ble_nus_c.o(i.ble_nus_c_on_db_disc_evt) for ble_nus_c_on_db_disc_evt
    main.o(i.db_disc_handler) refers to main.o(.bss) for .bss
    main.o(i.gatt_evt_handler) refers to nrf_log_frontend.o(i.nrf_log_frontend_std_0) for nrf_log_frontend_std_0
    main.o(i.gatt_evt_handler) refers to nrf_log_frontend.o(i.nrf_log_frontend_std_2) for nrf_log_frontend_std_2
    main.o(i.gatt_evt_handler) refers to nrf_log_frontend.o(log_const_data) for m_nrf_log_app_logs_data_const
    main.o(i.gatt_evt_handler) refers to main.o(.data) for .data
    main.o(i.gatt_init) refers to nrf_ble_gatt.o(i.nrf_ble_gatt_init) for nrf_ble_gatt_init
    main.o(i.gatt_init) refers to app_error.o(i.app_error_handler_bare) for app_error_handler_bare
    main.o(i.gatt_init) refers to nrf_ble_gatt.o(i.nrf_ble_gatt_att_mtu_central_set) for nrf_ble_gatt_att_mtu_central_set
    main.o(i.gatt_init) refers to main.o(i.gatt_evt_handler) for gatt_evt_handler
    main.o(i.gatt_init) refers to main.o(.bss) for .bss
    main.o(i.gpio_level_pullup) refers to main.o(i.nrfx_coredep_delay_us) for nrfx_coredep_delay_us
    main.o(i.main) refers to nrf_log_frontend.o(i.nrf_log_init) for nrf_log_init
    main.o(i.main) refers to app_error.o(i.app_error_handler_bare) for app_error_handler_bare
    main.o(i.main) refers to nrf_log_default_backends.o(i.nrf_log_default_backends_init) for nrf_log_default_backends_init
    main.o(i.main) refers to app_timer2.o(i.app_timer_init) for app_timer_init
    main.o(i.main) refers to memcpya.o(.text) for __aeabi_memcpy4
    main.o(i.main) refers to app_uart_fifo.o(i.app_uart_init) for app_uart_init
    main.o(i.main) refers to bsp.o(i.bsp_init) for bsp_init
    main.o(i.main) refers to bsp_btn_ble.o(i.bsp_btn_ble_init) for bsp_btn_ble_init
    main.o(i.main) refers to ble_db_discovery.o(i.ble_db_discovery_init) for ble_db_discovery_init
    main.o(i.main) refers to nrf_pwr_mgmt.o(i.nrf_pwr_mgmt_init) for nrf_pwr_mgmt_init
    main.o(i.main) refers to nrf_sdh.o(i.nrf_sdh_enable_request) for nrf_sdh_enable_request
[...]
    __aeabi_llsl                             0x00026447   Thumb Code    30  llshl.o(.text)
    _ll_shift_l                              0x00026447   Thumb Code     0  llshl.o(.text)
    __rt_ctype_table                         0x00026465   Thumb Code     4  ctype_o.o(.text)
    __aeabi_memcpy                           0x0002646d   Thumb Code    36  memcpya.o(.text)
    __aeabi_memcpy4                          0x0002646d   Thumb Code     0  memcpya.o(.text)
    __aeabi_memcpy8                          0x0002646d   Thumb Code     0  memcpya.o(.text)
    __aeabi_memset                           0x00026491   Thumb Code    14  memseta.o(.text)
    __aeabi_memset4                          0x00026491   Thumb Code     0  memseta.o(.text)
    __aeabi_memset8                          0x00026491   Thumb Code     0  memseta.o(.text)
    __aeabi_memclr                           0x0002649f   Thumb Code     4  memseta.o(.text)
    __aeabi_memclr4                          0x0002649f   Thumb Code     0  memseta.o(.text)
    __aeabi_memclr8                          0x0002649f   Thumb Code     0  memseta.o(.text)
    _memset$wrapper                          0x000264a3   Thumb Code    18  memseta.o(.text)
    strlen                                   0x000264b5   Thumb Code    14  strlen.o(.text)
    memcmp                                   0x000264c3   Thumb Code    26  memcmp.o(.text)
    strcpy                                   0x000264dd   Thumb Code    18  strcpy.o(.text)
    __aeabi_llsr                             0x000264ef   Thumb Code    32  llushr.o(.text)
    _ll_ushift_r                             0x000264ef   Thumb Code     0  llushr.o(.text)
    __scatterload                            0x00026511   Thumb Code    28  init.o(.text)
    __scatterload_rt2                        0x00026511   Thumb Code     0  init.o(.text)
    __decompress                             0x00026535   Thumb Code     0  __dczerorl2.o(.text)
    __decompress1                            0x00026535   Thumb Code    86  __dczerorl2.o(.text)
    GPIOTE_IRQHandler                        0x0002658d   Thumb Code   346  nrfx_gpiote.o(i.GPIOTE_IRQHandler)
    POWER_CLOCK_IRQHandler                   0x000266f1   Thumb Code    82  nrfx_clock.o(i.POWER_CLOCK_IRQHandler)
    RTC1_IRQHandler                          0x00026749   Thumb Code    12  drv_rtc.o(i.RTC1_IRQHandler)
    SEGGER_RTT_Init                          0x00026759   Thumb Code     4  segger_rtt.o(i.SEGGER_RTT_Init)
    SEGGER_RTT_WriteNoLock                   0x0002675d   Thumb Code    86  segger_rtt.o(i.SEGGER_RTT_WriteNoLock)
    SWI2_EGU2_IRQHandler                     0x000267b9   Thumb Code     4  nrf_sdh.o(i.SWI2_EGU2_IRQHandler)
    SystemInit                               0x000267bd   Thumb Code   726  system_nrf52.o(i.SystemInit)
    UARTE0_UART0_IRQHandler                  0x00026ad9   Thumb Code     6  nrfx_prs.o(i.UARTE0_UART0_IRQHandler)
    __0printf$8                              0x00026c01   Thumb Code    22  printf8.o(i.__0printf$8)
    __1printf$8                              0x00026c01   Thumb Code     0  printf8.o(i.__0printf$8)
    __2printf                                0x00026c01   Thumb Code     0  printf8.o(i.__0printf$8)
    __0snprintf$8                            0x00026c21   Thumb Code    44  printf8.o(i.__0snprintf$8)
    __1snprintf$8                            0x00026c21   Thumb Code     0  printf8.o(i.__0snprintf$8)
    __2snprintf                              0x00026c21   Thumb Code     0  printf8.o(i.__0snprintf$8)
    __scatterload_copy                       0x00026c51   Thumb Code    14  handlers.o(i.__scatterload_copy)
    __scatterload_null                       0x00026c5f   Thumb Code     2  handlers.o(i.__scatterload_null)
    __scatterload_zeroinit                   0x00026c61   Thumb Code    14  handlers.o(i.__scatterload_zeroinit)
    app_button_enable                        0x00027149   Thumb Code    32  app_button.o(i.app_button_enable)
    app_button_init                          0x0002716d   Thumb Code   106  app_button.o(i.app_button_init)
    app_error_fault_handler                  0x000271ed   Thumb Code    86  app_error_weak.o(i.app_error_fault_handler)
    app_error_handler_bare                   0x00027271   Thumb Code    22  app_error.o(i.app_error_handler_bare)
    app_fifo_get                             0x00027287   Thumb Code    22  app_fifo.o(i.app_fifo_get)
    app_fifo_init                            0x0002729d   Thumb Code    32  app_fifo.o(i.app_fifo_init)
    app_fifo_put                             0x000272bd   Thumb Code    26  app_fifo.o(i.app_fifo_put)
    app_timer_cnt_get                        0x000272d9   Thumb Code     6  app_timer2.o(i.app_timer_cnt_get)
    app_timer_create                         0x000272e5   Thumb Code    22  app_timer2.o(i.app_timer_create)
    app_timer_init                           0x000272fd   Thumb Code    70  app_timer2.o(i.app_timer_init)
    app_timer_start                          0x00027359   Thumb Code    48  app_timer2.o(i.app_timer_start)
    app_timer_stop                           0x00027389   Thumb Code    12  app_timer2.o(i.app_timer_stop)
    app_uart_get                             0x00027395   Thumb Code    42  app_uart_fifo.o(i.app_uart_get)
    app_uart_init                            0x000273c9   Thumb Code   148  app_uart_fifo.o(i.app_uart_init)
    app_uart_put                             0x0002746d   Thumb Code    70  app_uart_fifo.o(i.app_uart_put)
    app_util_critical_region_enter           0x000274c1   Thumb Code    64  app_util_platform.o(i.app_util_critical_region_enter)
    app_util_critical_region_exit            0x00027509   Thumb Code    46  app_util_platform.o(i.app_util_critical_region_exit)
    ble_advdata_search                       0x0002764d   Thumb Code    64  ble_advdata.o(i.ble_advdata_search)
    ble_advdata_uuid_find                    0x0002768d   Thumb Code   182  ble_advdata.o(i.ble_advdata_uuid_find)
    ble_db_discovery_evt_register            0x00027745   Thumb Code    56  ble_db_discovery.o(i.ble_db_discovery_evt_register)
    ble_db_discovery_init                    0x00027785   Thumb Code    32  ble_db_discovery.o(i.ble_db_discovery_init)
    ble_db_discovery_on_ble_evt              0x000277a9   Thumb Code    86  ble_db_discovery.o(i.ble_db_discovery_on_ble_evt)
    ble_db_discovery_start                   0x00027805   Thumb Code    34  ble_db_discovery.o(i.ble_db_discovery_start)
    ble_nus_c_handles_assign                 0x00027a89   Thumb Code    28  ble_nus_c.o(i.ble_nus_c_handles_assign)
    ble_nus_c_init                           0x00027aa5   Thumb Code    84  ble_nus_c.o(i.ble_nus_c_init)
    ble_nus_c_on_ble_evt                     0x00027afd   Thumb Code   106  ble_nus_c.o(i.ble_nus_c_on_ble_evt)
    ble_nus_c_on_db_disc_evt                 0x00027b67   Thumb Code   128  ble_nus_c.o(i.ble_nus_c_on_db_disc_evt)
    ble_nus_c_string_send                    0x00027be9   Thumb Code   124  ble_nus_c.o(i.ble_nus_c_string_send)
    ble_nus_c_tx_notif_enable                0x00027ca1   Thumb Code   102  ble_nus_c.o(i.ble_nus_c_tx_notif_enable)
    bsp_board_button_idx_to_pin              0x00027de9   Thumb Code     6  boards.o(i.bsp_board_button_idx_to_pin)
    bsp_board_button_state_get               0x00027df5   Thumb Code    28  boards.o(i.bsp_board_button_state_get)
    bsp_board_init                           0x00027e15   Thumb Code    80  boards.o(i.bsp_board_init)
    bsp_board_led_invert                     0x00027e69   Thumb Code    32  boards.o(i.bsp_board_led_invert)
    bsp_board_led_off                        0x00027e8d   Thumb Code    10  boards.o(i.bsp_board_led_off)
    bsp_board_led_on                         0x00027e9d   Thumb Code    10  boards.o(i.bsp_board_led_on)
    bsp_board_led_state_get                  0x00027ead   Thumb Code    28  boards.o(i.bsp_board_led_state_get)
    bsp_board_leds_off                       0x00027ecd   Thumb Code    18  boards.o(i.bsp_board_leds_off)
    bsp_board_leds_on                        0x00027edf   Thumb Code    18  boards.o(i.bsp_board_leds_on)
    bsp_board_pin_to_button_idx              0x00027ef1   Thumb Code    30  boards.o(i.bsp_board_pin_to_button_idx)
    bsp_btn_ble_init                         0x00027f15   Thumb Code    52  bsp_btn_ble.o(i.bsp_btn_ble_init)
    bsp_btn_ble_sleep_mode_prepare           0x00027f4d   Thumb Code    30  bsp_btn_ble.o(i.bsp_btn_ble_sleep_mode_prepare)
    bsp_button_is_pressed                    0x00027ffd   Thumb Code    12  bsp.o(i.bsp_button_is_pressed)
    bsp_event_handler                        0x00028009   Thumb Code    36  main.o(i.bsp_event_handler)
    bsp_event_to_button_action_assign        0x00028031   Thumb Code    64  bsp.o(i.bsp_event_to_button_action_assign)
    bsp_indication_set                       0x00028075   Thumb Code    20  bsp.o(i.bsp_indication_set)
    bsp_init                                 0x0002808d   Thumb Code   128  bsp.o(i.bsp_init)
    bsp_wakeup_button_enable                 0x000282e9   Thumb Code     6  bsp.o(i.bsp_wakeup_button_enable)
    buffer_is_empty                          0x000283b1   Thumb Code    16  nrf_log_frontend.o(i.buffer_is_empty)
    drv_rtc_compare_disable                  0x000288e1   Thumb Code    20  drv_rtc.o(i.drv_rtc_compare_disable)
    drv_rtc_compare_pending                  0x000288f5   Thumb Code    14  drv_rtc.o(i.drv_rtc_compare_pending)
    drv_rtc_compare_set                      0x00028903   Thumb Code    80  drv_rtc.o(i.drv_rtc_compare_set)
    drv_rtc_counter_get                      0x00028953   Thumb Code     8  drv_rtc.o(i.drv_rtc_counter_get)
    drv_rtc_init                             0x0002895d   Thumb Code   144  drv_rtc.o(i.drv_rtc_init)
    drv_rtc_irq_trigger                      0x00028a31   Thumb Code    26  drv_rtc.o(i.drv_rtc_irq_trigger)
    drv_rtc_overflow_enable                  0x00028a4b   Thumb Code     8  drv_rtc.o(i.drv_rtc_overflow_enable)
    drv_rtc_overflow_pending                 0x00028a53   Thumb Code     8  drv_rtc.o(i.drv_rtc_overflow_pending)
    drv_rtc_start                            0x00028a5b   Thumb Code     8  drv_rtc.o(i.drv_rtc_start)
    drv_rtc_stop                             0x00028a63   Thumb Code     8  drv_rtc.o(i.drv_rtc_stop)
    drv_rtc_windowed_compare_set             0x00028a6b   Thumb Code   222  drv_rtc.o(i.drv_rtc_windowed_compare_set)
    evt_handle                               0x00028b5d   Thumb Code   216  app_button.o(i.evt_handle)
    fputc                                    0x00028c77   Thumb Code    14  retarget.o(i.fputc)
    gatt_evt_handler                         0x00028c91   Thumb Code    62  main.o(i.gatt_evt_handler)
    gatt_init                                0x00028d21   Thumb Code    38  main.o(i.gatt_init)
    is_whitelist_used                        0x00028ffd   Thumb Code    22  nrf_ble_scan.o(i.is_whitelist_used)
    main                                     0x0002910d   Thumb Code   286  main.o(i.main)
    mpu6050_init                             0x00029359   Thumb Code    26  mpu6050.o(i.mpu6050_init)
    mpu6050_register_read                    0x00029379   Thumb Code    42  mpu6050.o(i.mpu6050_register_read)
    mpu6050_register_write                   0x000293a9   Thumb Code    26  mpu6050.o(i.mpu6050_register_write)
    mpu6050_verify_product_id                0x000297c9   Thumb Code    36  mpu6050.o(i.mpu6050_verify_product_id)
    nrf_atfifo_init                          0x000297ed   Thumb Code    38  nrf_atfifo.o(i.nrf_atfifo_init)
    nrf_atfifo_item_alloc                    0x00029813   Thumb Code    22  nrf_atfifo.o(i.nrf_atfifo_item_alloc)
    nrf_atfifo_item_free                     0x00029829   Thumb Code    22  nrf_atfifo.o(i.nrf_atfifo_item_free)
    nrf_atfifo_item_get                      0x0002983f   Thumb Code    22  nrf_atfifo.o(i.nrf_atfifo_item_get)
    nrf_atfifo_item_put                      0x00029855   Thumb Code    22  nrf_atfifo.o(i.nrf_atfifo_item_put)
    nrf_atomic_flag_clear_fetch              0x0002986b   Thumb Code     6  nrf_atomic.o(i.nrf_atomic_flag_clear_fetch)
    nrf_atomic_flag_set                      0x00029871   Thumb Code     6  nrf_atomic.o(i.nrf_atomic_flag_set)
    nrf_atomic_u32_add                       0x00029877   Thumb Code    12  nrf_atomic.o(i.nrf_atomic_u32_add)
    nrf_atomic_u32_fetch_and                 0x00029883   Thumb Code    10  nrf_atomic.o(i.nrf_atomic_u32_fetch_and)
    nrf_atomic_u32_fetch_store               0x0002988d   Thumb Code    10  nrf_atomic.o(i.nrf_atomic_u32_fetch_store)
    nrf_atomic_u32_or                        0x00029897   Thumb Code    12  nrf_atomic.o(i.nrf_atomic_u32_or)
    nrf_atomic_u32_sub                       0x000298a3   Thumb Code    12  nrf_atomic.o(i.nrf_atomic_u32_sub)
    nrf_balloc_alloc                         0x000298af   Thumb Code    68  nrf_balloc.o(i.nrf_balloc_alloc)
    nrf_balloc_free                          0x000298f3   Thumb Code    48  nrf_balloc.o(i.nrf_balloc_free)
    nrf_balloc_init                          0x00029923   Thumb Code    48  nrf_balloc.o(i.nrf_balloc_init)
    nrf_ble_gatt_att_mtu_central_set         0x00029977   Thumb Code    24  nrf_ble_gatt.o(i.nrf_ble_gatt_att_mtu_central_set)
    nrf_ble_gatt_init                        0x0002998f   Thumb Code    34  nrf_ble_gatt.o(i.nrf_ble_gatt_init)
    nrf_ble_gatt_on_ble_evt                  0x000299b1   Thumb Code   270  nrf_ble_gatt.o(i.nrf_ble_gatt_on_ble_evt)
    nrf_ble_gq_conn_handle_register          0x00029b01   Thumb Code   110  nrf_ble_gq.o(i.nrf_ble_gq_conn_handle_register)
    nrf_ble_gq_item_add                      0x00029b71   Thumb Code   154  nrf_ble_gq.o(i.nrf_ble_gq_item_add)
    nrf_ble_gq_on_ble_evt                    0x00029c11   Thumb Code    96  nrf_ble_gq.o(i.nrf_ble_gq_on_ble_evt)
    nrf_ble_scan_filter_set                  0x00029cef   Thumb Code    66  nrf_ble_scan.o(i.nrf_ble_scan_filter_set)
    nrf_ble_scan_filters_disable             0x00029d31   Thumb Code    14  nrf_ble_scan.o(i.nrf_ble_scan_filters_disable)
    nrf_ble_scan_filters_enable              0x00029d3f   Thumb Code    54  nrf_ble_scan.o(i.nrf_ble_scan_filters_enable)
    nrf_ble_scan_init                        0x00029d75   Thumb Code   106  nrf_ble_scan.o(i.nrf_ble_scan_init)
    nrf_ble_scan_on_ble_evt                  0x00029edb   Thumb Code   174  nrf_ble_scan.o(i.nrf_ble_scan_on_ble_evt)
    nrf_ble_scan_start                       0x00029f89   Thumb Code    92  nrf_ble_scan.o(i.nrf_ble_scan_start)
    nrf_drv_clock_init                       0x0002a031   Thumb Code    48  nrf_drv_clock.o(i.nrf_drv_clock_init)
    nrf_drv_clock_lfclk_release              0x0002a069   Thumb Code    42  nrf_drv_clock.o(i.nrf_drv_clock_lfclk_release)
    nrf_drv_uart_init                        0x0002a099   Thumb Code    90  nrf_drv_uart.o(i.nrf_drv_uart_init)
    nrf_fprintf                              0x0002a141   Thumb Code    26  nrf_fprintf.o(i.nrf_fprintf)
    nrf_fprintf_buffer_flush                 0x0002a15b   Thumb Code    24  nrf_fprintf.o(i.nrf_fprintf_buffer_flush)
    nrf_fprintf_fmt                          0x0002a173   Thumb Code   474  nrf_fprintf_format.o(i.nrf_fprintf_fmt)
    nrf_log_backend_add                      0x0002a4ad   Thumb Code    86  nrf_log_frontend.o(i.nrf_log_backend_add)
    nrf_log_backend_rtt_init                 0x0002a50b   Thumb Code     4  nrf_log_backend_rtt.o(i.nrf_log_backend_rtt_init)
    nrf_log_backend_serial_put               0x0002a529   Thumb Code   200  nrf_log_backend_serial.o(i.nrf_log_backend_serial_put)
    nrf_log_color_id_get                     0x0002a5f1   Thumb Code    42  nrf_log_frontend.o(i.nrf_log_color_id_get)
    nrf_log_default_backends_init            0x0002a621   Thumb Code    24  nrf_log_default_backends.o(i.nrf_log_default_backends_init)
    nrf_log_frontend_dequeue                 0x0002a63d   Thumb Code   528  nrf_log_frontend.o(i.nrf_log_frontend_dequeue)
    nrf_log_frontend_std_0                   0x0002a871   Thumb Code     8  nrf_log_frontend.o(i.nrf_log_frontend_std_0)
    nrf_log_frontend_std_1                   0x0002a879   Thumb Code    14  nrf_log_frontend.o(i.nrf_log_frontend_std_1)
    nrf_log_frontend_std_2                   0x0002a887   Thumb Code    16  nrf_log_frontend.o(i.nrf_log_frontend_std_2)
    nrf_log_frontend_std_3                   0x0002a897   Thumb Code    18  nrf_log_frontend.o(i.nrf_log_frontend_std_3)
    nrf_log_frontend_std_4                   0x0002a8a9   Thumb Code    20  nrf_log_frontend.o(i.nrf_log_frontend_std_4)
    nrf_log_frontend_std_5                   0x0002a8bd   Thumb Code    28  nrf_log_frontend.o(i.nrf_log_frontend_std_5)
    nrf_log_frontend_std_6                   0x0002a8d9   Thumb Code    28  nrf_log_frontend.o(i.nrf_log_frontend_std_6)
    nrf_log_hexdump_entry_process            0x0002a8f5   Thumb Code   150  nrf_log_str_formatter.o(i.nrf_log_hexdump_entry_process)
    nrf_log_init                             0x0002a9a5   Thumb Code    46  nrf_log_frontend.o(i.nrf_log_init)
    nrf_log_module_cnt_get                   0x0002a9e1   Thumb Code    10  nrf_log_frontend.o(i.nrf_log_module_cnt_get)
    nrf_log_module_name_get                  0x0002a9f5   Thumb Code    24  nrf_log_frontend.o(i.nrf_log_module_name_get)
    nrf_log_panic                            0x0002aa11   Thumb Code    38  nrf_log_frontend.o(i.nrf_log_panic)
    nrf_log_std_entry_process                0x0002aa3d   Thumb Code   182  nrf_log_str_formatter.o(i.nrf_log_std_entry_process)
    nrf_memobj_alloc                         0x0002aaf3   Thumb Code    96  nrf_memobj.o(i.nrf_memobj_alloc)
    nrf_memobj_free                          0x0002ab53   Thumb Code    50  nrf_memobj.o(i.nrf_memobj_free)
    nrf_memobj_get                           0x0002ab85   Thumb Code     8  nrf_memobj.o(i.nrf_memobj_get)
    nrf_memobj_pool_init                     0x0002ab8d   Thumb Code     4  nrf_memobj.o(i.nrf_memobj_pool_init)
    nrf_memobj_put                           0x0002ab91   Thumb Code    30  nrf_memobj.o(i.nrf_memobj_put)
    nrf_memobj_read                          0x0002abaf   Thumb Code    16  nrf_memobj.o(i.nrf_memobj_read)
    nrf_memobj_write                         0x0002abbf   Thumb Code    16  nrf_memobj.o(i.nrf_memobj_write)
    nrf_pwr_mgmt_init                        0x0002abd1   Thumb Code    28  nrf_pwr_mgmt.o(i.nrf_pwr_mgmt_init)
    nrf_pwr_mgmt_run                         0x0002abf9   Thumb Code    64  nrf_pwr_mgmt.o(i.nrf_pwr_mgmt_run)
    nrf_pwr_mgmt_shutdown                    0x0002ac3d   Thumb Code    54  nrf_pwr_mgmt.o(i.nrf_pwr_mgmt_shutdown)
    nrf_queue_generic_pop                    0x0002ac79   Thumb Code   142  nrf_queue.o(i.nrf_queue_generic_pop)
    nrf_queue_is_empty                       0x0002ad07   Thumb Code    18  nrf_queue.o(i.nrf_queue_is_empty)
    nrf_queue_is_full                        0x0002ad19   Thumb Code    30  nrf_queue.o(i.nrf_queue_is_full)
    nrf_queue_push                           0x0002ad45   Thumb Code   178  nrf_queue.o(i.nrf_queue_push)
    nrf_ringbuf_init                         0x0002adf7   Thumb Code    28  nrf_ringbuf.o(i.nrf_ringbuf_init)
    nrf_sdh_ble_app_ram_start_get            0x0002ae21   Thumb Code    16  nrf_sdh_ble.o(i.nrf_sdh_ble_app_ram_start_get)
    nrf_sdh_ble_default_cfg_set              0x0002ae35   Thumb Code   272  nrf_sdh_ble.o(i.nrf_sdh_ble_default_cfg_set)
    nrf_sdh_ble_enable                       0x0002af65   Thumb Code   116  nrf_sdh_ble.o(i.nrf_sdh_ble_enable)
    nrf_sdh_enable_request                   0x0002b0f5   Thumb Code   102  nrf_sdh.o(i.nrf_sdh_enable_request)
    nrf_sdh_evts_poll                        0x0002b169   Thumb Code    32  nrf_sdh.o(i.nrf_sdh_evts_poll)
    nrf_sdh_is_enabled                       0x0002b18d   Thumb Code     6  nrf_sdh.o(i.nrf_sdh_is_enabled)
    nrf_section_iter_init                    0x0002b1d5   Thumb Code    10  nrf_section_iter.o(i.nrf_section_iter_init)
    nrf_section_iter_next                    0x0002b203   Thumb Code    32  nrf_section_iter.o(i.nrf_section_iter_next)
    nrf_sortlist_add                         0x0002b223   Thumb Code    34  nrf_sortlist.o(i.nrf_sortlist_add)
    nrf_sortlist_peek                        0x0002b245   Thumb Code     6  nrf_sortlist.o(i.nrf_sortlist_peek)
    nrf_sortlist_pop                         0x0002b24b   Thumb Code    14  nrf_sortlist.o(i.nrf_sortlist_pop)
    nrf_sortlist_remove                      0x0002b259   Thumb Code    30  nrf_sortlist.o(i.nrf_sortlist_remove)
    nrf_strerror_find                        0x0002b279   Thumb Code    52  nrf_strerror.o(i.nrf_strerror_find)
    nrf_strerror_get                         0x0002b2b1   Thumb Code    14  nrf_strerror.o(i.nrf_strerror_get)
    nrfx_clock_enable                        0x0002b2fd   Thumb Code    34  nrfx_clock.o(i.nrfx_clock_enable)
    nrfx_clock_init                          0x0002b329   Thumb Code    26  nrfx_clock.o(i.nrfx_clock_init)
    nrfx_clock_lfclk_stop                    0x0002b349   Thumb Code    20  nrfx_clock.o(i.nrfx_clock_lfclk_stop)
    nrfx_gpiote_in_event_enable              0x0002b395   Thumb Code   156  nrfx_gpiote.o(i.nrfx_gpiote_in_event_enable)
    nrfx_gpiote_in_init                      0x0002b439   Thumb Code   194  nrfx_gpiote.o(i.nrfx_gpiote_in_init)
    nrfx_gpiote_in_is_set                    0x0002b509   Thumb Code    20  nrfx_gpiote.o(i.nrfx_gpiote_in_is_set)
    nrfx_gpiote_init                         0x0002b51d   Thumb Code    94  nrfx_gpiote.o(i.nrfx_gpiote_init)
    nrfx_gpiote_is_init                      0x0002b589   Thumb Code    14  nrfx_gpiote.o(i.nrfx_gpiote_is_init)
    nrfx_prs_acquire                         0x0002b5ad   Thumb Code    58  nrfx_prs.o(i.nrfx_prs_acquire)
    nrfx_uart_0_irq_handler                  0x0002b5e9   Thumb Code     8  nrfx_uart.o(i.nrfx_uart_0_irq_handler)
    nrfx_uart_init                           0x0002b5f9   Thumb Code   196  nrfx_uart.o(i.nrfx_uart_init)
    nrfx_uart_rx                             0x0002b6c9   Thumb Code   230  nrfx_uart.o(i.nrfx_uart_rx)
    nrfx_uart_tx                             0x0002b7b5   Thumb Code   162  nrfx_uart.o(i.nrfx_uart_tx)
    nrfx_uart_tx_in_progress                 0x0002b85d   Thumb Code    26  nrfx_uart.o(i.nrfx_uart_tx_in_progress)
    nrfx_uarte_0_irq_handler                 0x0002b87d   Thumb Code     8  nrfx_uarte.o(i.nrfx_uarte_0_irq_handler)
    nrfx_uarte_init                          0x0002b88d   Thumb Code   100  nrfx_uarte.o(i.nrfx_uarte_init)
    nrfx_uarte_rx                            0x0002b8f9   Thumb Code   256  nrfx_uarte.o(i.nrfx_uarte_rx)
    nrfx_uarte_tx                            0x0002b9fd   Thumb Code   166  nrfx_uarte.o(i.nrfx_uarte_tx)
    nrfx_uarte_tx_in_progress                0x0002baa9   Thumb Code    22  nrfx_uarte.o(i.nrfx_uarte_tx_in_progress)
    twi_master_init                          0x0002cc99   Thumb Code    36  twi_sw_master.o(i.twi_master_init)
    twi_master_transfer                      0x0002ccc5   Thumb Code   184  twi_sw_master.o(i.twi_master_transfer)
    uart_event_handle                        0x0002cdf9   Thumb Code   122  main.o(i.uart_event_handle)
    nrf_log_backend_rtt_api                  0x0002d658   Data          12  nrf_log_backend_rtt.o(.constdata)
    m_ram_start                              0x0002d6fc   Data           4  nrf_sdh_ble.o(.constdata)
    __ctype_table                            0x0002d728   Data         129  ctype_o.o(.constdata)
    Region$$Table$$Base                      0x0002e080   Number         0  anon$$obj.o(Region$$Table)
    Region$$Table$$Limit                     0x0002e0a0   Number         0  anon$$obj.o(Region$$Table)
    log_const_data$$Base                     0x0002e0b0   Number         0  ble_db_discovery.o(log_const_data)
    m_nrf_log_ble_db_disc_logs_data_const    0x0002e0b0   Data           8  ble_db_discovery.o(log_const_data)
    m_nrf_log_nrf_ble_gatt_logs_data_const   0x0002e0b8   Data           8  nrf_ble_gatt.o(log_const_data)
    m_nrf_log_nrf_ble_gq_logs_data_const     0x0002e0c0   Data           8  nrf_ble_gq.o(log_const_data)
    m_nrf_log_ble_scan_logs_data_const       0x0002e0c8   Data           8  nrf_ble_scan.o(log_const_data)
    m_nrf_log_ble_nus_c_logs_data_const      0x0002e0d0   Data           8  ble_nus_c.o(log_const_data)
    m_nrf_log_clock_logs_data_const          0x0002e0d8   Data           8  nrf_drv_clock.o(log_const_data)
    m_nrf_log_CLOCK_logs_data_const          0x0002e0e0   Data           8  nrfx_clock.o(log_const_data)
    m_nrf_log_GPIOTE_logs_data_const         0x0002e0e8   Data           8  nrfx_gpiote.o(log_const_data)
    m_nrf_log_PRS_logs_data_const            0x0002e0f0   Data           8  nrfx_prs.o(log_const_data)
    m_nrf_log_UART_logs_data_const           0x0002e0f8   Data           8  nrfx_uart.o(log_const_data)
    m_nrf_log_UARTE_logs_data_const          0x0002e100   Data           8  nrfx_uarte.o(log_const_data)
    m_nrf_log_app_button_logs_data_const     0x0002e108   Data           8  app_button.o(log_const_data)
    m_nrf_log_app_timer_logs_data_const      0x0002e110   Data           8  app_timer2.o(log_const_data)
    m_nrf_log_pwr_mgmt_logs_data_const       0x0002e118   Data           8  nrf_pwr_mgmt.o(log_const_data)
    m_nrf_log_sortlist_logs_data_const       0x0002e120   Data           8  nrf_sortlist.o(log_const_data)
    m_nrf_log_app_logs_data_const            0x0002e128   Data           8  nrf_log_frontend.o(log_const_data)
    m_nrf_log_nrf_sdh_logs_data_const        0x0002e130   Data           8  nrf_sdh.o(log_const_data)
    m_nrf_log_nrf_sdh_ble_logs_data_const    0x0002e138   Data           8  nrf_sdh_ble.o(log_const_data)
    m_nrf_log_nrf_sdh_soc_logs_data_const    0x0002e140   Data           8  nrf_sdh_soc.o(log_const_data)
    log_const_data$$Limit                    0x0002e148   Number         0  nrf_sdh_soc.o(log_const_data)
    m_ble_gatt_queuepool                     0x0002e148   Data          20  main.o(nrf_balloc)
    log_mempool                              0x0002e15c   Data          20  nrf_log_frontend.o(nrf_balloc)
    m_ble_gatt_queuepurge_queue              0x0002e170   Data          20  main.o(nrf_queue)
    pwr_mgmt_data1$$Base                     0x0002e184   Number         0  main.o(pwr_mgmt_data1)
    pwr_mgmt_data1$$Limit                    0x0002e188   Number         0  main.o(pwr_mgmt_data1)
    sdh_ble_observers1$$Base                 0x0002e188   Number         0  main.o(sdh_ble_observers1)
    sdh_ble_observers1$$Limit                0x0002e1b0   Number         0  bsp_btn_ble.o(sdh_ble_observers1)
    sdh_ble_observers2$$Base                 0x0002e1b0   Number         0  main.o(sdh_ble_observers2)
    sdh_ble_observers2$$Limit                0x0002e1b8   Number         0  main.o(sdh_ble_observers2)
    sdh_ble_observers3$$Base                 0x0002e1b8   Number         0  main.o(sdh_ble_observers3)
    sdh_ble_observers3$$Limit                0x0002e1c0   Number         0  main.o(sdh_ble_observers3)
    sdh_soc_observers0$$Base                 0x0002e1c0   Number         0  nrf_drv_clock.o(sdh_soc_observers0)
    sdh_soc_observers0$$Limit                0x0002e1c8   Number         0  nrf_drv_clock.o(sdh_soc_observers0)
    sdh_stack_observers0$$Base               0x0002e1c8   Number         0  nrf_sdh_ble.o(sdh_stack_observers0)
    sdh_stack_observers0$$Limit              0x0002e1d8   Number         0  nrf_sdh_soc.o(sdh_stack_observers0)
    sdh_state_observers0$$Base               0x0002e1d8   Number         0  nrf_drv_clock.o(sdh_state_observers0)
    sdh_state_observers0$$Limit              0x0002e1e0   Number         0  nrf_drv_clock.o(sdh_state_observers0)
    Image$$RW_IRAM1$$Base                    0x20002a28   Number         0  anon$$obj.o ABSOLUTE
    nrf_drv_uart_use_easy_dma                0x20003058   Data           1  nrf_drv_uart.o(.data)
    __stdout                                 0x200030e4   Data           4  retarget.o(.data)
    SystemCoreClock                          0x20003148   Data           4  system_nrf52.o(.data)
    nrf_nvic_state                           0x20003838   Data          12  app_util_platform.o(.bss)
    _SEGGER_RTT                              0x20003e0c   Data         120  segger_rtt.o(.bss)
    __initial_sp                             0x20006098   Data           0  arm_startup_nrf52.o(STACK)



==============================================================================

Memory Map of the image

  Image Entry point : 0x00026201

  Load Region LR_IROM1 (Base: 0x00026000, Size: 0x00008904, Max: 0x0005a000, ABSOLUTE, COMPRESSED[0x00008248])

    Execution Region ER_IROM1 (Exec base: 0x00026000, Load base: 0x00026000, Size: 0x000081e0, Max: 0x0005a000, ABSOLUTE)

    Exec Addr    Load Addr    Size         Type   Attr      Idx    E Section Name        Object

    0x00026000   0x00026000   0x00000200   Data   RO         5353    RESET               arm_startup_nrf52.o
    0x00026200   0x00026200   0x00000000   Code   RO         5394  * .ARM.Collect$$$$00000000  mc_w.l(entry.o)
    0x00026200   0x00026200   0x00000004   Code   RO         5702    .ARM.Collect$$$$00000001  mc_w.l(entry2.o)
    0x00026204   0x00026204   0x00000004   Code   RO         5705    .ARM.Collect$$$$00000004  mc_w.l(entry5.o)
    0x00026208   0x00026208   0x00000000   Code   RO         5707    .ARM.Collect$$$$00000008  mc_w.l(entry7b.o)
    0x00026208   0x00026208   0x00000000   Code   RO         5709    .ARM.Collect$$$$0000000A  mc_w.l(entry8b.o)
    0x00026208   0x00026208   0x00000008   Code   RO         5710    .ARM.Collect$$$$0000000B  mc_w.l(entry9a.o)
    0x00026210   0x00026210   0x00000000   Code   RO         5712    .ARM.Collect$$$$0000000D  mc_w.l(entry10a.o)
    0x00026210   0x00026210   0x00000000   Code   RO         5714    .ARM.Collect$$$$0000000F  mc_w.l(entry11a.o)
    0x00026210   0x00026210   0x00000004   Code   RO         5703    .ARM.Collect$$$$00002712  mc_w.l(entry2.o)
    0x00026214   0x00026214   0x000000c8   Code   RO         3693    .emb_text           nrf_atfifo.o
    0x000262dc   0x000262dc   0x000000e2   Code   RO         3763    .emb_text           nrf_atomic.o
    0x000263be   0x000263be   0x00000002   PAD
    0x000263c0   0x000263c0   0x00000024   Code   RO         5354    .text               arm_startup_nrf52.o
    0x000263e4   0x000263e4   0x00000062   Code   RO         5397    .text               mc_w.l(uldiv.o)
    0x00026446   0x00026446   0x0000001e   Code   RO         5399    .text               mc_w.l(llshl.o)
    0x00026464   0x00026464   0x00000008   Code   RO         5401    .text               mc_w.l(ctype_o.o)
    0x0002646c   0x0002646c   0x00000024   Code   RO         5429    .text               mc_w.l(memcpya.o)
    0x00026490   0x00026490   0x00000024   Code   RO         5431    .text               mc_w.l(memseta.o)
    0x000264b4   0x000264b4   0x0000000e   Code   RO         5433    .text               mc_w.l(strlen.o)
    0x000264c2   0x000264c2   0x0000001a   Code   RO         5435    .text               mc_w.l(memcmp.o)
    0x000264dc   0x000264dc   0x00000012   Code   RO         5437    .text               mc_w.l(strcpy.o)
    0x000264ee   0x000264ee   0x00000020   Code   RO         5718    .text               mc_w.l(llushr.o)
    0x0002650e   0x0002650e   0x00000002   PAD
    0x00026510   0x00026510   0x00000024   Code   RO         5731    .text               mc_w.l(init.o)
    0x00026534   0x00026534   0x00000056   Code   RO         5745    .text               mc_w.l(__dczerorl2.o)
    0x0002658a   0x0002658a   0x00000002   PAD
    0x0002658c   0x0002658c   0x00000164   Code   RO         2211    i.GPIOTE_IRQHandler  nrfx_gpiote.o
    0x000266f0   0x000266f0   0x00000058   Code   RO         2073    i.POWER_CLOCK_IRQHandler  nrfx_clock.o
    0x00026748   0x00026748   0x00000010   Code   RO         3485    i.RTC1_IRQHandler   drv_rtc.o
    0x00026758   0x00026758   0x00000004   Code   RO         4893    i.SEGGER_RTT_Init   segger_rtt.o
    0x0002675c   0x0002675c   0x0000005c   Code   RO         4907    i.SEGGER_RTT_WriteNoLock  segger_rtt.o
    0x000267b8   0x000267b8   0x00000004   Code   RO         5144    i.SWI2_EGU2_IRQHandler  nrf_sdh.o
    0x000267bc   0x000267bc   0x0000031c   Code   RO         5362    i.SystemInit        system_nrf52.o
    0x00026ad8   0x00026ad8   0x0000000c   Code   RO         2480    i.UARTE0_UART0_IRQHandler  nrfx_prs.o
    0x00026ae4   0x00026ae4   0x00000068   Code   RO         4911    i._DoInit           segger_rtt.o
    0x00026b4c   0x00026b4c   0x00000016   Code   RO         4912    i._GetAvailWriteSpace  segger_rtt.o
    0x00026b62   0x00026b62   0x0000005a   Code   RO         4914    i._WriteBlocking    segger_rtt.o
    0x00026bbc   0x00026bbc   0x00000042   Code   RO         4915    i._WriteNoCheck     segger_rtt.o
    0x00026bfe   0x00026bfe   0x00000002   PAD
    0x00026c00   0x00026c00   0x00000020   Code   RO         5648    i.__0printf$8       mc_w.l(printf8.o)
    0x00026c20   0x00026c20   0x00000030   Code   RO         5649    i.__0snprintf$8     mc_w.l(printf8.o)
    0x00026c50   0x00026c50   0x0000000e   Code   RO         5739    i.__scatterload_copy  mc_w.l(handlers.o)
    0x00026c5e   0x00026c5e   0x00000002   Code   RO         5740    i.__scatterload_null  mc_w.l(handlers.o)
    0x00026c60   0x00026c60   0x0000000e   Code   RO         5741    i.__scatterload_zeroinit  mc_w.l(handlers.o)
    0x00026c6e   0x00026c6e   0x00000002   PAD
    0x00026c70   0x00026c70   0x00000024   Code   RO         5145    i.__sd_nvic_app_accessible_irq  nrf_sdh.o
    0x00026c94   0x00026c94   0x00000410   Code   RO         5655    i._printf_core      mc_w.l(printf8.o)
    0x000270a4   0x000270a4   0x00000024   Code   RO         5656    i._printf_post_padding  mc_w.l(printf8.o)
    0x000270c8   0x000270c8   0x0000002e   Code   RO         5657    i._printf_pre_padding  mc_w.l(printf8.o)
    0x000270f6   0x000270f6   0x00000016   Code   RO         5658    i._snputc           mc_w.l(printf8.o)
    0x0002710c   0x0002710c   0x00000036   Code   RO          880    i.advertising_buttons_configure  bsp_btn_ble.o
    0x00027142   0x00027142   0x00000006   Code   RO          763    i.alert_timer_handler  bsp.o
    0x00027148   0x00027148   0x00000024   Code   RO         2883    i.app_button_enable  app_button.o
    0x0002716c   0x0002716c   0x00000080   Code   RO         2884    i.app_button_init   app_button.o
    0x000271ec   0x000271ec   0x00000084   Code   RO         3037    i.app_error_fault_handler  app_error_weak.o
    0x00027270   0x00027270   0x00000016   Code   RO         2981    i.app_error_handler_bare  app_error.o
    0x00027286   0x00027286   0x00000016   Code   RO         3072    i.app_fifo_get      app_fifo.o
    0x0002729c   0x0002729c   0x00000020   Code   RO         3073    i.app_fifo_init     app_fifo.o
    0x000272bc   0x000272bc   0x0000001a   Code   RO         3075    i.app_fifo_put      app_fifo.o
    0x000272d6   0x000272d6   0x00000002   PAD
    0x000272d8   0x000272d8   0x0000000c   Code   RO         3196    i.app_timer_cnt_get  app_timer2.o
    0x000272e4   0x000272e4   0x00000016   Code   RO         3197    i.app_timer_create  app_timer2.o
    0x000272fa   0x000272fa   0x00000002   PAD
    0x000272fc   0x000272fc   0x0000005c   Code   RO         3198    i.app_timer_init    app_timer2.o
    0x00027358   0x00027358   0x00000030   Code   RO         3201    i.app_timer_start   app_timer2.o
    0x00027388   0x00027388   0x0000000c   Code   RO         3202    i.app_timer_stop    app_timer2.o
    0x00027394   0x00027394   0x00000034   Code   RO         3336    i.app_uart_get      app_uart_fifo.o
    0x000273c8   0x000273c8   0x000000a4   Code   RO         3337    i.app_uart_init     app_uart_fifo.o
    0x0002746c   0x0002746c   0x00000054   Code   RO         3338    i.app_uart_put      app_uart_fifo.o
    0x000274c0   0x000274c0   0x00000048   Code   RO         3417    i.app_util_critical_region_enter  app_util_platform.o
    0x00027508   0x00027508   0x00000034   Code   RO         3418    i.app_util_critical_region_exit  app_util_platform.o
    0x0002753c   0x0002753c   0x00000088   Code   RO         2534    i.apply_config      nrfx_uart.o
    0x000275c4   0x000275c4   0x00000088   Code   RO         2722    i.apply_config      nrfx_uarte.o
    0x0002764c   0x0002764c   0x00000040   Code   RO         1026    i.ble_advdata_search  ble_advdata.o
    0x0002768c   0x0002768c   0x000000b6   Code   RO         1028    i.ble_advdata_uuid_find  ble_advdata.o
    0x00027742   0x00027742   0x00000002   PAD
    0x00027744   0x00027744   0x00000040   Code   RO         1148    i.ble_db_discovery_evt_register  ble_db_discovery.o
    0x00027784   0x00027784   0x00000024   Code   RO         1149    i.ble_db_discovery_init  ble_db_discovery.o
    0x000277a8   0x000277a8   0x0000005c   Code   RO         1150    i.ble_db_discovery_on_ble_evt  ble_db_discovery.o
    0x00027804   0x00027804   0x00000028   Code   RO         1151    i.ble_db_discovery_start  ble_db_discovery.o
    0x0002782c   0x0002782c   0x00000120   Code   RO            5    i.ble_evt_handler   main.o
    0x0002794c   0x0002794c   0x00000070   Code   RO          881    i.ble_evt_handler   bsp_btn_ble.o
    0x000279bc   0x000279bc   0x000000cc   Code   RO            6    i.ble_nus_c_evt_handler  main.o
    0x00027a88   0x00027a88   0x0000001c   Code   RO         1659    i.ble_nus_c_handles_assign  ble_nus_c.o
    0x00027aa4   0x00027aa4   0x00000058   Code   RO         1660    i.ble_nus_c_init    ble_nus_c.o
    0x00027afc   0x00027afc   0x0000006a   Code   RO         1661    i.ble_nus_c_on_ble_evt  ble_nus_c.o
    0x00027b66   0x00027b66   0x00000080   Code   RO         1662    i.ble_nus_c_on_db_disc_evt  ble_nus_c.o
    0x00027be6   0x00027be6   0x00000002   PAD
    0x00027be8   0x00027be8   0x000000b8   Code   RO         1663    i.ble_nus_c_string_send  ble_nus_c.o
    0x00027ca0   0x00027ca0   0x0000006c   Code   RO         1664    i.ble_nus_c_tx_notif_enable  ble_nus_c.o
    0x00027d0c   0x00027d0c   0x000000dc   Code   RO            7    i.ble_nus_chars_received_uart_print  main.o
    0x00027de8   0x00027de8   0x0000000c   Code   RO          660    i.bsp_board_button_idx_to_pin  boards.o
    0x00027df4   0x00027df4   0x00000020   Code   RO          661    i.bsp_board_button_state_get  boards.o
    0x00027e14   0x00027e14   0x00000054   Code   RO          662    i.bsp_board_init    boards.o
    0x00027e68   0x00027e68   0x00000024   Code   RO          664    i.bsp_board_led_invert  boards.o
    0x00027e8c   0x00027e8c   0x00000010   Code   RO          665    i.bsp_board_led_off  boards.o
    0x00027e9c   0x00027e9c   0x00000010   Code   RO          666    i.bsp_board_led_on  boards.o
    0x00027eac   0x00027eac   0x00000020   Code   RO          667    i.bsp_board_led_state_get  boards.o
    0x00027ecc   0x00027ecc   0x00000012   Code   RO          668    i.bsp_board_leds_off  boards.o
    0x00027ede   0x00027ede   0x00000012   Code   RO          669    i.bsp_board_leds_on  boards.o
    0x00027ef0   0x00027ef0   0x00000024   Code   RO          670    i.bsp_board_pin_to_button_idx  boards.o
    0x00027f14   0x00027f14   0x00000038   Code   RO          882    i.bsp_btn_ble_init  bsp_btn_ble.o
    0x00027f4c   0x00027f4c   0x0000001e   Code   RO          883    i.bsp_btn_ble_sleep_mode_prepare  bsp_btn_ble.o
    0x00027f6a   0x00027f6a   0x00000002   PAD
    0x00027f6c   0x00027f6c   0x00000090   Code   RO          764    i.bsp_button_event_handler  bsp.o
    0x00027ffc   0x00027ffc   0x0000000c   Code   RO          765    i.bsp_button_is_pressed  bsp.o
    0x00028008   0x00028008   0x00000028   Code   RO            8    i.bsp_event_handler  main.o
    0x00028030   0x00028030   0x00000044   Code   RO          768    i.bsp_event_to_button_action_assign  bsp.o
    0x00028074   0x00028074   0x00000018   Code   RO          769    i.bsp_indication_set  bsp.o
    0x0002808c   0x0002808c   0x00000094   Code   RO          770    i.bsp_init          bsp.o
    0x00028120   0x00028120   0x000001c8   Code   RO          771    i.bsp_led_indication  bsp.o
    0x000282e8   0x000282e8   0x00000006   Code   RO          773    i.bsp_wakeup_button_enable  bsp.o
    0x000282ee   0x000282ee   0x00000002   PAD
    0x000282f0   0x000282f0   0x00000090   Code   RO         4648    i.buf_prealloc      nrf_log_frontend.o
    0x00028380   0x00028380   0x0000002e   Code   RO         3978    i.buffer_add        nrf_fprintf_format.o
    0x000283ae   0x000283ae   0x00000002   PAD
    0x000283b0   0x000283b0   0x00000014   Code   RO         4649    i.buffer_is_empty   nrf_log_frontend.o
    0x000283c4   0x000283c4   0x00000028   Code   RO         2886    i.button_get        app_button.o
    0x000283ec   0x000283ec   0x00000008   Code   RO          774    i.button_timer_handler  bsp.o
    0x000283f4   0x000283f4   0x0000001c   Code   RO         2212    i.channel_free      nrfx_gpiote.o
    0x00028410   0x00028410   0x00000048   Code   RO         2213    i.channel_port_alloc  nrfx_gpiote.o
    0x00028458   0x00028458   0x00000010   Code   RO         2214    i.channel_port_get  nrfx_gpiote.o
    0x00028468   0x00028468   0x0000006c   Code   RO         1152    i.characteristics_discover  ble_db_discovery.o
    0x000284d4   0x000284d4   0x00000028   Code   RO         1733    i.clock_clk_started_notify  nrf_drv_clock.o
    0x000284fc   0x000284fc   0x0000001c   Code   RO         1734    i.clock_irq_handler  nrf_drv_clock.o
    0x00028518   0x00028518   0x00000018   Code   RO         3204    i.compare_func      app_timer2.o
    0x00028530   0x00028530   0x0000001e   Code   RO         1456    i.conn_handle_id_find  nrf_ble_gq.o
    0x0002854e   0x0002854e   0x00000002   PAD
    0x00028550   0x00028550   0x000000c0   Code   RO         1354    i.data_length_update  nrf_ble_gatt.o
    0x00028610   0x00028610   0x0000000c   Code   RO            9    i.db_disc_handler   main.o
    0x0002861c   0x0002861c   0x000000b8   Code   RO         1153    i.descriptors_discover  ble_db_discovery.o
    0x000286d4   0x000286d4   0x00000048   Code   RO         2887    i.detection_delay_timeout_handler  app_button.o
    0x0002871c   0x0002871c   0x00000030   Code   RO         1154    i.discovery_available_evt_trigger  ble_db_discovery.o
    0x0002874c   0x0002874c   0x000000b4   Code   RO         1155    i.discovery_complete_evt_trigger  ble_db_discovery.o
    0x00028800   0x00028800   0x00000050   Code   RO         1156    i.discovery_error_handler  ble_db_discovery.o
    0x00028850   0x00028850   0x0000007c   Code   RO         1157    i.discovery_start   ble_db_discovery.o
    0x000288cc   0x000288cc   0x00000014   Code   RO         4650    i.dropped_sat16_get  nrf_log_frontend.o
    0x000288e0   0x000288e0   0x00000014   Code   RO         3486    i.drv_rtc_compare_disable  drv_rtc.o
    0x000288f4   0x000288f4   0x0000000e   Code   RO         3488    i.drv_rtc_compare_pending  drv_rtc.o
    0x00028902   0x00028902   0x00000050   Code   RO         3489    i.drv_rtc_compare_set  drv_rtc.o
    0x00028952   0x00028952   0x00000008   Code   RO         3490    i.drv_rtc_counter_get  drv_rtc.o
    0x0002895a   0x0002895a   0x00000002   PAD
    0x0002895c   0x0002895c   0x000000d4   Code   RO         3491    i.drv_rtc_init      drv_rtc.o
    0x00028a30   0x00028a30   0x0000001a   Code   RO         3492    i.drv_rtc_irq_trigger  drv_rtc.o
    0x00028a4a   0x00028a4a   0x00000008   Code   RO         3494    i.drv_rtc_overflow_enable  drv_rtc.o
    0x00028a52   0x00028a52   0x00000008   Code   RO         3495    i.drv_rtc_overflow_pending  drv_rtc.o
    0x00028a5a   0x00028a5a   0x00000008   Code   RO         3496    i.drv_rtc_start     drv_rtc.o
    0x00028a62   0x00028a62   0x00000008   Code   RO         3497    i.drv_rtc_stop      drv_rtc.o
    0x00028a6a   0x00028a6a   0x000000de   Code   RO         3502    i.drv_rtc_windowed_compare_set  drv_rtc.o
    0x00028b48   0x00028b48   0x00000012   Code   RO         3503    i.evt_enable        drv_rtc.o
    0x00028b5a   0x00028b5a   0x00000002   PAD
    0x00028b5c   0x00028b5c   0x000000e0   Code   RO         2888    i.evt_handle        app_button.o
    0x00028c3c   0x00028c3c   0x00000014   Code   RO         3504    i.evt_pending       drv_rtc.o
    0x00028c50   0x00028c50   0x00000014   Code   RO         3078    i.fifo_get          app_fifo.o
    0x00028c64   0x00028c64   0x00000012   Code   RO         3079    i.fifo_put          app_fifo.o
    0x00028c76   0x00028c76   0x0000000e   Code   RO         4475    i.fputc             retarget.o
    0x00028c84   0x00028c84   0x0000000a   Code   RO         1665    i.gatt_error_handler  ble_nus_c.o
    0x00028c8e   0x00028c8e   0x00000002   PAD
    0x00028c90   0x00028c90   0x00000090   Code   RO           10    i.gatt_evt_handler  main.o
    0x00028d20   0x00028d20   0x00000030   Code   RO           11    i.gatt_init         main.o
    0x00028d50   0x00028d50   0x0000002c   Code   RO         1457    i.gattc_write_alloc  nrf_ble_gq.o
    0x00028d7c   0x00028d7c   0x0000003e   Code   RO         1458    i.gatts_hvx_alloc   nrf_ble_gq.o
    0x00028dba   0x00028dba   0x00000002   PAD
    0x00028dbc   0x00028dbc   0x00000034   Code   RO         3205    i.get_now           app_timer2.o
    0x00028df0   0x00028df0   0x00000024   Code   RO           12    i.gpio_level_pullup  main.o
    0x00028e14   0x00028e14   0x0000003c   Code   RO         2889    i.gpiote_event_handler  app_button.o
    0x00028e50   0x00028e50   0x000000a6   Code   RO         3979    i.int_print         nrf_fprintf_format.o
    0x00028ef6   0x00028ef6   0x00000002   PAD
    0x00028ef8   0x00028ef8   0x00000084   Code   RO         2723    i.interrupts_enable  nrfx_uarte.o
    0x00028f7c   0x00028f7c   0x00000034   Code   RO         4651    i.invalid_packets_omit  nrf_log_frontend.o
    0x00028fb0   0x00028fb0   0x0000004c   Code   RO         1158    i.is_desc_discovery_reqd  ble_db_discovery.o
    0x00028ffc   0x00028ffc   0x00000016   Code   RO         1537    i.is_whitelist_used  nrf_ble_scan.o
    0x00029012   0x00029012   0x00000002   PAD
    0x00029014   0x00029014   0x00000030   Code   RO          775    i.leds_off          bsp.o
    0x00029044   0x00029044   0x00000014   Code   RO          776    i.leds_timer_handler  bsp.o
    0x00029058   0x00029058   0x00000018   Code   RO         1355    i.link_init         nrf_ble_gatt.o
    0x00029070   0x00029070   0x0000009c   Code   RO         4652    i.log_skip          nrf_log_frontend.o
    0x0002910c   0x0002910c   0x0000019c   Code   RO           13    i.main              main.o
    0x000292a8   0x000292a8   0x0000007e   Code   RO         4018    i.memobj_op         nrf_memobj.o
    0x00029326   0x00029326   0x00000002   PAD
    0x00029328   0x00029328   0x00000030   Code   RO         4653    i.module_idx_get    nrf_log_frontend.o
    0x00029358   0x00029358   0x00000020   Code   RO          460    i.mpu6050_init      mpu6050.o
    0x00029378   0x00029378   0x00000030   Code   RO          461    i.mpu6050_register_read  mpu6050.o
    0x000293a8   0x000293a8   0x00000020   Code   RO          462    i.mpu6050_register_write  mpu6050.o
    0x000293c8   0x000293c8   0x00000208   Code   RO           14    i.mpu6050_test_init  main.o
    0x000295d0   0x000295d0   0x00000104   Code   RO           15    i.mpu6050_test_print_once  main.o
    0x000296d4   0x000296d4   0x000000f4   Code   RO           16    i.mpu6050_try_address  main.o
    0x000297c8   0x000297c8   0x00000024   Code   RO          463    i.mpu6050_verify_product_id  mpu6050.o
    0x000297ec   0x000297ec   0x00000026   Code   RO         3697    i.nrf_atfifo_init   nrf_atfifo.o
    0x00029812   0x00029812   0x00000016   Code   RO         3698    i.nrf_atfifo_item_alloc  nrf_atfifo.o
    0x00029828   0x00029828   0x00000016   Code   RO         3699    i.nrf_atfifo_item_free  nrf_atfifo.o
    0x0002983e   0x0002983e   0x00000016   Code   RO         3700    i.nrf_atfifo_item_get  nrf_atfifo.o
    0x00029854   0x00029854   0x00000016   Code   RO         3701    i.nrf_atfifo_item_put  nrf_atfifo.o
    0x0002986a   0x0002986a   0x00000006   Code   RO         3765    i.nrf_atomic_flag_clear_fetch  nrf_atomic.o
    0x00029870   0x00029870   0x00000006   Code   RO         3766    i.nrf_atomic_flag_set  nrf_atomic.o
    0x00029876   0x00029876   0x0000000c   Code   RO         3768    i.nrf_atomic_u32_add  nrf_atomic.o
    0x00029882   0x00029882   0x0000000a   Code   RO         3772    i.nrf_atomic_u32_fetch_and  nrf_atomic.o
    0x0002988c   0x0002988c   0x0000000a   Code   RO         3774    i.nrf_atomic_u32_fetch_store  nrf_atomic.o
    0x00029896   0x00029896   0x0000000c   Code   RO         3778    i.nrf_atomic_u32_or  nrf_atomic.o
    0x000298a2   0x000298a2   0x0000000c   Code   RO         3780    i.nrf_atomic_u32_sub  nrf_atomic.o
    0x000298ae   0x000298ae   0x00000044   Code   RO         3902    i.nrf_balloc_alloc  nrf_balloc.o
    0x000298f2   0x000298f2   0x00000030   Code   RO         3903    i.nrf_balloc_free   nrf_balloc.o
    0x00029922   0x00029922   0x00000030   Code   RO         3904    i.nrf_balloc_init   nrf_balloc.o
    0x00029952   0x00029952   0x00000010   Code   RO         2215    i.nrf_bitmask_bit_is_set  nrfx_gpiote.o
    0x00029962   0x00029962   0x00000014   Code   RO         2216    i.nrf_bitmask_bit_set  nrfx_gpiote.o
    0x00029976   0x00029976   0x00000018   Code   RO         1356    i.nrf_ble_gatt_att_mtu_central_set  nrf_ble_gatt.o
    0x0002998e   0x0002998e   0x00000022   Code   RO         1361    i.nrf_ble_gatt_init  nrf_ble_gatt.o
    0x000299b0   0x000299b0   0x00000150   Code   RO         1362    i.nrf_ble_gatt_on_ble_evt  nrf_ble_gatt.o
    0x00029b00   0x00029b00   0x0000006e   Code   RO         1459    i.nrf_ble_gq_conn_handle_register  nrf_ble_gq.o
    0x00029b6e   0x00029b6e   0x00000002   PAD
    0x00029b70   0x00029b70   0x000000a0   Code   RO         1460    i.nrf_ble_gq_item_add  nrf_ble_gq.o
    0x00029c10   0x00029c10   0x00000060   Code   RO         1461    i.nrf_ble_gq_on_ble_evt  nrf_ble_gq.o
    0x00029c70   0x00029c70   0x0000004c   Code   RO         1539    i.nrf_ble_scan_connect_with_target  nrf_ble_scan.o
    0x00029cbc   0x00029cbc   0x00000014   Code   RO         1541    i.nrf_ble_scan_default_conn_param_set  nrf_ble_scan.o
    0x00029cd0   0x00029cd0   0x0000001e   Code   RO         1542    i.nrf_ble_scan_default_param_set  nrf_ble_scan.o
    0x00029cee   0x00029cee   0x00000042   Code   RO         1544    i.nrf_ble_scan_filter_set  nrf_ble_scan.o
    0x00029d30   0x00029d30   0x0000000e   Code   RO         1545    i.nrf_ble_scan_filters_disable  nrf_ble_scan.o
    0x00029d3e   0x00029d3e   0x00000036   Code   RO         1546    i.nrf_ble_scan_filters_enable  nrf_ble_scan.o
    0x00029d74   0x00029d74   0x0000006a   Code   RO         1547    i.nrf_ble_scan_init  nrf_ble_scan.o
    0x00029dde   0x00029dde   0x000000fc   Code   RO         1548    i.nrf_ble_scan_on_adv_report  nrf_ble_scan.o
    0x00029eda   0x00029eda   0x000000ae   Code   RO         1549    i.nrf_ble_scan_on_ble_evt  nrf_ble_scan.o
    0x00029f88   0x00029f88   0x00000088   Code   RO         1551    i.nrf_ble_scan_start  nrf_ble_scan.o
    0x0002a010   0x0002a010   0x0000000e   Code   RO         2074    i.nrf_clock_event_check  nrfx_clock.o
    0x0002a01e   0x0002a01e   0x00000010   Code   RO         2075    i.nrf_clock_event_clear  nrfx_clock.o
    0x0002a02e   0x0002a02e   0x00000002   PAD
    0x0002a030   0x0002a030   0x00000038   Code   RO         1741    i.nrf_drv_clock_init  nrf_drv_clock.o
    0x0002a068   0x0002a068   0x00000030   Code   RO         1745    i.nrf_drv_clock_lfclk_release  nrf_drv_clock.o
    0x0002a098   0x0002a098   0x00000068   Code   RO         1882    i.nrf_drv_uart_init  nrf_drv_uart.o
    0x0002a100   0x0002a100   0x00000020   Code   RO         3339    i.nrf_drv_uart_rx   app_uart_fifo.o
    0x0002a120   0x0002a120   0x00000020   Code   RO         3340    i.nrf_drv_uart_tx   app_uart_fifo.o
    0x0002a140   0x0002a140   0x0000001a   Code   RO         3939    i.nrf_fprintf       nrf_fprintf.o
    0x0002a15a   0x0002a15a   0x00000018   Code   RO         3940    i.nrf_fprintf_buffer_flush  nrf_fprintf.o
    0x0002a172   0x0002a172   0x000001da   Code   RO         3980    i.nrf_fprintf_fmt   nrf_fprintf_format.o
    0x0002a34c   0x0002a34c   0x00000024   Code   RO          672    i.nrf_gpio_cfg      boards.o
    0x0002a370   0x0002a370   0x00000024   Code   RO         2217    i.nrf_gpio_cfg      nrfx_gpiote.o
    0x0002a394   0x0002a394   0x00000024   Code   RO         2535    i.nrf_gpio_cfg      nrfx_uart.o
    0x0002a3b8   0x0002a3b8   0x00000024   Code   RO         2724    i.nrf_gpio_cfg      nrfx_uarte.o
    0x0002a3dc   0x0002a3dc   0x00000012   Code   RO         2537    i.nrf_gpio_cfg_input  nrfx_uart.o
    0x0002a3ee   0x0002a3ee   0x00000012   Code   RO         2726    i.nrf_gpio_cfg_input  nrfx_uarte.o
    0x0002a400   0x0002a400   0x00000014   Code   RO         2538    i.nrf_gpio_cfg_output  nrfx_uart.o
    0x0002a414   0x0002a414   0x00000014   Code   RO         2727    i.nrf_gpio_cfg_output  nrfx_uarte.o
    0x0002a428   0x0002a428   0x00000022   Code   RO         2219    i.nrf_gpio_cfg_sense_set  nrfx_gpiote.o
    0x0002a44a   0x0002a44a   0x00000016   Code   RO          673    i.nrf_gpio_pin_write  boards.o
    0x0002a460   0x0002a460   0x00000028   Code   RO         2220    i.nrf_gpio_ports_read  nrfx_gpiote.o
    0x0002a488   0x0002a488   0x00000014   Code   RO         2221    i.nrf_gpiote_event_clear  nrfx_gpiote.o
    0x0002a49c   0x0002a49c   0x00000010   Code   RO         2222    i.nrf_gpiote_event_is_set  nrfx_gpiote.o
    0x0002a4ac   0x0002a4ac   0x0000005c   Code   RO         4654    i.nrf_log_backend_add  nrf_log_frontend.o
    0x0002a508   0x0002a508   0x00000002   Code   RO         4512    i.nrf_log_backend_rtt_flush  nrf_log_backend_rtt.o
    0x0002a50a   0x0002a50a   0x00000004   Code   RO         4513    i.nrf_log_backend_rtt_init  nrf_log_backend_rtt.o
    0x0002a50e   0x0002a50e   0x00000002   Code   RO         4514    i.nrf_log_backend_rtt_panic_set  nrf_log_backend_rtt.o
    0x0002a510   0x0002a510   0x00000018   Code   RO         4515    i.nrf_log_backend_rtt_put  nrf_log_backend_rtt.o
    0x0002a528   0x0002a528   0x000000c8   Code   RO         4578    i.nrf_log_backend_serial_put  nrf_log_backend_serial.o
    0x0002a5f0   0x0002a5f0   0x00000030   Code   RO         4656    i.nrf_log_color_id_get  nrf_log_frontend.o
    0x0002a620   0x0002a620   0x0000001c   Code   RO         4612    i.nrf_log_default_backends_init  nrf_log_default_backends.o
    0x0002a63c   0x0002a63c   0x00000234   Code   RO         4657    i.nrf_log_frontend_dequeue  nrf_log_frontend.o
    0x0002a870   0x0002a870   0x00000008   Code   RO         4659    i.nrf_log_frontend_std_0  nrf_log_frontend.o
    0x0002a878   0x0002a878   0x0000000e   Code   RO         4660    i.nrf_log_frontend_std_1  nrf_log_frontend.o
    0x0002a886   0x0002a886   0x00000010   Code   RO         4661    i.nrf_log_frontend_std_2  nrf_log_frontend.o
    0x0002a896   0x0002a896   0x00000012   Code   RO         4662    i.nrf_log_frontend_std_3  nrf_log_frontend.o
    0x0002a8a8   0x0002a8a8   0x00000014   Code   RO         4663    i.nrf_log_frontend_std_4  nrf_log_frontend.o
    0x0002a8bc   0x0002a8bc   0x0000001c   Code   RO         4664    i.nrf_log_frontend_std_5  nrf_log_frontend.o
    0x0002a8d8   0x0002a8d8   0x0000001c   Code   RO         4665    i.nrf_log_frontend_std_6  nrf_log_frontend.o
    0x0002a8f4   0x0002a8f4   0x000000b0   Code   RO         4834    i.nrf_log_hexdump_entry_process  nrf_log_str_formatter.o
    0x0002a9a4   0x0002a9a4   0x0000003c   Code   RO         4666    i.nrf_log_init      nrf_log_frontend.o
    0x0002a9e0   0x0002a9e0   0x00000014   Code   RO         4667    i.nrf_log_module_cnt_get  nrf_log_frontend.o
    0x0002a9f4   0x0002a9f4   0x0000001c   Code   RO         4670    i.nrf_log_module_name_get  nrf_log_frontend.o
    0x0002aa10   0x0002aa10   0x0000002c   Code   RO         4671    i.nrf_log_panic     nrf_log_frontend.o
    0x0002aa3c   0x0002aa3c   0x000000b6   Code   RO         4835    i.nrf_log_std_entry_process  nrf_log_str_formatter.o
    0x0002aaf2   0x0002aaf2   0x00000060   Code   RO         4019    i.nrf_memobj_alloc  nrf_memobj.o
    0x0002ab52   0x0002ab52   0x00000032   Code   RO         4020    i.nrf_memobj_free   nrf_memobj.o
    0x0002ab84   0x0002ab84   0x00000008   Code   RO         4021    i.nrf_memobj_get    nrf_memobj.o
    0x0002ab8c   0x0002ab8c   0x00000004   Code   RO         4022    i.nrf_memobj_pool_init  nrf_memobj.o
    0x0002ab90   0x0002ab90   0x0000001e   Code   RO         4023    i.nrf_memobj_put    nrf_memobj.o
    0x0002abae   0x0002abae   0x00000010   Code   RO         4024    i.nrf_memobj_read   nrf_memobj.o
    0x0002abbe   0x0002abbe   0x00000010   Code   RO         4025    i.nrf_memobj_write  nrf_memobj.o
    0x0002abce   0x0002abce   0x00000002   PAD
    0x0002abd0   0x0002abd0   0x00000028   Code   RO         4097    i.nrf_pwr_mgmt_init  nrf_pwr_mgmt.o
    0x0002abf8   0x0002abf8   0x00000044   Code   RO         4098    i.nrf_pwr_mgmt_run  nrf_pwr_mgmt.o
    0x0002ac3c   0x0002ac3c   0x0000003c   Code   RO         4099    i.nrf_pwr_mgmt_shutdown  nrf_pwr_mgmt.o
    0x0002ac78   0x0002ac78   0x0000008e   Code   RO         4171    i.nrf_queue_generic_pop  nrf_queue.o
    0x0002ad06   0x0002ad06   0x00000012   Code   RO         4173    i.nrf_queue_is_empty  nrf_queue.o
    0x0002ad18   0x0002ad18   0x0000001e   Code   RO         4174    i.nrf_queue_is_full  nrf_queue.o
    0x0002ad36   0x0002ad36   0x0000000e   Code   RO         4177    i.nrf_queue_next_idx  nrf_queue.o
    0x0002ad44   0x0002ad44   0x000000b2   Code   RO         4179    i.nrf_queue_push    nrf_queue.o
    0x0002adf6   0x0002adf6   0x0000001c   Code   RO         4292    i.nrf_ringbuf_init  nrf_ringbuf.o
    0x0002ae12   0x0002ae12   0x0000000c   Code   RO         3505    i.nrf_rtc_event_clear  drv_rtc.o
    0x0002ae1e   0x0002ae1e   0x00000002   PAD
    0x0002ae20   0x0002ae20   0x00000014   Code   RO         5265    i.nrf_sdh_ble_app_ram_start_get  nrf_sdh_ble.o
    0x0002ae34   0x0002ae34   0x00000130   Code   RO         5266    i.nrf_sdh_ble_default_cfg_set  nrf_sdh_ble.o
    0x0002af64   0x0002af64   0x00000130   Code   RO         5267    i.nrf_sdh_ble_enable  nrf_sdh_ble.o
    0x0002b094   0x0002b094   0x00000060   Code   RO         5268    i.nrf_sdh_ble_evts_poll  nrf_sdh_ble.o
    0x0002b0f4   0x0002b0f4   0x00000074   Code   RO         5147    i.nrf_sdh_enable_request  nrf_sdh.o
    0x0002b168   0x0002b168   0x00000024   Code   RO         5148    i.nrf_sdh_evts_poll  nrf_sdh.o
    0x0002b18c   0x0002b18c   0x0000000c   Code   RO         5149    i.nrf_sdh_is_enabled  nrf_sdh.o
    0x0002b198   0x0002b198   0x0000003c   Code   RO         5319    i.nrf_sdh_soc_evts_poll  nrf_sdh_soc.o
    0x0002b1d4   0x0002b1d4   0x0000000a   Code   RO         4350    i.nrf_section_iter_init  nrf_section_iter.o
    0x0002b1de   0x0002b1de   0x00000024   Code   RO         4351    i.nrf_section_iter_item_set  nrf_section_iter.o
    0x0002b202   0x0002b202   0x00000020   Code   RO         4352    i.nrf_section_iter_next  nrf_section_iter.o
    0x0002b222   0x0002b222   0x00000022   Code   RO         4385    i.nrf_sortlist_add  nrf_sortlist.o
    0x0002b244   0x0002b244   0x00000006   Code   RO         4387    i.nrf_sortlist_peek  nrf_sortlist.o
    0x0002b24a   0x0002b24a   0x0000000e   Code   RO         4388    i.nrf_sortlist_pop  nrf_sortlist.o
    0x0002b258   0x0002b258   0x0000001e   Code   RO         4389    i.nrf_sortlist_remove  nrf_sortlist.o
    0x0002b276   0x0002b276   0x00000002   PAD
    0x0002b278   0x0002b278   0x00000038   Code   RO         4441    i.nrf_strerror_find  nrf_strerror.o
    0x0002b2b0   0x0002b2b0   0x00000014   Code   RO         4442    i.nrf_strerror_get  nrf_strerror.o
    0x0002b2c4   0x0002b2c4   0x0000000a   Code   RO         2539    i.nrf_uart_event_check  nrfx_uart.o
    0x0002b2ce   0x0002b2ce   0x0000000c   Code   RO         2540    i.nrf_uart_event_clear  nrfx_uart.o
    0x0002b2da   0x0002b2da   0x0000000c   Code   RO         2541    i.nrf_uart_int_enable_check  nrfx_uart.o
    0x0002b2e6   0x0002b2e6   0x0000000a   Code   RO         2728    i.nrf_uarte_event_check  nrfx_uarte.o
    0x0002b2f0   0x0002b2f0   0x0000000c   Code   RO         2729    i.nrf_uarte_event_clear  nrfx_uarte.o
    0x0002b2fc   0x0002b2fc   0x0000002c   Code   RO         2080    i.nrfx_clock_enable  nrfx_clock.o
    0x0002b328   0x0002b328   0x00000020   Code   RO         2083    i.nrfx_clock_init   nrfx_clock.o
    0x0002b348   0x0002b348   0x0000001c   Code   RO         2086    i.nrfx_clock_lfclk_stop  nrfx_clock.o
    0x0002b364   0x0002b364   0x00000010   Code   RO           17    i.nrfx_coredep_delay_us  main.o
    0x0002b374   0x0002b374   0x00000010   Code   RO          578    i.nrfx_coredep_delay_us  twi_sw_master.o
    0x0002b384   0x0002b384   0x00000010   Code   RO         3506    i.nrfx_coredep_delay_us  drv_rtc.o
    0x0002b394   0x0002b394   0x000000a4   Code   RO         2227    i.nrfx_gpiote_in_event_enable  nrfx_gpiote.o
    0x0002b438   0x0002b438   0x000000d0   Code   RO         2228    i.nrfx_gpiote_in_init  nrfx_gpiote.o
    0x0002b508   0x0002b508   0x00000014   Code   RO         2229    i.nrfx_gpiote_in_is_set  nrfx_gpiote.o
    0x0002b51c   0x0002b51c   0x0000006c   Code   RO         2231    i.nrfx_gpiote_init  nrfx_gpiote.o
    0x0002b588   0x0002b588   0x00000014   Code   RO         2232    i.nrfx_gpiote_is_init  nrfx_gpiote.o
    0x0002b59c   0x0002b59c   0x00000010   Code   RO         2730    i.nrfx_is_in_ram    nrfx_uarte.o
    0x0002b5ac   0x0002b5ac   0x0000003a   Code   RO         2481    i.nrfx_prs_acquire  nrfx_prs.o
    0x0002b5e6   0x0002b5e6   0x00000002   PAD
    0x0002b5e8   0x0002b5e8   0x00000010   Code   RO         2542    i.nrfx_uart_0_irq_handler  nrfx_uart.o
    0x0002b5f8   0x0002b5f8   0x000000d0   Code   RO         2544    i.nrfx_uart_init    nrfx_uart.o
    0x0002b6c8   0x0002b6c8   0x000000ec   Code   RO         2545    i.nrfx_uart_rx      nrfx_uart.o
    0x0002b7b4   0x0002b7b4   0x000000a8   Code   RO         2550    i.nrfx_uart_tx      nrfx_uart.o
    0x0002b85c   0x0002b85c   0x00000020   Code   RO         2552    i.nrfx_uart_tx_in_progress  nrfx_uart.o
    0x0002b87c   0x0002b87c   0x00000010   Code   RO         2731    i.nrfx_uarte_0_irq_handler  nrfx_uarte.o
    0x0002b88c   0x0002b88c   0x0000006c   Code   RO         2733    i.nrfx_uarte_init   nrfx_uarte.o
    0x0002b8f8   0x0002b8f8   0x00000104   Code   RO         2734    i.nrfx_uarte_rx     nrfx_uarte.o
    0x0002b9fc   0x0002b9fc   0x000000ac   Code   RO         2737    i.nrfx_uarte_tx     nrfx_uarte.o
    0x0002baa8   0x0002baa8   0x0000001c   Code   RO         2739    i.nrfx_uarte_tx_in_progress  nrfx_uarte.o
    0x0002bac4   0x0002bac4   0x00000004   Code   RO           18    i.nus_error_handler  main.o
    0x0002bac8   0x0002bac8   0x00000138   Code   RO         1159    i.on_characteristic_discovery_rsp  ble_db_discovery.o
    0x0002bc00   0x0002bc00   0x000000a8   Code   RO         1363    i.on_connected_evt  nrf_ble_gatt.o
    0x0002bca8   0x0002bca8   0x000000da   Code   RO         1160    i.on_descriptor_discovery_rsp  ble_db_discovery.o
    0x0002bd82   0x0002bd82   0x00000002   PAD
    0x0002bd84   0x0002bd84   0x000000ac   Code   RO         1364    i.on_exchange_mtu_request_evt  nrf_ble_gatt.o
    0x0002be30   0x0002be30   0x000000c0   Code   RO         1161    i.on_primary_srv_discovery_rsp  ble_db_discovery.o
    0x0002bef0   0x0002bef0   0x0000009c   Code   RO         1162    i.on_srv_disc_completion  ble_db_discovery.o
    0x0002bf8c   0x0002bf8c   0x00000018   Code   RO         2248    i.pin_in_use_by_port  nrfx_gpiote.o
    0x0002bfa4   0x0002bfa4   0x00000018   Code   RO         2249    i.pin_in_use_by_te  nrfx_gpiote.o
    0x0002bfbc   0x0002bfbc   0x0000003c   Code   RO         4837    i.postfix_process   nrf_log_str_formatter.o
    0x0002bff8   0x0002bff8   0x00000098   Code   RO         4838    i.prefix_process    nrf_log_str_formatter.o
    0x0002c090   0x0002c090   0x00000018   Code   RO         2483    i.prs_box_get       nrfx_prs.o
    0x0002c0a8   0x0002c0a8   0x00000118   Code   RO         1462    i.queue_process     nrf_ble_gq.o
    0x0002c1c0   0x0002c1c0   0x00000018   Code   RO         4185    i.queue_utilization_get  nrf_queue.o
    0x0002c1d8   0x0002c1d8   0x00000058   Code   RO         1463    i.queues_purge      nrf_ble_gq.o
    0x0002c230   0x0002c230   0x00000038   Code   RO         1163    i.registered_handler_get  ble_db_discovery.o
    0x0002c268   0x0002c268   0x00000048   Code   RO         1464    i.request_err_code_handle  nrf_ble_gq.o
    0x0002c2b0   0x0002c2b0   0x000000b4   Code   RO         1465    i.request_process   nrf_ble_gq.o
    0x0002c364   0x0002c364   0x0000005c   Code   RO         3206    i.rtc_irq           app_timer2.o
    0x0002c3c0   0x0002c3c0   0x00000064   Code   RO         3207    i.rtc_schedule      app_timer2.o
    0x0002c424   0x0002c424   0x00000074   Code   RO         3208    i.rtc_update        app_timer2.o
    0x0002c498   0x0002c498   0x00000032   Code   RO         2554    i.rx_byte           nrfx_uart.o
    0x0002c4ca   0x0002c4ca   0x00000016   Code   RO         2555    i.rx_done_event     nrfx_uart.o
    0x0002c4e0   0x0002c4e0   0x00000016   Code   RO         2741    i.rx_done_event     nrfx_uarte.o
    0x0002c4f6   0x0002c4f6   0x00000020   Code   RO         2556    i.rx_enable         nrfx_uart.o
    0x0002c516   0x0002c516   0x00000002   PAD
    0x0002c518   0x0002c518   0x000000a0   Code   RO           19    i.scan_evt_handler  main.o
    0x0002c5b8   0x0002c5b8   0x00000058   Code   RO           20    i.scan_init         main.o
    0x0002c610   0x0002c610   0x00000028   Code   RO           21    i.scan_start        main.o
    0x0002c638   0x0002c638   0x00000050   Code   RO         1748    i.sd_state_evt_handler  nrf_drv_clock.o
    0x0002c688   0x0002c688   0x00000030   Code   RO         5154    i.sdh_request_observer_notify  nrf_sdh.o
    0x0002c6b8   0x0002c6b8   0x0000002c   Code   RO         5155    i.sdh_state_observer_notify  nrf_sdh.o
    0x0002c6e4   0x0002c6e4   0x00000050   Code   RO         4516    i.serial_tx         nrf_log_backend_rtt.o
    0x0002c734   0x0002c734   0x00000020   Code   RO           22    i.shutdown_handler  main.o
    0x0002c754   0x0002c754   0x0000007c   Code   RO         4100    i.shutdown_process  nrf_pwr_mgmt.o
    0x0002c7d0   0x0002c7d0   0x00000018   Code   RO         1749    i.soc_evt_handler   nrf_drv_clock.o
    0x0002c7e8   0x0002c7e8   0x00000058   Code   RO         5157    i.softdevices_evt_irq_enable  nrf_sdh.o
    0x0002c840   0x0002c840   0x0000000c   Code   RO         3209    i.sortlist_pop      app_timer2.o
    0x0002c84c   0x0002c84c   0x00000030   Code   RO         2890    i.state_set         app_button.o
    0x0002c87c   0x0002c87c   0x0000008c   Code   RO         4673    i.std_n             nrf_log_frontend.o
    0x0002c908   0x0002c908   0x00000058   Code   RO         3210    i.timer_expire      app_timer2.o
    0x0002c960   0x0002c960   0x00000078   Code   RO         3211    i.timer_req_process  app_timer2.o
    0x0002c9d8   0x0002c9d8   0x00000038   Code   RO         3212    i.timer_req_schedule  app_timer2.o
    0x0002ca10   0x0002ca10   0x00000018   Code   RO         2891    i.timer_start       app_button.o
    0x0002ca28   0x0002ca28   0x000000ec   Code   RO           23    i.twi_bus_scan_print  main.o
    0x0002cb14   0x0002cb14   0x0000006c   Code   RO          579    i.twi_master_clear_bus  twi_sw_master.o
    0x0002cb80   0x0002cb80   0x0000008c   Code   RO          580    i.twi_master_clock_byte  twi_sw_master.o
    0x0002cc0c   0x0002cc0c   0x0000008c   Code   RO          581    i.twi_master_clock_byte_in  twi_sw_master.o
    0x0002cc98   0x0002cc98   0x0000002c   Code   RO          582    i.twi_master_init   twi_sw_master.o
    0x0002ccc4   0x0002ccc4   0x000000bc   Code   RO          583    i.twi_master_transfer  twi_sw_master.o
    0x0002cd80   0x0002cd80   0x00000024   Code   RO          584    i.twi_master_wait_while_scl_low  twi_sw_master.o
    0x0002cda4   0x0002cda4   0x00000020   Code   RO         2557    i.tx_byte           nrfx_uart.o
    0x0002cdc4   0x0002cdc4   0x0000001a   Code   RO         2558    i.tx_done_event     nrfx_uart.o
    0x0002cdde   0x0002cdde   0x0000001a   Code   RO         2742    i.tx_done_event     nrfx_uarte.o
    0x0002cdf8   0x0002cdf8   0x000000ec   Code   RO           24    i.uart_event_handle  main.o
    0x0002cee4   0x0002cee4   0x000000a4   Code   RO         3341    i.uart_event_handler  app_uart_fifo.o
    0x0002cf88   0x0002cf88   0x00000030   Code   RO         1883    i.uart_evt_handler  nrf_drv_uart.o
    0x0002cfb8   0x0002cfb8   0x0000012a   Code   RO         2559    i.uart_irq_handler  nrfx_uart.o
    0x0002d0e2   0x0002d0e2   0x0000001a   Code   RO           25    i.uart_puts_blocking  main.o
    0x0002d0fc   0x0002d0fc   0x00000030   Code   RO         1884    i.uarte_evt_handler  nrf_drv_uart.o
    0x0002d12c   0x0002d12c   0x00000112   Code   RO         2743    i.uarte_irq_handler  nrfx_uarte.o
    0x0002d23e   0x0002d23e   0x00000002   PAD
    0x0002d240   0x0002d240   0x000000b4   Code   RO         3981    i.unsigned_print    nrf_fprintf_format.o
    0x0002d2f4   0x0002d2f4   0x00000020   Code   RO         2892    i.usr_event         app_button.o
    0x0002d314   0x0002d314   0x0000003a   Code   RO          777    i.wakeup_button_cfg  bsp.o
    0x0002d34e   0x0002d34e   0x00000002   PAD
    0x0002d350   0x0002d350   0x00000014   Data   RO           31    .constdata          main.o
    0x0002d364   0x0002d364   0x0000000c   PAD
    0x0002d370   0x0002d370   0x00000030   Data   RO           32    .constdata          main.o
    0x0002d3a0   0x0002d3a0   0x00000006   Data   RO          585    .constdata          twi_sw_master.o
    0x0002d3a6   0x0002d3a6   0x00000008   Data   RO          674    .constdata          boards.o
    0x0002d3ae   0x0002d3ae   0x00000002   PAD
    0x0002d3b0   0x0002d3b0   0x0000002c   Data   RO          782    .constdata          bsp.o
    0x0002d3dc   0x0002d3dc   0x0000007c   Data   RO         1165    .constdata          ble_db_discovery.o
    0x0002d458   0x0002d458   0x00000016   Data   RO         1365    .constdata          nrf_ble_gatt.o
    0x0002d46e   0x0002d46e   0x00000002   PAD
    0x0002d470   0x0002d470   0x00000018   Data   RO         1466    .constdata          nrf_ble_gq.o
    0x0002d488   0x0002d488   0x00000010   Data   RO         1666    .constdata          ble_nus_c.o
    0x0002d498   0x0002d498   0x00000004   Data   RO         2251    .constdata          nrfx_gpiote.o
    0x0002d49c   0x0002d49c   0x00000004   Data   RO         2562    .constdata          nrfx_uart.o
    0x0002d4a0   0x0002d4a0   0x00000004   Data   RO         2746    .constdata          nrfx_uarte.o
    0x0002d4a4   0x0002d4a4   0x00000008   Data   RO         2895    .constdata          app_button.o
    0x0002d4ac   0x0002d4ac   0x00000014   Data   RO         3215    .constdata          app_timer2.o
    0x0002d4c0   0x0002d4c0   0x00000020   Data   RO         3343    .constdata          app_uart_fifo.o
    0x0002d4e0   0x0002d4e0   0x00000006   Data   RO         3507    .constdata          drv_rtc.o
    0x0002d4e6   0x0002d4e6   0x00000010   Data   RO         3982    .constdata          nrf_fprintf_format.o
    0x0002d4f6   0x0002d4f6   0x00000002   PAD
    0x0002d4f8   0x0002d4f8   0x00000018   Data   RO         4102    .constdata          nrf_pwr_mgmt.o
    0x0002d510   0x0002d510   0x0000000c   Data   RO         4103    .constdata          nrf_pwr_mgmt.o
    0x0002d51c   0x0002d51c   0x0000013c   Data   RO         4443    .constdata          nrf_strerror.o
    0x0002d658   0x0002d658   0x0000000c   Data   RO         4518    .constdata          nrf_log_backend_rtt.o
    0x0002d664   0x0002d664   0x0000000c   PAD
    0x0002d670   0x0002d670   0x00000006   Data   RO         4519    .constdata          nrf_log_backend_rtt.o
    0x0002d676   0x0002d676   0x00000002   PAD
    0x0002d678   0x0002d678   0x0000000c   Data   RO         4678    .constdata          nrf_log_frontend.o
    0x0002d684   0x0002d684   0x00000010   Data   RO         5158    .constdata          nrf_sdh.o
    0x0002d694   0x0002d694   0x00000028   Data   RO         5159    .constdata          nrf_sdh.o
    0x0002d6bc   0x0002d6bc   0x00000010   Data   RO         5160    .constdata          nrf_sdh.o
    0x0002d6cc   0x0002d6cc   0x00000010   Data   RO         5161    .constdata          nrf_sdh.o
    0x0002d6dc   0x0002d6dc   0x00000020   Data   RO         5269    .constdata          nrf_sdh_ble.o
    0x0002d6fc   0x0002d6fc   0x00000010   Data   RO         5270    .constdata          nrf_sdh_ble.o
    0x0002d70c   0x0002d70c   0x00000010   Data   RO         5320    .constdata          nrf_sdh_soc.o
    0x0002d71c   0x0002d71c   0x0000000c   Data   RO         5321    .constdata          nrf_sdh_soc.o
    0x0002d728   0x0002d728   0x00000081   Data   RO         5402    .constdata          mc_w.l(ctype_o.o)
    0x0002d7a9   0x0002d7a9   0x00000003   PAD
    0x0002d7ac   0x0002d7ac   0x00000004   Data   RO         5403    .constdata          mc_w.l(ctype_o.o)
    0x0002d7b0   0x0002d7b0   0x000000e9   Data   RO         1166    .conststring        ble_db_discovery.o
    0x0002d899   0x0002d899   0x00000003   PAD
    0x0002d89c   0x0002d89c   0x000000a2   Data   RO         1366    .conststring        nrf_ble_gatt.o
    0x0002d93e   0x0002d93e   0x00000002   PAD
    0x0002d940   0x0002d940   0x0000004a   Data   RO         1467    .conststring        nrf_ble_gq.o
    0x0002d98a   0x0002d98a   0x00000002   PAD
    0x0002d98c   0x0002d98c   0x000003eb   Data   RO         4444    .conststring        nrf_strerror.o
    0x0002dd77   0x0002dd77   0x00000001   PAD
    0x0002dd78   0x0002dd78   0x00000066   Data   RO         4839    .conststring        nrf_log_str_formatter.o
    0x0002ddde   0x0002ddde   0x00000002   PAD
    0x0002dde0   0x0002dde0   0x000001cf   Data   RO         5271    .conststring        nrf_sdh_ble.o
    0x0002dfaf   0x0002dfaf   0x00000001   PAD
    0x0002dfb0   0x0002dfb0   0x0000000c   Data   RO         1167    .conststrlit        ble_db_discovery.o
    0x0002dfbc   0x0002dfbc   0x0000000d   Data   RO         1367    .conststrlit        nrf_ble_gatt.o
    0x0002dfc9   0x0002dfc9   0x00000003   PAD
    0x0002dfcc   0x0002dfcc   0x0000000b   Data   RO         1468    .conststrlit        nrf_ble_gq.o
    0x0002dfd7   0x0002dfd7   0x00000001   PAD
    0x0002dfd8   0x0002dfd8   0x00000009   Data   RO         1553    .conststrlit        nrf_ble_scan.o
    0x0002dfe1   0x0002dfe1   0x00000003   PAD
    0x0002dfe4   0x0002dfe4   0x0000000a   Data   RO         1667    .conststrlit        ble_nus_c.o
    0x0002dfee   0x0002dfee   0x00000002   PAD
    0x0002dff0   0x0002dff0   0x00000006   Data   RO         1755    .conststrlit        nrf_drv_clock.o
    0x0002dff6   0x0002dff6   0x00000002   PAD
    0x0002dff8   0x0002dff8   0x00000006   Data   RO         2090    .conststrlit        nrfx_clock.o
    0x0002dffe   0x0002dffe   0x00000002   PAD
    0x0002e000   0x0002e000   0x00000007   Data   RO         2255    .conststrlit        nrfx_gpiote.o
    0x0002e007   0x0002e007   0x00000001   PAD
    0x0002e008   0x0002e008   0x00000004   Data   RO         2485    .conststrlit        nrfx_prs.o
    0x0002e00c   0x0002e00c   0x00000005   Data   RO         2565    .conststrlit        nrfx_uart.o
    0x0002e011   0x0002e011   0x00000003   PAD
    0x0002e014   0x0002e014   0x00000006   Data   RO         2749    .conststrlit        nrfx_uarte.o
    0x0002e01a   0x0002e01a   0x00000002   PAD
    0x0002e01c   0x0002e01c   0x0000000b   Data   RO         2896    .conststrlit        app_button.o
    0x0002e027   0x0002e027   0x00000001   PAD
    0x0002e028   0x0002e028   0x0000000a   Data   RO         3216    .conststrlit        app_timer2.o
    0x0002e032   0x0002e032   0x00000002   PAD
    0x0002e034   0x0002e034   0x00000009   Data   RO         4104    .conststrlit        nrf_pwr_mgmt.o
    0x0002e03d   0x0002e03d   0x00000003   PAD
    0x0002e040   0x0002e040   0x00000009   Data   RO         4390    .conststrlit        nrf_sortlist.o
    0x0002e049   0x0002e049   0x00000003   PAD
    0x0002e04c   0x0002e04c   0x00000010   Data   RO         4613    .conststrlit        nrf_log_default_backends.o
    0x0002e05c   0x0002e05c   0x00000004   Data   RO         4679    .conststrlit        nrf_log_frontend.o
    0x0002e060   0x0002e060   0x00000008   Data   RO         5162    .conststrlit        nrf_sdh.o
    0x0002e068   0x0002e068   0x0000000c   Data   RO         5272    .conststrlit        nrf_sdh_ble.o
    0x0002e074   0x0002e074   0x0000000c   Data   RO         5322    .conststrlit        nrf_sdh_soc.o
    0x0002e080   0x0002e080   0x00000020   Data   RO         5737    Region$$Table       anon$$obj.o
    0x0002e0a0   0x0002e0a0   0x00000010   Data   RO         4615    log_backends        nrf_log_default_backends.o
    0x0002e0b0   0x0002e0b0   0x00000008   Data   RO         1169    log_const_data      ble_db_discovery.o
    0x0002e0b8   0x0002e0b8   0x00000008   Data   RO         1368    log_const_data      nrf_ble_gatt.o
    0x0002e0c0   0x0002e0c0   0x00000008   Data   RO         1469    log_const_data      nrf_ble_gq.o
    0x0002e0c8   0x0002e0c8   0x00000008   Data   RO         1554    log_const_data      nrf_ble_scan.o
    0x0002e0d0   0x0002e0d0   0x00000008   Data   RO         1668    log_const_data      ble_nus_c.o
    0x0002e0d8   0x0002e0d8   0x00000008   Data   RO         1756    log_const_data      nrf_drv_clock.o
    0x0002e0e0   0x0002e0e0   0x00000008   Data   RO         2092    log_const_data      nrfx_clock.o
    0x0002e0e8   0x0002e0e8   0x00000008   Data   RO         2256    log_const_data      nrfx_gpiote.o
    0x0002e0f0   0x0002e0f0   0x00000008   Data   RO         2487    log_const_data      nrfx_prs.o
    0x0002e0f8   0x0002e0f8   0x00000008   Data   RO         2566    log_const_data      nrfx_uart.o
    0x0002e100   0x0002e100   0x00000008   Data   RO         2750    log_const_data      nrfx_uarte.o
    0x0002e108   0x0002e108   0x00000008   Data   RO         2898    log_const_data      app_button.o
    0x0002e110   0x0002e110   0x00000008   Data   RO         3219    log_const_data      app_timer2.o
    0x0002e118   0x0002e118   0x00000008   Data   RO         4106    log_const_data      nrf_pwr_mgmt.o
    0x0002e120   0x0002e120   0x00000008   Data   RO         4391    log_const_data      nrf_sortlist.o
    0x0002e128   0x0002e128   0x00000008   Data   RO         4682    log_const_data      nrf_log_frontend.o
    0x0002e130   0x0002e130   0x00000008   Data   RO         5164    log_const_data      nrf_sdh.o
    0x0002e138   0x0002e138   0x00000008   Data   RO         5274    log_const_data      nrf_sdh_ble.o
    0x0002e140   0x0002e140   0x00000008   Data   RO         5323    log_const_data      nrf_sdh_soc.o
    0x0002e148   0x0002e148   0x00000014   Data   RO           38    nrf_balloc          main.o
    0x0002e15c   0x0002e15c   0x00000014   Data   RO         4683    nrf_balloc          nrf_log_frontend.o
    0x0002e170   0x0002e170   0x00000014   Data   RO           39    nrf_queue           main.o
    0x0002e184   0x0002e184   0x00000004   Data   RO           40    pwr_mgmt_data1      main.o
    0x0002e188   0x0002e188   0x00000020   Data   RO           41    sdh_ble_observers1  main.o
    0x0002e1a8   0x0002e1a8   0x00000008   Data   RO          885    sdh_ble_observers1  bsp_btn_ble.o
    0x0002e1b0   0x0002e1b0   0x00000008   Data   RO           42    sdh_ble_observers2  main.o
    0x0002e1b8   0x0002e1b8   0x00000008   Data   RO           43    sdh_ble_observers3  main.o
    0x0002e1c0   0x0002e1c0   0x00000008   Data   RO         1757    sdh_soc_observers0  nrf_drv_clock.o
    0x0002e1c8   0x0002e1c8   0x00000008   Data   RO         5275    sdh_stack_observers0  nrf_sdh_ble.o
    0x0002e1d0   0x0002e1d0   0x00000008   Data   RO         5324    sdh_stack_observers0  nrf_sdh_soc.o
    0x0002e1d8   0x0002e1d8   0x00000008   Data   RO         1758    sdh_state_observers0  nrf_drv_clock.o


    Execution Region RW_IRAM1 (Exec base: 0x20002a28, Load base: 0x0002e1e0, Size: 0x00003670, Max: 0x0000d5d8, ABSOLUTE, COMPRESSED[0x00000068])

    Exec Addr    Load Addr    Size         Type   Attr      Idx    E Section Name        Object

    0x20002a28   COMPRESSED   0x000005ec   Data   RW           33    .data               main.o
    0x20003014   COMPRESSED   0x00000002   Data   RW           34    .data               main.o
    0x20003016   COMPRESSED   0x00000004   Data   RW           35    .data               main.o
    0x2000301a   COMPRESSED   0x00000008   Data   RW           36    .data               main.o
    0x20003022   COMPRESSED   0x00000002   PAD
    0x20003024   COMPRESSED   0x00000008   Data   RW           37    .data               main.o
    0x2000302c   COMPRESSED   0x00000001   Data   RW          464    .data               mpu6050.o
    0x2000302d   COMPRESSED   0x00000003   PAD
    0x20003030   COMPRESSED   0x00000010   Data   RW          783    .data               bsp.o
    0x20003040   COMPRESSED   0x00000008   Data   RW          884    .data               bsp_btn_ble.o
    0x20003048   COMPRESSED   0x00000010   Data   RW         1168    .data               ble_db_discovery.o
    0x20003058   COMPRESSED   0x0000000c   Data   RW         1885    .data               nrf_drv_uart.o
    0x20003064   COMPRESSED   0x00000008   Data   RW         2091    .data               nrfx_clock.o
    0x2000306c   COMPRESSED   0x00000008   Data   RW         2486    .data               nrfx_prs.o
    0x20003074   COMPRESSED   0x00000004   PAD
    0x20003078   COMPRESSED   0x00000018   Data   RW         2897    .data               app_button.o
    0x20003090   COMPRESSED   0x00000020   Data   RW         3217    .data               app_timer2.o
    0x200030b0   COMPRESSED   0x00000004   Data   RW         3218    .data               app_timer2.o
    0x200030b4   COMPRESSED   0x0000001c   Data   RW         3344    .data               app_uart_fifo.o
    0x200030d0   COMPRESSED   0x0000000c   Data   RW         3508    .data               drv_rtc.o
    0x200030dc   COMPRESSED   0x00000008   Data   RW         4105    .data               nrf_pwr_mgmt.o
    0x200030e4   COMPRESSED   0x00000004   Data   RW         4476    .data               retarget.o
    0x200030e8   COMPRESSED   0x00000001   Data   RW         4520    .data               nrf_log_backend_rtt.o
    0x200030e9   COMPRESSED   0x00000003   PAD
    0x200030ec   COMPRESSED   0x00000008   Data   RW         4614    .data               nrf_log_default_backends.o
    0x200030f4   COMPRESSED   0x00000008   Data   RW         4680    .data               nrf_log_frontend.o
    0x200030fc   COMPRESSED   0x00000008   Data   RW         4681    .data               nrf_log_frontend.o
    0x20003104   COMPRESSED   0x00000040   Data   RW         4840    .data               nrf_log_str_formatter.o
    0x20003144   COMPRESSED   0x00000003   Data   RW         5163    .data               nrf_sdh.o
    0x20003147   COMPRESSED   0x00000001   Data   RW         5273    .data               nrf_sdh_ble.o
    0x20003148   COMPRESSED   0x00000004   Data   RW         5363    .data               system_nrf52.o
    0x2000314c        -       0x00000370   Zero   RW           26    .bss                main.o
    0x200034bc        -       0x000000a0   Zero   RW           27    .bss                main.o
    0x2000355c        -       0x0000000c   Zero   RW           28    .bss                main.o
    0x20003568        -       0x0000000c   Zero   RW           29    .bss                main.o
    0x20003574        -       0x000000c0   Zero   RW           30    .bss                main.o
    0x20003634   COMPRESSED   0x00000004   PAD
    0x20003638        -       0x00000020   Zero   RW          778    .bss                bsp.o
    0x20003658        -       0x00000020   Zero   RW          779    .bss                bsp.o
    0x20003678        -       0x0000000c   Zero   RW          780    .bss                bsp.o
    0x20003684   COMPRESSED   0x00000004   PAD
    0x20003688        -       0x00000020   Zero   RW          781    .bss                bsp.o
    0x200036a8        -       0x00000018   Zero   RW         1164    .bss                ble_db_discovery.o
    0x200036c0        -       0x00000014   Zero   RW         1750    .bss                nrf_drv_clock.o
    0x200036d4        -       0x0000005c   Zero   RW         2250    .bss                nrfx_gpiote.o
    0x20003730        -       0x0000002c   Zero   RW         2560    .bss                nrfx_uart.o
    0x2000375c        -       0x00000024   Zero   RW         2744    .bss                nrfx_uarte.o
    0x20003780        -       0x00000020   Zero   RW         2893    .bss                app_button.o
    0x200037a0        -       0x00000010   Zero   RW         2894    .bss                app_button.o
    0x200037b0        -       0x00000010   Zero   RW         3213    .bss                app_timer2.o
    0x200037c0        -       0x00000058   Zero   RW         3214    .bss                app_timer2.o
    0x20003818        -       0x00000020   Zero   RW         3342    .bss                app_uart_fifo.o
    0x20003838        -       0x0000000c   Zero   RW         3423    .bss                app_util_platform.o
    0x20003844        -       0x0000000c   Zero   RW         4101    .bss                nrf_pwr_mgmt.o
    0x20003850        -       0x00000040   Zero   RW         4517    .bss                nrf_log_backend_rtt.o
    0x20003890        -       0x000000c0   Zero   RW         4674    .bss                nrf_log_frontend.o
    0x20003950        -       0x00000080   Zero   RW         4675    .bss                nrf_log_frontend.o
    0x200039d0        -       0x00000018   Zero   RW         4676    .bss                nrf_log_frontend.o
    0x200039e8        -       0x00000424   Zero   RW         4677    .bss                nrf_log_frontend.o
    0x20003e0c        -       0x00000288   Zero   RW         4916    .bss                segger_rtt.o
    0x20004094   COMPRESSED   0x00000004   PAD
    0x20004098        -       0x00002000   Zero   RW         5351    STACK               arm_startup_nrf52.o


==============================================================================

Image component sizes


      Code (inc. data)   RO Data    RW Data    ZI Data      Debug   Object Name

       664         66         27         24         48      18766   app_button.o
        22          0          0          0          0       2597   app_error.o
       132         46          0          0          0      30717   app_error_weak.o
       118          0          0          0          0       5502   app_fifo.o
       846         88         38         36        104      17909   app_timer2.o
       528         60         32         28         32      22146   app_uart_fifo.o
       124         14          0          0         12       9946   app_util_platform.o
        36          8        512          0       8192        976   arm_startup_nrf52.o
       246          0          0          0          0      52195   ble_advdata.o
      1966        156        377         16         24      34555   ble_db_discovery.o
       652         70         34          0          0      13248   ble_nus_c.o
       358         40          8          0          0      14703   boards.o
       998         84         44         16        108      16739   bsp.o
       252         10          8          8          0      55244   bsp_btn_ble.o
       696         76          6         12          0      47265   drv_rtc.o
      3266       1412        160       1538       1256     162014   main.o
       148         18          0          1          0       4626   mpu6050.o
       326          0          0          0          0       6415   nrf_atfifo.o
       294          0          0          0          0       8563   nrf_atomic.o
       164          0          0          0          0       3912   nrf_balloc.o
       950        272        205          0          0      38938   nrf_ble_gatt.o
      1122        114        117          0          0      11903   nrf_ble_gq.o
       950         44         17          0          0      16771   nrf_ble_scan.o
       276         34         30          0         20      38464   nrf_drv_clock.o
       200         26          0         12          0      18532   nrf_drv_uart.o
        50          0          0          0          0       3813   nrf_fprintf.o
       866          4         16          0          0       6910   nrf_fprintf_format.o
       112         18         18          1         64       6181   nrf_log_backend_rtt.o
       200          0          0          0          0      11141   nrf_log_backend_serial.o
        28          4         32          8          0       3553   nrf_log_default_backends.o
      1568        114         44         16       1404      34830   nrf_log_frontend.o
       570        108        102         64          0       6084   nrf_log_str_formatter.o
       346          0          0          0          0      10211   nrf_memobj.o
       292         42         53          8         12      38662   nrf_pwr_mgmt.o
       406          0          0          0          0       6911   nrf_queue.o
        28          0          0          0          0       2579   nrf_ringbuf.o
       384         46        104          3          0      40079   nrf_sdh.o
       724        232        539          1          0       6349   nrf_sdh_ble.o
        60          4         56          0          0       2684   nrf_sdh_soc.o
        78          0          0          0          0       3060   nrf_section_iter.o
        84          0         17          0          0       4537   nrf_sortlist.o
        76         10       1319          0          0       3027   nrf_strerror.o
       222         30         14          8          0      44550   nrfx_clock.o
      1222         92         19          0         92      61335   nrfx_gpiote.o
        94         16         12          8          0       4121   nrfx_prs.o
      1364         38         17          0         44      31989   nrfx_uart.o
      1286         36         18          0         36      26599   nrfx_uarte.o
        14          0          0          4          0       3090   retarget.o
       378         34          0          0        648       9637   segger_rtt.o
       796         70          0          4          0       3155   system_nrf52.o
         0          0          0          0          0       4744   twi_hw_master.o
       672         34          6          0          0      44096   twi_sw_master.o

    ----------------------------------------------------------------------
     27308       3570       4104       1828      12108    1076573   Object Totals
         0          0         32          0          0          0   (incl. Generated)
        54          0         71         12         12          0   (incl. Padding)

    ----------------------------------------------------------------------

      Code (inc. data)   RO Data    RW Data    ZI Data      Debug   Library Member Name

        86          0          0          0          0          0   __dczerorl2.o
         8          4        133          0          0         68   ctype_o.o
         0          0          0          0          0          0   entry.o
         0          0          0          0          0          0   entry10a.o
         0          0          0          0          0          0   entry11a.o
         8          4          0          0          0          0   entry2.o
         4          0          0          0          0          0   entry5.o
         0          0          0          0          0          0   entry7b.o
         0          0          0          0          0          0   entry8b.o
         8          4          0          0          0          0   entry9a.o
        30          0          0          0          0          0   handlers.o
        36          8          0          0          0         68   init.o
        30          0          0          0          0         68   llshl.o
        32          0          0          0          0         68   llushr.o
        26          0          0          0          0         80   memcmp.o
        36          0          0          0          0         68   memcpya.o
        36          0          0          0          0        108   memseta.o
      1224         58          0          0          0        504   printf8.o
        18          0          0          0          0         68   strcpy.o
        14          0          0          0          0         68   strlen.o
        98          0          0          0          0         92   uldiv.o

    ----------------------------------------------------------------------
      1700         78        136          0          0       1260   Library Totals
         6          0          3          0          0          0   (incl. Padding)

    ----------------------------------------------------------------------

      Code (inc. data)   RO Data    RW Data    ZI Data      Debug   Library Name

      1694         78        133          0          0       1260   mc_w.l

    ----------------------------------------------------------------------
      1700         78        136          0          0       1260   Library Totals

    ----------------------------------------------------------------------

==============================================================================


      Code (inc. data)   RO Data    RW Data    ZI Data      Debug   

     29008       3648       4240       1828      12108    1044045   Grand Totals
     29008       3648       4240        104      12108    1044045   ELF Image Totals (compressed)
     29008       3648       4240        104          0          0   ROM Totals

==============================================================================

    Total RO  Size (Code + RO Data)                33248 (  32.47kB)
    Total RW  Size (RW Data + ZI Data)             13936 (  13.61kB)
    Total ROM Size (Code + RO Data + RW Data)      33352 (  32.57kB)

==============================================================================

